Archive member included to satisfy reference by file (symbol)

c:/sysgcc/arm-eabi/bin/../lib/gcc/arm-eabi/6.2.0/thumb/cortex_m3\libgcc.a(_arm_addsubdf3.o)
                              BeeperTask.o (__aeabi_i2d)
c:/sysgcc/arm-eabi/bin/../lib/gcc/arm-eabi/6.2.0/thumb/cortex_m3\libgcc.a(_arm_muldivdf3.o)
                              BeeperTask.o (__aeabi_dmul)
c:/sysgcc/arm-eabi/bin/../lib/gcc/arm-eabi/6.2.0/thumb/cortex_m3\libgcc.a(_arm_fixdfsi.o)
                              BeeperTask.o (__aeabi_d2iz)
c:/sysgcc/arm-eabi/bin/../lib/gcc/arm-eabi/6.2.0/thumb/cortex_m3\libgcc.a(_aeabi_ldivmod.o)
                              hwlib.o (__aeabi_ldivmod)
c:/sysgcc/arm-eabi/bin/../lib/gcc/arm-eabi/6.2.0/thumb/cortex_m3\libgcc.a(_aeabi_uldivmod.o)
                              RunGameTask.o (__aeabi_uldivmod)
c:/sysgcc/arm-eabi/bin/../lib/gcc/arm-eabi/6.2.0/thumb/cortex_m3\libgcc.a(_udivmoddi4.o)
                              c:/sysgcc/arm-eabi/bin/../lib/gcc/arm-eabi/6.2.0/thumb/cortex_m3\libgcc.a(_aeabi_ldivmod.o) (__udivmoddi4)
c:/sysgcc/arm-eabi/bin/../lib/gcc/arm-eabi/6.2.0/thumb/cortex_m3\libgcc.a(_dvmd_tls.o)
                              c:/sysgcc/arm-eabi/bin/../lib/gcc/arm-eabi/6.2.0/thumb/cortex_m3\libgcc.a(_aeabi_ldivmod.o) (__aeabi_ldiv0)
c:/sysgcc/arm-eabi/bin/../lib/gcc/arm-eabi/6.2.0/../../../../arm-eabi/lib/thumb/cortex_m3\libc.a(lib_a-memcpy.o)
                              main.o (memcpy)

Allocating common symbols
Common symbol       size              file

__dso_handle        0x4               bmptk_cortex.o

Discarded input sections

 .group         0x00000000        0x8 Beeper.o
 .text          0x00000000        0x0 Beeper.o
 .data          0x00000000        0x0 Beeper.o
 .bss           0x00000000        0x0 Beeper.o
 .text._ZN3due11ad_pin_infoENS_7ad_pinsE
                0x00000000       0x1c Beeper.o
 .text._ZN3due11ad_seq_infoEm
                0x00000000       0x20 Beeper.o
 .text._ZN5hwlib19uart_char_availableEv
                0x00000000        0x4 Beeper.o
 .text._ZN5hwlib9uart_getcEv
                0x00000000        0x4 Beeper.o
 .rodata._ZZN3due11ad_pin_infoENS_7ad_pinsEE17ad_pin_info_array
                0x00000000        0xc Beeper.o
 .rodata._ZZN3due11ad_seq_infoEmE12ad_seq_array
                0x00000000       0x70 Beeper.o
 .group         0x00000000        0x8 BeeperTask.o
 .group         0x00000000        0x8 BeeperTask.o
 .group         0x00000000        0x8 BeeperTask.o
 .text          0x00000000        0x0 BeeperTask.o
 .data          0x00000000        0x0 BeeperTask.o
 .bss           0x00000000        0x0 BeeperTask.o
 .text._ZN6sam3xa10SystemInitEv
                0x00000000       0x80 BeeperTask.o
 .text._ZN3due8pin_infoENS_4pinsE
                0x00000000       0x20 BeeperTask.o
 .text._ZN3due11ad_pin_infoENS_7ad_pinsE
                0x00000000       0x1c BeeperTask.o
 .text._ZN3due11ad_seq_infoEm
                0x00000000       0x20 BeeperTask.o
 .text._ZN3due14port_registersEm
                0x00000000       0x48 BeeperTask.o
 .text._ZN3due12ticks_per_usEv
                0x00000000        0x6 BeeperTask.o
 .text._ZN3due9now_ticksEv
                0x00000000       0x70 BeeperTask.o
 .text._ZN5hwlib9uart_putcEc
                0x00000000        0x4 BeeperTask.o
 .text._ZN5hwlib19uart_char_availableEv
                0x00000000        0x4 BeeperTask.o
 .text._ZN5hwlib9uart_getcEv
                0x00000000        0x4 BeeperTask.o
 .bss._ZZN3due9now_ticksEvE4high
                0x00000000        0x8 BeeperTask.o
 .bss._ZZN3due9now_ticksEvE8last_low
                0x00000000        0x4 BeeperTask.o
 .bss._ZZN3due9now_ticksEvE9init_done
                0x00000000        0x1 BeeperTask.o
 .data._ZN6sam3xa15SystemCoreClockE
                0x00000000        0x4 BeeperTask.o
 .rodata._ZN3due8pin_infoENS_4pinsE.str1.1
                0x00000000       0x33 BeeperTask.o
 .rodata._ZZN3due11ad_pin_infoENS_7ad_pinsEE17ad_pin_info_array
                0x00000000        0xc BeeperTask.o
 .rodata._ZZN3due11ad_seq_infoEmE12ad_seq_array
                0x00000000       0x70 BeeperTask.o
 .rodata._ZZN3due8pin_infoENS_4pinsEE14pin_info_array
                0x00000000       0xa4 BeeperTask.o
 .group         0x00000000        0x8 RunGameTask.o
 .group         0x00000000        0x8 RunGameTask.o
 .group         0x00000000        0x8 RunGameTask.o
 .group         0x00000000        0x8 RunGameTask.o
 .group         0x00000000        0x8 RunGameTask.o
 .group         0x00000000        0x8 RunGameTask.o
 .group         0x00000000        0x8 RunGameTask.o
 .group         0x00000000        0x8 RunGameTask.o
 .group         0x00000000        0x8 RunGameTask.o
 .group         0x00000000        0x8 RunGameTask.o
 .group         0x00000000        0x8 RunGameTask.o
 .group         0x00000000        0x8 RunGameTask.o
 .group         0x00000000        0x8 RunGameTask.o
 .group         0x00000000        0x8 RunGameTask.o
 .text          0x00000000        0x0 RunGameTask.o
[...]
Memory Configuration

Name             Origin             Length             Attributes
rom              0x00000000         0x00080000         xr
ram              0x20000000         0x00018000         xrw
nul              0x20018000         0x00000000         xrw
*default*        0x00000000         0xffffffff

Linker script and memory map

LOAD c:/sysgcc/arm-eabi/bin/../lib/gcc/arm-eabi/6.2.0/thumb/cortex_m3\libgcc.a
LOAD Beeper.o
LOAD BeeperTask.o
LOAD RunGameTask.o
LOAD IRSendTask.o
LOAD IR_LED.o
LOAD Register_entity.o
LOAD HP_entity.o
LOAD OLED_Controller.o
LOAD KeyPadTask.o
LOAD IRReceiveTask.o
LOAD IR_Receiver.o
LOAD Keypad.o
LOAD hwlib.o
LOAD switch_to.o
LOAD coroutine.o
LOAD rtos.o
LOAD main.o
LOAD bmptk_cortex.o
LOAD bmptk_heap_bmptk.o
LOAD bmptk_fixed_size_stack.o
LOAD c:/sysgcc/arm-eabi/bin/../lib/gcc/arm-eabi/6.2.0/../../../../arm-eabi/lib/thumb/cortex_m3\libm.a
LOAD c:/sysgcc/arm-eabi/bin/../lib/gcc/arm-eabi/6.2.0/thumb/cortex_m3\libgcc.a
LOAD c:/sysgcc/arm-eabi/bin/../lib/gcc/arm-eabi/6.2.0/../../../../arm-eabi/lib/thumb/cortex_m3\libc.a
                0x00000000                __rom_start = ORIGIN (rom)
                0x00080000                __rom_size = LENGTH (rom)
                0x00080000                __rom_end = (__rom_start + __rom_size)
                0x20000000                __ram_start = ORIGIN (ram)
                0x00018000                __ram_size = LENGTH (ram)
                0x20018000                __ram_end = (__ram_start + __ram_size)
                [!provide]                PROVIDE (__rom_start, __rom_start)
                [!provide]                PROVIDE (__rom_size, __rom_size)
                [!provide]                PROVIDE (__rom_end, __rom_end)
                [!provide]                PROVIDE (__ram_start, __ram_start)
                [!provide]                PROVIDE (__ram_size, __ram_size)
                [!provide]                PROVIDE (__ram_end, __ram_end)

.text           0x00000000     0x5a7c
                0x00000000                . = ALIGN (0x4)
                0x00000000                __text_start = .
                [!provide]                PROVIDE (__text_start, __text_start)
                0x00000000                . = ALIGN (0x4)
 *(.vectors)
 .vectors       0x00000000       0x20 bmptk_cortex.o
                0x00000000                __vectors
                0x00000020                . = ALIGN (0x4)
 *(.text .text.* .gnu.linkonce.t.*)
 .text._ZN6sam3xa10SystemInitEv
                0x00000020       0x80 Beeper.o
                0x00000020                _ZN6sam3xa10SystemInitEv
 .text._ZN3due8pin_infoENS_4pinsE
                0x000000a0       0x20 Beeper.o
                0x000000a0                _ZN3due8pin_infoENS_4pinsE
 .text._ZN3due14port_registersEm
                0x000000c0       0x48 Beeper.o
                0x000000c0                _ZN3due14port_registersEm
 .text._ZN3due12ticks_per_usEv
                0x00000108        0x6 Beeper.o
                0x00000108                _ZN3due12ticks_per_usEv
 *fill*         0x0000010e        0x2 
 .text._ZN3due9now_ticksEv
                0x00000110       0x70 Beeper.o
                0x00000110                _ZN3due9now_ticksEv
 .text._ZN5hwlib9uart_putcEc
                0x00000180        0x4 Beeper.o
                0x00000180                _ZN5hwlib9uart_putcEc
 .text._ZN6BeeperC2ERN5hwlib7pin_outE
                0x00000184        0x4 Beeper.o
                0x00000184                _ZN6BeeperC2ERN5hwlib7pin_outE
                0x00000184                _ZN6BeeperC1ERN5hwlib7pin_outE
 .text._ZN6Beeper5awaitEy
                0x00000188       0x14 Beeper.o
                0x00000188                _ZN6Beeper5awaitEy
 .text._ZN6Beeper4beepEiii
                0x0000019c       0x90 Beeper.o
                0x0000019c                _ZN6Beeper4beepEiii
 .text._ZN17Beeper_ControllerC2ER6Beeper
                0x0000022c       0xa8 BeeperTask.o
                0x0000022c                _ZN17Beeper_ControllerC2ER6Beeper
                0x0000022c                _ZN17Beeper_ControllerC1ER6Beeper
 .text._ZN17Beeper_Controller12setSoundPoolEi
                0x000002d4       0x28 BeeperTask.o
                0x000002d4                _ZN17Beeper_Controller12setSoundPoolEi
 .text._ZN17Beeper_Controller12getSoundPoolEv
                0x000002fc       0x28 BeeperTask.o
                0x000002fc                _ZN17Beeper_Controller12getSoundPoolEv
 .text._ZN17Beeper_Controller14resetSoundPoolEv
                0x00000324       0x28 BeeperTask.o
                0x00000324                _ZN17Beeper_Controller14resetSoundPoolEv
 .text._ZN17Beeper_Controller10shootSoundEv
                0x0000034c       0x18 BeeperTask.o
                0x0000034c                _ZN17Beeper_Controller10shootSoundEv
 *fill*         0x00000364        0x4 
 .text._ZN17Beeper_Controller13gameOverSoundEv
                0x00000368      0x110 BeeperTask.o
                0x00000368                _ZN17Beeper_Controller13gameOverSoundEv
 .text._ZN17Beeper_Controller8hitSoundEv
                0x00000478       0x4c BeeperTask.o
                0x00000478                _ZN17Beeper_Controller8hitSoundEv
 .text.startup._ZN17Beeper_Controller4mainEv
                0x000004c4       0x48 BeeperTask.o
                0x000004c4                _ZN17Beeper_Controller4mainEv
 .text._ZN17Beeper_Controller12setSoundFlagEv
                0x0000050c        0xa BeeperTask.o
                0x0000050c                _ZN17Beeper_Controller12setSoundFlagEv
 .text._ZN5hwlib7ostream6fillerEi
                0x00000516       0x1a RunGameTask.o
                0x00000516                _ZN5hwlib7ostream6fillerEi
 .text._ZN5hwliblsERNS_7ostreamEPKc
                0x00000530       0x54 RunGameTask.o
                0x00000530                _ZN5hwliblsERNS_7ostreamEPKc
 .text._ZN4rtos7channelIiLi10EE4readEv.part.7
                0x00000584       0x28 RunGameTask.o
 .text._ZN4rtos8waitable5clearEv
                0x000005ac        0xa RunGameTask.o
                0x000005ac                _ZN4rtos8waitable5clearEv
 .text._ZN4rtos7channelIcLi10EE5clearEv
                0x000005b6       0x10 RunGameTask.o
                0x000005b6                _ZN4rtos7channelIcLi10EE5clearEv
 .text._ZN4rtos7channelIiLi10EE5clearEv
                0x000005c6       0x10 RunGameTask.o
                0x000005c6                _ZN4rtos7channelIiLi10EE5clearEv
 .text._ZN4rtos8waitable3setEv
                0x000005d6        0xa RunGameTask.o
                0x000005d6                _ZN4rtos8waitable3setEv
 .text._ZN19Run_Game_ControllerC2ER17Beeper_ControllerR18IR_Send_ControllerR15OLED_ControllerR15Register_entityR9HP_entity
                0x000005e0      0x100 RunGameTask.o
                0x000005e0                _ZN19Run_Game_ControllerC1ER17Beeper_ControllerR18IR_Send_ControllerR15OLED_ControllerR15Register_entityR9HP_entity
                0x000005e0                _ZN19Run_Game_ControllerC2ER17Beeper_ControllerR18IR_Send_ControllerR15OLED_ControllerR15Register_entityR9HP_entity
 .text._ZN19Run_Game_Controller18setKeyValueChannelEc
                0x000006e0       0x38 RunGameTask.o
                0x000006e0                _ZN19Run_Game_Controller18setKeyValueChannelEc
 .text._ZN19Run_Game_Controller17setKeyPressedFlagEv
                0x00000718        0xa RunGameTask.o
                0x00000718                _ZN19Run_Game_Controller17setKeyPressedFlagEv
 .text._ZN19Run_Game_Controller14setReceiveFlagEv
                0x00000722        0x8 RunGameTask.o
                0x00000722                _ZN19Run_Game_Controller14setReceiveFlagEv
 *fill*         0x0000072a        0x2 
 .text._ZN19Run_Game_Controller10timePassedEi
                0x0000072c       0x2c RunGameTask.o
                0x0000072c                _ZN19Run_Game_Controller10timePassedEi
 .text._ZN19Run_Game_Controller14charArrayToIntEPci
                0x00000758       0x1c RunGameTask.o
                0x00000758                _ZN19Run_Game_Controller14charArrayToIntEPci
 .text._ZN19Run_Game_Controller9countDownEi
                0x00000774       0x20 RunGameTask.o
                0x00000774                _ZN19Run_Game_Controller9countDownEi
 .text._ZN4rtos7channelIcLi10EE4readEv
                0x00000794       0x48 RunGameTask.o
                0x00000794                _ZN4rtos7channelIcLi10EE4readEv
 .text._ZN4rtos7channelIiLi10EE4readEv
                0x000007dc       0x48 RunGameTask.o
                0x000007dc                _ZN4rtos7channelIiLi10EE4readEv
 .text.startup._ZN19Run_Game_Controller4mainEv
                0x00000824      0x3b6 RunGameTask.o
                0x00000824                _ZN19Run_Game_Controller4mainEv
 .text._ZN4rtos7channelIiLi10EE5writeEi
                0x00000bda       0x32 RunGameTask.o
                0x00000bda                _ZN4rtos7channelIiLi10EE5writeEi
 .text._ZN19Run_Game_Controller19setMessageChannelPNEi
                0x00000c0c        0xe RunGameTask.o
                0x00000c0c                _ZN19Run_Game_Controller19setMessageChannelPNEi
 .text._ZN19Run_Game_Controller21setMessageChannelDataEi
                0x00000c1a        0xe RunGameTask.o
                0x00000c1a                _ZN19Run_Game_Controller21setMessageChannelDataEi
 .text._ZN18IR_Send_ControllerC2ER6IR_LEDR15Register_entity
                0x00000c28       0x94 IRSendTask.o
                0x00000c28                _ZN18IR_Send_ControllerC1ER6IR_LEDR15Register_entity
                0x00000c28                _ZN18IR_Send_ControllerC2ER6IR_LEDR15Register_entity
 .text._ZN18IR_Send_Controller11send_signalEi
                0x00000cbc       0x58 IRSendTask.o
                0x00000cbc                _ZN18IR_Send_Controller11send_signalEi
 .text._ZN18IR_Send_Controller13encode_signalEi
                0x00000d14       0x38 IRSendTask.o
                0x00000d14                _ZN18IR_Send_Controller13encode_signalEi
 .text._ZN18IR_Send_Controller14setSendChannelEi
                0x00000d4c       0x40 IRSendTask.o
                0x00000d4c                _ZN18IR_Send_Controller14setSendChannelEi
 .text._ZN18IR_Send_Controller11setSendFlagEv
                0x00000d8c        0x8 IRSendTask.o
                0x00000d8c                _ZN18IR_Send_Controller11setSendFlagEv
 .text.startup._ZN18IR_Send_Controller4mainEv
                0x00000d94       0x50 IRSendTask.o
                0x00000d94                _ZN18IR_Send_Controller4mainEv
 .text._ZN6IR_LEDC2ERN3due8d2_36kHzE
                0x00000de4       0x12 IR_LED.o
                0x00000de4                _ZN6IR_LEDC1ERN3due8d2_36kHzE
                0x00000de4                _ZN6IR_LEDC2ERN3due8d2_36kHzE
 .text._ZN6IR_LED3setEi
                0x00000df6       0x10 IR_LED.o
                0x00000df6                _ZN6IR_LED3setEi
 .text._ZN15Register_entityC2Eiii
                0x00000e06        0x8 Register_entity.o
                0x00000e06                _ZN15Register_entityC2Eiii
                0x00000e06                _ZN15Register_entityC1Eiii
 .text._ZN15Register_entity5getFPEv
                0x00000e0e        0x4 Register_entity.o
                0x00000e0e                _ZN15Register_entity5getFPEv
 .text._ZN15Register_entity5getPNEv
                0x00000e12        0x4 Register_entity.o
                0x00000e12                _ZN15Register_entity5getPNEv
 .text._ZN15Register_entity5getDUEv
                0x00000e16        0x4 Register_entity.o
                0x00000e16                _ZN15Register_entity5getDUEv
 .text._ZN15Register_entity5setFPEi
                0x00000e1a        0x4 Register_entity.o
                0x00000e1a                _ZN15Register_entity5setFPEi
 .text._ZN15Register_entity5setPNEi
                0x00000e1e        0x4 Register_entity.o
                0x00000e1e                _ZN15Register_entity5setPNEi
 .text._ZN15Register_entity5setDUEi
                0x00000e22        0x4 Register_entity.o
                0x00000e22                _ZN15Register_entity5setDUEi
 .text._ZN9HP_entityC2Ei
                0x00000e26        0x4 HP_entity.o
                0x00000e26                _ZN9HP_entityC2Ei
                0x00000e26                _ZN9HP_entityC1Ei
 .text._ZN9HP_entity5getHPEv
                0x00000e2a        0x4 HP_entity.o
                0x00000e2a                _ZN9HP_entity5getHPEv
 .text._ZN9HP_entity5setHPEi
                0x00000e2e        0x4 HP_entity.o
                0x00000e2e                _ZN9HP_entity5setHPEi
 .text._ZN5hwlib7ostreamlsEc
                0x00000e32        0xe OLED_Controller.o
                0x00000e32                _ZN5hwlib7ostreamlsEc
 .text._ZN5hwliblsERNS_7ostreamEi
                0x00000e40       0xd6 OLED_Controller.o
                0x00000e40                _ZN5hwliblsERNS_7ostreamEi
 .text._ZN15OLED_ControllerC2ERN5hwlib18glcd_oled_bufferedERNS0_14window_ostreamES4_S4_
                0x00000f16       0x24 OLED_Controller.o
                0x00000f16                _ZN15OLED_ControllerC1ERN5hwlib18glcd_oled_bufferedERNS0_14window_ostreamES4_S4_
                0x00000f16                _ZN15OLED_ControllerC2ERN5hwlib18glcd_oled_bufferedERNS0_14window_ostreamES4_S4_
 .text._ZN15OLED_Controller5flushEv
                0x00000f3a        0x8 OLED_Controller.o
                0x00000f3a                _ZN15OLED_Controller5flushEv
 .text._ZN15OLED_Controller5clearEv
                0x00000f42        0x8 OLED_Controller.o
                0x00000f42                _ZN15OLED_Controller5clearEv
 *fill*         0x00000f4a        0x2 
 .text._ZN15OLED_Controller17printPlayerNumberEi
                0x00000f4c       0x38 OLED_Controller.o
                0x00000f4c                _ZN15OLED_Controller17printPlayerNumberEi
 .text._ZN15OLED_Controller10printHP_DUEii
                0x00000f84       0x50 OLED_Controller.o
                0x00000f84                _ZN15OLED_Controller10printHP_DUEii
 .text._ZN15OLED_Controller13printGameOverEv
                0x00000fd4       0x2c OLED_Controller.o
                0x00000fd4                _ZN15OLED_Controller13printGameOverEv
 .text._ZN15OLED_Controller14printstartInitEv
                0x00001000       0x30 OLED_Controller.o
                0x00001000                _ZN15OLED_Controller14printstartInitEv
 .text._ZN15OLED_Controller22printPlayerNumberSetupEv
                0x00001030       0x24 OLED_Controller.o
                0x00001030                _ZN15OLED_Controller22printPlayerNumberSetupEv
 .text._ZN15OLED_Controller19printFirePowerSetupEv
                0x00001054       0x24 OLED_Controller.o
                0x00001054                _ZN15OLED_Controller19printFirePowerSetupEv
 .text._ZN15OLED_Controller22printWaitingForCommandEv
                0x00001078       0x30 OLED_Controller.o
                0x00001078                _ZN15OLED_Controller22printWaitingForCommandEv
 .text._ZN15OLED_Controller12printCommandEi
                0x000010a8       0x24 OLED_Controller.o
                0x000010a8                _ZN15OLED_Controller12printCommandEi
 .text._ZN15OLED_Controller14printIndicatorEcc
                0x000010cc       0x3c OLED_Controller.o
                0x000010cc                _ZN15OLED_Controller14printIndicatorEcc
 .text.startup._ZN17keyPad_Controller4mainEv
                0x00001108       0x4c KeyPadTask.o
                0x00001108                _ZN17keyPad_Controller4mainEv
 .text._ZN17keyPad_ControllerC2ER6KeypadR19Run_Game_Controller
                0x00001154       0x7c KeyPadTask.o
                0x00001154                _ZN17keyPad_ControllerC1ER6KeypadR19Run_Game_Controller
                0x00001154                _ZN17keyPad_ControllerC2ER6KeypadR19Run_Game_Controller
 .text._ZN22IR_Receiver_ControllerC2ER11IR_ReceiverR19Run_Game_Controller
                0x000011d0       0x7c IRReceiveTask.o
                0x000011d0                _ZN22IR_Receiver_ControllerC2ER11IR_ReceiverR19Run_Game_Controller
                0x000011d0                _ZN22IR_Receiver_ControllerC1ER11IR_ReceiverR19Run_Game_Controller
 .text._ZN22IR_Receiver_Controller3getEv
                0x0000124c      0x14c IRReceiveTask.o
                0x0000124c                _ZN22IR_Receiver_Controller3getEv
 .text.startup._ZN22IR_Receiver_Controller4mainEv
                0x00001398       0x50 IRReceiveTask.o
                0x00001398                _ZN22IR_Receiver_Controller4mainEv
 .text._ZN11IR_Receiver3getEv
                0x000013e8        0xa IR_Receiver.o
                0x000013e8                _ZN11IR_Receiver3getEv
 .text._ZN11IR_Receiver5setupEv
                0x000013f2       0x26 IR_Receiver.o
                0x000013f2                _ZN11IR_Receiver5setupEv
 .text._ZN11IR_ReceiverC2ERN3due6pin_inERNS0_7pin_outES4_
                0x00001418       0x18 IR_Receiver.o
                0x00001418                _ZN11IR_ReceiverC1ERN3due6pin_inERNS0_7pin_outES4_
                0x00001418                _ZN11IR_ReceiverC2ERN3due6pin_inERNS0_7pin_outES4_
 .text._ZN5hwlib7istream11getc_nowaitEv
                0x00001430       0x1a Keypad.o
                0x00001430                _ZN5hwlib7istream11getc_nowaitEv
 .text._ZN5hwlib6keypadILi16EE4getcEv
                0x0000144a       0x24 Keypad.o
                0x0000144a                _ZN5hwlib6keypadILi16EE4getcEv
 .text._ZN5hwlib6keypadILi16EE14char_availableEv
                0x0000146e       0xa0 Keypad.o
                0x0000146e                _ZN5hwlib6keypadILi16EE14char_availableEv
 *fill*         0x0000150e        0x2 
 .text._ZN6KeypadC2EN5hwlib6keypadILi16EEE
                0x00001510       0x34 Keypad.o
                0x00001510                _ZN6KeypadC2EN5hwlib6keypadILi16EEE
                0x00001510                _ZN6KeypadC1EN5hwlib6keypadILi16EEE
 .text._ZN6Keypad3getEv
                0x00001544        0x8 Keypad.o
                0x00001544                _ZN6Keypad3getEv
 .text._ZN5hwlib6pin_in7refreshEv
                0x0000154c        0x2 hwlib.o
                0x0000154c                _ZN5hwlib6pin_in7refreshEv
 .text._ZN5hwlib7pin_out5flushEv
                0x0000154e        0x2 hwlib.o
                0x0000154e                _ZN5hwlib7pin_out5flushEv
 .text._ZN5hwlib6pin_oc7refreshEv
                0x00001550        0x2 hwlib.o
                0x00001550                _ZN5hwlib6pin_oc7refreshEv
 .text._ZN5hwlib6pin_oc5flushEv
                0x00001552        0x2 hwlib.o
                0x00001552                _ZN5hwlib6pin_oc5flushEv
 .text._ZN5hwlib7ostream5flushEv
                0x00001554        0x2 hwlib.o
                0x00001554                _ZN5hwlib7ostream5flushEv
 .text._ZN5hwlib19_pin_in_dummy_class3getENS_9bufferingE
                0x00001556        0x4 hwlib.o
                0x00001556                _ZN5hwlib19_pin_in_dummy_class3getENS_9bufferingE
 .text._ZN5hwlib19_pin_oc_dummy_class3setEbNS_9bufferingE
                0x0000155a        0x2 hwlib.o
                0x0000155a                _ZN5hwlib19_pin_oc_dummy_class3setEbNS_9bufferingE
 .text._ZN5hwlib19_pin_oc_dummy_class3getENS_9bufferingE
                0x0000155c        0x4 hwlib.o
                0x0000155c                _ZN5hwlib19_pin_oc_dummy_class3getENS_9bufferingE
 .text._ZNK5hwlib9image_8x818get_implementationENS_8locationE
                0x00001560       0x44 hwlib.o
                0x00001560                _ZNK5hwlib9image_8x818get_implementationENS_8locationE
 .text._ZN5hwliblsERNS_7ostreamEx
                0x000015a4      0x10a hwlib.o
                0x000015a4                _ZN5hwliblsERNS_7ostreamEx
 .text._ZN5hwlib5panicEPKcj
                0x000016ae        0x2 hwlib.o
                0x000016ae                _ZN5hwlib5panicEPKcj
 .text._ZN5hwlib6window5writeENS_8locationENS_5colorENS_9bufferingE
                0x000016b0       0x38 hwlib.o
                0x000016b0                _ZN5hwlib6window5writeENS_8locationENS_5colorENS_9bufferingE
 .text._ZN3due9uart_initEv
                0x000016e8       0x60 hwlib.o
                0x000016e8                _ZN3due9uart_initEv
 .text._ZN3due9uart_putcEc
                0x00001748       0x1c hwlib.o
                0x00001748                _ZN3due9uart_putcEc
 .text._ZN5hwlib20cout_using_uart_putc4putcEc
                0x00001764        0xa hwlib.o
                0x00001764                _ZN5hwlib20cout_using_uart_putc4putcEc
 .text._ZN5hwlib6now_usEv
                0x0000176e       0x1c hwlib.o
                0x0000176e                _ZN5hwlib6now_usEv
 .text._ZN5hwlib12wait_us_busyEi
                0x0000178a       0x1c hwlib.o
                0x0000178a                _ZN5hwlib12wait_us_busyEi
 *fill*         0x000017a6        0x2 
 .text          0x000017a8       0x24 switch_to.o
                0x000017a8                switch_from_to
 .text._ZN4rtos8callback6cancelEv
                0x000017cc        0xa rtos.o
                0x000017cc                _ZN4rtos8callback6cancelEv
 .text._ZN5hwliblsERNS_7ostreamEj
                0x000017d6        0xc rtos.o
                0x000017d6                _ZN5hwliblsERNS_7ostreamEj
 .text._Z6strlenPKc
                0x000017e2       0x10 rtos.o
                0x000017e2                _Z6strlenPKc
 .text._Z6strcpyPcPKc
                0x000017f2       0x14 rtos.o
                0x000017f2                _Z6strcpyPcPKc
 .text._Z15string_allocatePKc
                0x00001806       0x26 rtos.o
                0x00001806                _Z15string_allocatePKc
 .text._Z12nr_from_maskj
                0x0000182c       0x1a rtos.o
                0x0000182c                _Z12nr_from_maskj
 *fill*         0x00001846        0x2 
 .text._Z15task_trampolinev
                0x00001848       0x34 rtos.o
                0x00001848                _Z15task_trampolinev
 .text._ZN4rtos9task_base7releaseEv
                0x0000187c       0x24 rtos.o
                0x0000187c                _ZN4rtos9task_base7releaseEv
 .text._ZN4rtos9task_base7suspendEv
                0x000018a0        0x8 rtos.o
                0x000018a0                _ZN4rtos9task_base7suspendEv
 .text._ZN4rtos9task_base6resumeEv
                0x000018a8        0x8 rtos.o
                0x000018a8                _ZN4rtos9task_base6resumeEv
 .text._ZN4rtos9task_base7unblockEv
                0x000018b0       0x14 rtos.o
                0x000018b0                _ZN4rtos9task_base7unblockEv
 .text._ZN4rtos9task_base5blockEv
                0x000018c4       0x70 rtos.o
                0x000018c4                _ZN4rtos9task_base5blockEv
 .text._ZNK4rtos9task_base5printERN5hwlib7ostreamEb
                0x00001934      0x158 rtos.o
                0x00001934                _ZNK4rtos9task_base5printERN5hwlib7ostreamEb
 .text._ZNK4rtos5eventeqERKS0_
                0x00001a8c       0x3c rtos.o
                0x00001a8c                _ZNK4rtos5eventeqERKS0_
 .text._ZNK4rtos5eventeqERKNS_8waitableE
                0x00001ac8       0x1a rtos.o
                0x00001ac8                _ZNK4rtos5eventeqERKNS_8waitableE
 *fill*         0x00001ae2        0x2 
 .text._ZNK4rtos4flag5printERN5hwlib7ostreamEb
                0x00001ae4       0xcc rtos.o
                0x00001ae4                _ZNK4rtos4flag5printERN5hwlib7ostreamEb
 .text._ZN4rtos5timer3setEm
                0x00001bb0        0xe rtos.o
                0x00001bb0                _ZN4rtos5timer3setEm
 *fill*         0x00001bbe        0x2 
 .text._ZNK4rtos5timer5printERN5hwlib7ostreamEb
                0x00001bc0       0xd0 rtos.o
                0x00001bc0                _ZNK4rtos5timer5printERN5hwlib7ostreamEb
 .text._ZNK4rtos5clock5printERN5hwlib7ostreamEb
                0x00001c90       0xd4 rtos.o
                0x00001c90                _ZNK4rtos5clock5printERN5hwlib7ostreamEb
 .text._ZN4rtos12waitable_set17waitable_allocateEv
                0x00001d64       0x38 rtos.o
                0x00001d64                _ZN4rtos12waitable_set17waitable_allocateEv
 .text._ZN4rtos8waitableC2EPNS_9task_baseEPKc
                0x00001d9c       0x2c rtos.o
                0x00001d9c                _ZN4rtos8waitableC1EPNS_9task_baseEPKc
                0x00001d9c                _ZN4rtos8waitableC2EPNS_9task_baseEPKc
 .text._ZN4rtos12waitable_set3setERKNS_8waitableE
                0x00001dc8       0x14 rtos.o
                0x00001dc8                _ZN4rtos12waitable_set3setERKNS_8waitableE
 .text._ZN4rtos5timer7time_upEv
                0x00001ddc       0x10 rtos.o
                0x00001ddc                _ZN4rtos5timer7time_upEv
                0x00001de6                _ZThn16_N4rtos5timer7time_upEv
 .text._ZN4rtos4flag3setEv
                0x00001dec       0x10 rtos.o
                0x00001dec                _ZN4rtos4flag3setEv
 .text._ZN4rtos12waitable_set5clearERKNS_8waitableE
                0x00001dfc        0xc rtos.o
                0x00001dfc                _ZN4rtos12waitable_set5clearERKNS_8waitableE
 .text._ZN4rtos5timer6cancelEv
                0x00001e08       0x16 rtos.o
                0x00001e08                _ZN4rtos5timer6cancelEv
 .text._ZThn16_N4rtos5timer6cancelEv
                0x00001e1e        0x8 rtos.o
                0x00001e1e                _ZThn16_N4rtos5timer6cancelEv
 *fill*         0x00001e26        0x2 
 .text._ZN4rtos12waitable_set4waitEj
                0x00001e28       0x64 rtos.o
                0x00001e28                _ZN4rtos12waitable_set4waitEj
 .text._ZN4rtos5mutex4waitEv
                0x00001e8c       0x30 rtos.o
                0x00001e8c                _ZN4rtos5mutex4waitEv
 .text._ZN4rtos5mutex6signalEv
                0x00001ebc       0x50 rtos.o
                0x00001ebc                _ZN4rtos5mutex6signalEv
 .text._ZNK4rtos5mutex5printERN5hwlib7ostreamEb
                0x00001f0c       0xec rtos.o
                0x00001f0c                _ZNK4rtos5mutex5printERN5hwlib7ostreamEb
 .text._ZNK4rtos12channel_base5printERN5hwlib7ostreamEb
                0x00001ff8       0xe0 rtos.o
                0x00001ff8                _ZNK4rtos12channel_base5printERN5hwlib7ostreamEb
 .text._ZNK4rtos9pool_base5printERN5hwlib7ostreamEb
                0x000020d8       0x78 rtos.o
                0x000020d8                _ZNK4rtos9pool_base5printERN5hwlib7ostreamEb
 .text._ZNK4rtos12mailbox_base5printERN5hwlib7ostreamEb
                0x00002150       0xc4 rtos.o
                0x00002150                _ZNK4rtos12mailbox_base5printERN5hwlib7ostreamEb
 .text._ZN4rtos3addEPNS_4flagE
                0x00002214       0x10 rtos.o
                0x00002214                _ZN4rtos3addEPNS_4flagE
 .text._ZN4rtos4flagC2EPNS_9task_baseEPKc
                0x00002224       0x20 rtos.o
                0x00002224                _ZN4rtos4flagC2EPNS_9task_baseEPKc
                0x00002224                _ZN4rtos4flagC1EPNS_9task_baseEPKc
 .text._ZN4rtos3addEPNS_5timerE
                0x00002244       0x10 rtos.o
                0x00002244                _ZN4rtos3addEPNS_5timerE
 .text._ZN4rtos3addEPNS_5mutexE
                0x00002254       0x10 rtos.o
                0x00002254                _ZN4rtos3addEPNS_5mutexE
 .text._ZN4rtos5mutexC2EPKc
                0x00002264       0x1e rtos.o
                0x00002264                _ZN4rtos5mutexC2EPKc
                0x00002264                _ZN4rtos5mutexC1EPKc
 *fill*         0x00002282        0x2 
 .text._ZN4rtos3addEPNS_12channel_baseE
                0x00002284       0x10 rtos.o
                0x00002284                _ZN4rtos3addEPNS_12channel_baseE
 .text._ZN4rtos12channel_baseC2EPNS_9task_baseEPKc
                0x00002294       0x30 rtos.o
                0x00002294                _ZN4rtos12channel_baseC2EPNS_9task_baseEPKc
                0x00002294                _ZN4rtos12channel_baseC1EPNS_9task_baseEPKc
 .text._ZN4rtos3addEPNS_9pool_baseE
                0x000022c4       0x10 rtos.o
                0x000022c4                _ZN4rtos3addEPNS_9pool_baseE
 .text._ZN4rtos9pool_baseC2EPKc
                0x000022d4       0x1c rtos.o
                0x000022d4                _ZN4rtos9pool_baseC1EPKc
                0x000022d4                _ZN4rtos9pool_baseC2EPKc
 .text._ZN4rtos5printERN5hwlib7ostreamE
                0x000022f0      0x1b4 rtos.o
                0x000022f0                _ZN4rtos5printERN5hwlib7ostreamE
 .text._ZN4rtos4beatEv
                0x000024a4      0x14c rtos.o
                0x000024a4                _ZN4rtos4beatEv
 .text._ZN4rtos3runEv
                0x000025f0       0x20 rtos.o
                0x000025f0                _ZN4rtos3runEv
 .text._ZN4rtos3addEPNS_8callbackE
                0x00002610       0x10 rtos.o
                0x00002610                _ZN4rtos3addEPNS_8callbackE
 .text._ZN4rtos8callbackC2EPKc
                0x00002620       0x2c rtos.o
                0x00002620                _ZN4rtos8callbackC1EPKc
                0x00002620                _ZN4rtos8callbackC2EPKc
 .text._ZN4rtos5timerC2EPNS_9task_baseEPKc
                0x0000264c       0x34 rtos.o
                0x0000264c                _ZN4rtos5timerC1EPNS_9task_baseEPKc
                0x0000264c                _ZN4rtos5timerC2EPNS_9task_baseEPKc
 .text._ZN4rtos3addEPNS_9task_baseE
                0x00002680       0x74 rtos.o
                0x00002680                _ZN4rtos3addEPNS_9task_baseE
 .text._ZN4rtos9task_baseC2ER9coroutineILl0EEjPKc
                0x000026f4       0x4c rtos.o
                0x000026f4                _ZN4rtos9task_baseC1ER9coroutineILl0EEjPKc
                0x000026f4                _ZN4rtos9task_baseC2ER9coroutineILl0EEjPKc
 .text._ZN5hwlib7wait_usEi
                0x00002740       0x3c rtos.o
                0x00002740                _ZN5hwlib7wait_usEi
 .text._ZN5hwlib7wait_msEi
                0x0000277c       0x16 rtos.o
                0x0000277c                _ZN5hwlib7wait_msEi
 .text._ZN5hwlib7port_in7refreshEv
                0x00002792        0x2 main.o
                0x00002792                _ZN5hwlib7port_in7refreshEv
 .text._ZN5hwlib7port_oc7refreshEv
                0x00002794        0x2 main.o
                0x00002794                _ZN5hwlib7port_oc7refreshEv
 .text._ZN5hwlib7port_oc5flushEv
                0x00002796        0x2 main.o
                0x00002796                _ZN5hwlib7port_oc5flushEv
 .text._ZN5hwlib17port_in_from_pins14number_of_pinsEv
                0x00002798        0x4 main.o
                0x00002798                _ZN5hwlib17port_in_from_pins14number_of_pinsEv
 .text._ZN5hwlib17port_in_from_pins3getENS_9bufferingE
                0x0000279c       0x32 main.o
                0x0000279c                _ZN5hwlib17port_in_from_pins3getENS_9bufferingE
 .text._ZN5hwlib17port_oc_from_pins14number_of_pinsEv
                0x000027ce        0x4 main.o
                0x000027ce                _ZN5hwlib17port_oc_from_pins14number_of_pinsEv
 .text._ZN5hwlib17port_oc_from_pins3getENS_9bufferingE
                0x000027d2       0x30 main.o
                0x000027d2                _ZN5hwlib17port_oc_from_pins3getENS_9bufferingE
 .text._ZN5hwlib17port_oc_from_pins3setEjNS_9bufferingE
                0x00002802       0x2c main.o
                0x00002802                _ZN5hwlib17port_oc_from_pins3setEjNS_9bufferingE
 .text._ZN5hwlib7console7goto_xyEjj
                0x0000282e        0xa main.o
                0x0000282e                _ZN5hwlib7console7goto_xyEjj
 .text._ZN5hwlib14window_ostream22goto_xy_implementationEjj
                0x00002838       0x20 main.o
                0x00002838                _ZN5hwlib14window_ostream22goto_xy_implementationEjj
 .text._ZN5hwlib14window_ostream5clearEv
                0x00002858       0x1e main.o
                0x00002858                _ZN5hwlib14window_ostream5clearEv
 .text._ZN5hwlib14window_ostream5flushEv
                0x00002876        0x8 main.o
                0x00002876                _ZN5hwlib14window_ostream5flushEv
 .text._ZN5hwlib11window_part5flushEv
                0x0000287e        0x8 main.o
                0x0000287e                _ZN5hwlib11window_part5flushEv
 *fill*         0x00002886        0x2 
 .text._ZNK5hwlib16font_default_8x8ixEc
                0x00002888       0x14 main.o
                0x00002888                _ZNK5hwlib16font_default_8x8ixEc
 .text._ZNK5hwlib11image_16x1618get_implementationENS_8locationE
                0x0000289c       0x58 main.o
                0x0000289c                _ZNK5hwlib11image_16x1618get_implementationENS_8locationE
 .text._ZNK5hwlib18font_default_16x16ixEc
                0x000028f4        0xc main.o
                0x000028f4                _ZNK5hwlib18font_default_16x16ixEc
 .text._ZN5hwlib18glcd_oled_buffered5clearEv
                0x00002900       0x1c main.o
                0x00002900                _ZN5hwlib18glcd_oled_buffered5clearEv
 .text._ZN3due6pin_in3getEN5hwlib9bufferingE
                0x0000291c       0x10 main.o
                0x0000291c                _ZN3due6pin_in3getEN5hwlib9bufferingE
 .text._ZN3due7pin_out3setEbN5hwlib9bufferingE
                0x0000292c        0xe main.o
                0x0000292c                _ZN3due7pin_out3setEbN5hwlib9bufferingE
 .text._ZN3due6pin_oc3getEN5hwlib9bufferingE
                0x0000293a       0x10 main.o
                0x0000293a                _ZN3due6pin_oc3getEN5hwlib9bufferingE
 .text._ZN3due6pin_oc3setEbN5hwlib9bufferingE
                0x0000294a       0x10 main.o
                0x0000294a                _ZN3due6pin_oc3setEbN5hwlib9bufferingE
 *fill*         0x0000295a        0x2 
 .text._ZN3due8d2_36kHz3setEbN5hwlib9bufferingE
                0x0000295c       0x18 main.o
                0x0000295c                _ZN3due8d2_36kHz3setEbN5hwlib9bufferingE
 .text._ZN5hwlib7console4putcEc
                0x00002974       0xb0 main.o
                0x00002974                _ZN5hwlib7console4putcEc
 .text._ZN5hwlib26i2c_bus_bit_banged_scl_sda16wait_half_periodEv.isra.5
                0x00002a24        0x6 main.o
 .text._ZN5hwlib6window5clearENS_9bufferingE
                0x00002a2a       0x56 main.o
                0x00002a2a                _ZN5hwlib6window5clearENS_9bufferingE
 .text._ZN5hwlib11window_part20write_implementationENS_8locationENS_5colorENS_9bufferingE
                0x00002a80       0x32 main.o
                0x00002a80                _ZN5hwlib11window_part20write_implementationENS_8locationENS_5colorENS_9bufferingE
 .text._ZN5hwlib14window_ostream19putc_implementationEc
                0x00002ab2       0x88 main.o
                0x00002ab2                _ZN5hwlib14window_ostream19putc_implementationEc
 *fill*         0x00002b3a        0x2 
 .text._ZN5hwlib14window_ostreamC2ERNS_6windowERKNS_4fontE
                0x00002b3c       0x60 main.o
                0x00002b3c                _ZN5hwlib14window_ostreamC1ERNS_6windowERKNS_4fontE
                0x00002b3c                _ZN5hwlib14window_ostreamC2ERNS_6windowERKNS_4fontE
 .text._ZN5hwlib26i2c_bus_bit_banged_scl_sda9write_bitEb
                0x00002b9c       0x36 main.o
                0x00002b9c                _ZN5hwlib26i2c_bus_bit_banged_scl_sda9write_bitEb
 .text._ZN5hwlib26i2c_bus_bit_banged_scl_sda8read_bitEv
                0x00002bd2       0x44 main.o
                0x00002bd2                _ZN5hwlib26i2c_bus_bit_banged_scl_sda8read_bitEv
 .text._ZN5hwlib26i2c_bus_bit_banged_scl_sda11write_startEv
                0x00002c16       0x28 main.o
                0x00002c16                _ZN5hwlib26i2c_bus_bit_banged_scl_sda11write_startEv
 .text._ZN5hwlib26i2c_bus_bit_banged_scl_sda10write_stopEv
                0x00002c3e       0x48 main.o
                0x00002c3e                _ZN5hwlib26i2c_bus_bit_banged_scl_sda10write_stopEv
 .text._ZN5hwlib26i2c_bus_bit_banged_scl_sda10write_byteEj
                0x00002c86       0x1c main.o
                0x00002c86                _ZN5hwlib26i2c_bus_bit_banged_scl_sda10write_byteEj
 .text._ZN5hwlib26i2c_bus_bit_banged_scl_sda5writeEjPKhj
                0x00002ca2       0x3a main.o
                0x00002ca2                _ZN5hwlib26i2c_bus_bit_banged_scl_sda5writeEjPKhj
 .text._ZN5hwlib26i2c_bus_bit_banged_scl_sda4readEjPhj
                0x00002cdc       0x60 main.o
                0x00002cdc                _ZN5hwlib26i2c_bus_bit_banged_scl_sda4readEjPhj
 .text._ZN5hwlib18glcd_oled_buffered7commandEhhh
                0x00002d3c       0x30 main.o
                0x00002d3c                _ZN5hwlib18glcd_oled_buffered7commandEhhh
 .text._ZN5hwlib18glcd_oled_buffered5flushEv
                0x00002d6c       0x5c main.o
                0x00002d6c                _ZN5hwlib18glcd_oled_buffered5flushEv
 .text._ZN5hwlib18glcd_oled_buffered20write_implementationENS_8locationENS_5colorENS_9bufferingE
                0x00002dc8       0xba main.o
                0x00002dc8                _ZN5hwlib18glcd_oled_buffered20write_implementationENS_8locationENS_5colorENS_9bufferingE
 *fill*         0x00002e82        0x2 
 .text._ZN3due6pin_inC2ENS_4pinsE
                0x00002e84       0x34 main.o
                0x00002e84                _ZN3due6pin_inC2ENS_4pinsE
                0x00002e84                _ZN3due6pin_inC1ENS_4pinsE
 .text._ZN3due7pin_outC2ENS_4pinsE
                0x00002eb8       0x34 main.o
                0x00002eb8                _ZN3due7pin_outC2ENS_4pinsE
                0x00002eb8                _ZN3due7pin_outC1ENS_4pinsE
 .text._ZN3due6pin_ocC2ENS_4pinsE
                0x00002eec       0x34 main.o
                0x00002eec                _ZN3due6pin_ocC2ENS_4pinsE
                0x00002eec                _ZN3due6pin_ocC1ENS_4pinsE
 .text._ZN4rtos8callbackD2Ev
                0x00002f20       0x30 main.o
                0x00002f20                _ZN4rtos8callbackD1Ev
                0x00002f20                _ZN4rtos8callbackD2Ev
 .text.startup.main
                0x00002f50      0x490 main.o
                0x00002f50                main
 .text.__startup
                0x000033e0       0x48 bmptk_cortex.o
                0x000033e0                __startup
 .text.__cxa_pure_virtual
                0x00003428        0x2 bmptk_cortex.o
                0x00003428                __cxa_pure_virtual
 *fill*         0x0000342a        0x2 
 .text.malloc   0x0000342c       0x24 bmptk_heap_bmptk.o
                0x0000342c                malloc
 .text          0x00003450      0x370 c:/sysgcc/arm-eabi/bin/../lib/gcc/arm-eabi/6.2.0/thumb/cortex_m3\libgcc.a(_arm_addsubdf3.o)
                0x00003450                __aeabi_drsub
                0x00003458                __aeabi_dsub
                0x00003458                __subdf3
                0x0000345c                __aeabi_dadd
                0x0000345c                __adddf3
                0x000036d4                __floatunsidf
                0x000036d4                __aeabi_ui2d
                0x000036f4                __floatsidf
                0x000036f4                __aeabi_i2d
                0x00003718                __aeabi_f2d
                0x00003718                __extendsfdf2
                0x00003754                __floatundidf
                0x00003754                __aeabi_ul2d
                0x00003764                __floatdidf
                0x00003764                __aeabi_l2d
 .text          0x000037c0      0x424 c:/sysgcc/arm-eabi/bin/../lib/gcc/arm-eabi/6.2.0/thumb/cortex_m3\libgcc.a(_arm_muldivdf3.o)
                0x000037c0                __aeabi_dmul
                0x000037c0                __muldf3
                0x00003a14                __divdf3
                0x00003a14                __aeabi_ddiv
 .text          0x00003be4       0x50 c:/sysgcc/arm-eabi/bin/../lib/gcc/arm-eabi/6.2.0/thumb/cortex_m3\libgcc.a(_arm_fixdfsi.o)
                0x00003be4                __aeabi_d2iz
                0x00003be4                __fixdfsi
 .text          0x00003c34       0xa0 c:/sysgcc/arm-eabi/bin/../lib/gcc/arm-eabi/6.2.0/thumb/cortex_m3\libgcc.a(_aeabi_ldivmod.o)
                0x00003c34                __aeabi_ldivmod
 .text          0x00003cd4       0x30 c:/sysgcc/arm-eabi/bin/../lib/gcc/arm-eabi/6.2.0/thumb/cortex_m3\libgcc.a(_aeabi_uldivmod.o)
                0x00003cd4                __aeabi_uldivmod
 .text          0x00003d04      0x2dc c:/sysgcc/arm-eabi/bin/../lib/gcc/arm-eabi/6.2.0/thumb/cortex_m3\libgcc.a(_udivmoddi4.o)
                0x00003d04                __udivmoddi4
 .text          0x00003fe0        0x4 c:/sysgcc/arm-eabi/bin/../lib/gcc/arm-eabi/6.2.0/thumb/cortex_m3\libgcc.a(_dvmd_tls.o)
                0x00003fe0                __aeabi_ldiv0
 .text          0x00003fe4       0xec c:/sysgcc/arm-eabi/bin/../lib/gcc/arm-eabi/6.2.0/../../../../arm-eabi/lib/thumb/cortex_m3\libc.a(lib_a-memcpy.o)
                0x00003fe4                memcpy
                0x000040d0                . = ALIGN (0x4)
 *(.glue_7t .glue_7)
 .glue_7        0x000040d0        0x0 linker stubs
 .glue_7t       0x000040d0        0x0 linker stubs
                0x000040d0                . = ALIGN (0x4)
 *(.rodata .rodata.* .gnu.linkonce.r.*)
 .rodata._ZN3due8pin_infoENS_4pinsE.str1.1
                0x000040d0       0x33 Beeper.o
 .rodata._ZZN3due8pin_infoENS_4pinsEE14pin_info_array
                0x00004103       0xa4 Beeper.o
 *fill*         0x000041a7        0x1 
 .rodata._ZTV17Beeper_Controller
                0x000041a8       0x14 BeeperTask.o
                0x000041a8                _ZTV17Beeper_Controller
 .rodata._ZN17Beeper_ControllerC2ER6Beeper.str1.1
                0x000041bc       0x35 BeeperTask.o
 *fill*         0x000041f1        0x3 
 .rodata._ZTVN4rtos7channelIiLi10EEE
                0x000041f4        0xc RunGameTask.o
                0x000041f4                _ZTVN4rtos7channelIiLi10EEE
 .rodata._ZTVN4rtos7channelIcLi10EEE
                0x00004200        0xc RunGameTask.o
                0x00004200                _ZTVN4rtos7channelIcLi10EEE
 .rodata._ZTV19Run_Game_Controller
                0x0000420c       0x14 RunGameTask.o
                0x0000420c                _ZTV19Run_Game_Controller
 .rodata._ZN19Run_Game_ControllerC2ER17Beeper_ControllerR18IR_Send_ControllerR15OLED_ControllerR15Register_entityR9HP_entity.str1.1
                0x00004220       0x5c RunGameTask.o
 .rodata._ZN4rtos7channelIiLi10EE4readEv.part.7.str1.1
                0x0000427c       0x32 RunGameTask.o
                                 0x34 (size before relaxing)
 *fill*         0x000042ae        0x2 
 .rodata._ZTV18IR_Send_Controller
                0x000042b0       0x14 IRSendTask.o
                0x000042b0                _ZTV18IR_Send_Controller
 .rodata._ZN18IR_Send_ControllerC2ER6IR_LEDR15Register_entity.str1.1
                0x000042c4       0x20 IRSendTask.o
 .rodata._ZN15OLED_Controller10printHP_DUEii.str1.1
                0x000042e4        0x8 OLED_Controller.o
                                  0xa (size before relaxing)
 .rodata._ZN15OLED_Controller13printGameOverEv.str1.1
                0x000042ec       0x14 OLED_Controller.o
 .rodata._ZN15OLED_Controller14printIndicatorEcc.str1.1
                0x00004300        0x7 OLED_Controller.o
 .rodata._ZN15OLED_Controller14printstartInitEv.str1.1
                0x00004307       0x14 OLED_Controller.o
 .rodata._ZN15OLED_Controller17printPlayerNumberEi.str1.1
                0x0000431b        0xa OLED_Controller.o
                                  0xc (size before relaxing)
 .rodata._ZN15OLED_Controller19printFirePowerSetupEv.str1.1
                0x00004325        0x3 OLED_Controller.o
 .rodata._ZN15OLED_Controller22printPlayerNumberSetupEv.str1.1
                0x00004328        0x3 OLED_Controller.o
 .rodata._ZN15OLED_Controller22printWaitingForCommandEv.str1.1
                0x00004328       0x16 OLED_Controller.o
 *fill*         0x0000433e        0x2 
 .rodata._ZTV17keyPad_Controller
                0x00004340       0x14 KeyPadTask.o
                0x00004340                _ZTV17keyPad_Controller
 .rodata._ZN17keyPad_ControllerC2ER6KeypadR19Run_Game_Controller.str1.1
                0x00004354       0x1e KeyPadTask.o
 *fill*         0x00004372        0x2 
 .rodata._ZTV22IR_Receiver_Controller
                0x00004374       0x14 IRReceiveTask.o
                0x00004374                _ZTV22IR_Receiver_Controller
 .rodata._ZN22IR_Receiver_ControllerC2ER11IR_ReceiverR19Run_Game_Controller.str1.1
                0x00004388        0xf IRReceiveTask.o
 *fill*         0x00004397        0x1 
 .rodata._ZTVN5hwlib6keypadILi16EEE
                0x00004398       0x14 Keypad.o
                0x00004398                _ZTVN5hwlib6keypadILi16EEE
 .rodata._ZTVN5hwlib20cout_using_uart_putcE
                0x000043ac       0x10 hwlib.o
                0x000043ac                _ZTVN5hwlib20cout_using_uart_putcE
 .rodata._ZTVN5hwlib19_pin_in_dummy_classE
                0x000043bc       0x10 hwlib.o
                0x000043bc                _ZTVN5hwlib19_pin_in_dummy_classE
 .rodata._ZTVN5hwlib19_pin_oc_dummy_classE
                0x000043cc       0x18 hwlib.o
                0x000043cc                _ZTVN5hwlib19_pin_oc_dummy_classE
 .rodata._ZTVN5hwlib9image_8x8E
                0x000043e4        0xc hwlib.o
                0x000043e4                _ZTVN5hwlib9image_8x8E
 .rodata._ZN5hwlib16font_default_8x86imagesE
                0x000043f0      0xa00 hwlib.o
                0x000043f0                _ZN5hwlib16font_default_8x86imagesE
 .rodata._ZN5hwlibL5blackE
                0x00004df0        0x4 hwlib.o
 .rodata._ZN5hwlibL5whiteE
                0x00004df4        0x4 hwlib.o
 .rodata._ZTVN4rtos8waitableE
                0x00004df8        0xc rtos.o
                0x00004df8                _ZTVN4rtos8waitableE
 .rodata._ZTVN4rtos4flagE
                0x00004e04        0xc rtos.o
                0x00004e04                _ZTVN4rtos4flagE
 .rodata._ZTVN4rtos8callbackE
                0x00004e10       0x10 rtos.o
                0x00004e10                _ZTVN4rtos8callbackE
 .rodata._ZTVN4rtos12channel_baseE
                0x00004e20        0xc rtos.o
                0x00004e20                _ZTVN4rtos12channel_baseE
 .rodata._Z15task_trampolinev.str1.1
                0x00004e2c       0x2e rtos.o
 .rodata._ZN4rtos12waitable_set17waitable_allocateEv.str1.1
                0x00004e5a       0x1b rtos.o
 .rodata._ZN4rtos3addEPNS_9task_baseE.str1.1
                0x00004e75       0x2e rtos.o
 .rodata._ZN4rtos4beatEv.str1.1
                0x00004ea3       0x3e rtos.o
 .rodata._ZN4rtos5mutex6signalEv.str1.1
                0x00004ee1       0x21 rtos.o
 .rodata._ZN4rtos5printERN5hwlib7ostreamE.str1.1
                0x00004f02       0x83 rtos.o
 .rodata._ZN4rtos9task_base5blockEv.str1.1
                0x00004f85       0x37 rtos.o
                                 0x4b (size before relaxing)
 .rodata._ZN4rtos9task_baseC2ER9coroutineILl0EEjPKc.str1.1
                0x00004fbc        0x8 rtos.o
 .rodata._ZNK4rtos12channel_base5printERN5hwlib7ostreamEb.str1.1
                0x00004fc4       0x23 rtos.o
 .rodata._ZNK4rtos12mailbox_base5printERN5hwlib7ostreamEb.str1.1
                0x00004fe7       0x1b rtos.o
 .rodata._ZNK4rtos4flag5printERN5hwlib7ostreamEb.str1.1
                0x00005002       0x1e rtos.o
 .rodata._ZNK4rtos5clock5printERN5hwlib7ostreamEb.str1.1
                0x00005020       0x1d rtos.o
 .rodata._ZNK4rtos5eventeqERKS0_.str1.1
                0x0000503d       0x21 rtos.o
 .rodata._ZNK4rtos5mutex5printERN5hwlib7ostreamEb.str1.1
                0x0000505e       0x29 rtos.o
 .rodata._ZNK4rtos5timer5printERN5hwlib7ostreamEb.str1.1
                0x00005087       0x13 rtos.o
 .rodata._ZNK4rtos9pool_base5printERN5hwlib7ostreamEb.str1.1
                0x0000509a       0x10 rtos.o
 .rodata._ZNK4rtos9task_base5printERN5hwlib7ostreamEb.str1.1
                0x000050aa       0x39 rtos.o
 *fill*         0x000050e3        0x1 
 .rodata._ZTVN4rtos5timerE
                0x000050e4       0x24 rtos.o
                0x000050e4                _ZTVN4rtos5timerE
 .rodata._ZTVN4rtos9task_baseE
                0x00005108       0x14 rtos.o
                0x00005108                _ZTVN4rtos9task_baseE
 .rodata._ZTVN5hwlib17port_in_from_pinsE
                0x0000511c       0x14 main.o
                0x0000511c                _ZTVN5hwlib17port_in_from_pinsE
 .rodata._ZTVN5hwlib17port_oc_from_pinsE
                0x00005130       0x1c main.o
                0x00005130                _ZTVN5hwlib17port_oc_from_pinsE
 .rodata._ZTVN5hwlib14window_ostreamE
                0x0000514c       0x20 main.o
                0x0000514c                _ZTVN5hwlib14window_ostreamE
 .rodata._ZTVN5hwlib11window_partE
                0x0000516c       0x14 main.o
                0x0000516c                _ZTVN5hwlib11window_partE
 .rodata._ZTVN5hwlib16font_default_8x8E
                0x00005180        0xc main.o
                0x00005180                _ZTVN5hwlib16font_default_8x8E
 .rodata._ZTVN5hwlib11image_16x16E
                0x0000518c        0xc main.o
                0x0000518c                _ZTVN5hwlib11image_16x16E
 .rodata._ZTVN5hwlib18font_default_16x16E
                0x00005198        0xc main.o
                0x00005198                _ZTVN5hwlib18font_default_16x16E
 .rodata._ZTVN5hwlib26i2c_bus_bit_banged_scl_sdaE
                0x000051a4       0x10 main.o
                0x000051a4                _ZTVN5hwlib26i2c_bus_bit_banged_scl_sdaE
 .rodata._ZTVN5hwlib18glcd_oled_bufferedE
                0x000051b4       0x18 main.o
                0x000051b4                _ZTVN5hwlib18glcd_oled_bufferedE
 .rodata._ZTVN3due6pin_inE
                0x000051cc       0x10 main.o
                0x000051cc                _ZTVN3due6pin_inE
 .rodata._ZTVN3due7pin_outE
                0x000051dc       0x10 main.o
                0x000051dc                _ZTVN3due7pin_outE
 .rodata._ZTVN3due6pin_ocE
                0x000051ec       0x18 main.o
                0x000051ec                _ZTVN3due6pin_ocE
 .rodata._ZTVN3due8d2_36kHzE
                0x00005204       0x10 main.o
                0x00005204                _ZTVN3due8d2_36kHzE
 .rodata._ZZN5hwlib18glcd_oled_bufferedC4ERNS_7i2c_busEjE13init_sequence
                0x00005214       0x29 main.o
                0x00005214                _ZZN5hwlib18glcd_oled_bufferedC4ERNS_7i2c_busEjE13init_sequence
 *fill*         0x0000523d        0x3 
 .rodata        0x00005240      0x800 main.o
 .rodata._ZN4rtos8callbackD2Ev.str1.1
                0x00005a40       0x21 main.o
                                 0x35 (size before relaxing)
 .rodata._ZN5hwlibL5blackE
                0x00005a61        0x4 main.o
 .rodata._ZN5hwlibL5whiteE
                0x00005a65        0x4 main.o
 .rodata.main.str1.1
                0x00005a69       0x11 main.o
                0x00005a7c                . = ALIGN (0x4)
 *fill*         0x00005a7a        0x2 
 *(.ARM.extab* .gnu.linkonce.armextab.*)
                0x00005a7c                . = ALIGN (0x4)
 *(.gcc_except_table)
                0x00005a7c                . = ALIGN (0x4)
 *(.eh_frame_hdr)
                0x00005a7c                . = ALIGN (0x4)
 *(.eh_frame)
                0x00005a7c                . = ALIGN (0x4)
                0x00005a7c                __text_end = .
                [!provide]                PROVIDE (__text_end, __text_end)

.vfp11_veneer   0x00005a7c        0x0
 .vfp11_veneer  0x00005a7c        0x0 linker stubs

.v4_bx          0x00005a7c        0x0
 .v4_bx         0x00005a7c        0x0 linker stubs

.iplt           0x00005a7c        0x0
 .iplt          0x00005a7c        0x0 Beeper.o

.IF_YOU_SEE_THIS_YOU_HAVE_ONE_OR_MORE_GLOBAL_OBJECT_CONSTRUCTORS
 *(.init)
 *(.preinit_array)
 *(SORT(.init_array.*))
 *(.init_array)
                0x00005a7c                . = ALIGN (0x4)
                0x00005a7c                __exidx_start = .
                [!provide]                PROVIDE (__exidx_start, __exidx_start)

.ARM.exidx      0x00005a7c        0x8
 *(.ARM.exidx* .gnu.linkonce.armexidx.*)
 .ARM.exidx     0x00005a7c        0x8 c:/sysgcc/arm-eabi/bin/../lib/gcc/arm-eabi/6.2.0/thumb/cortex_m3\libgcc.a(_udivmoddi4.o)

.rel.dyn        0x00005a84        0x0
 .rel.iplt      0x00005a84        0x0 Beeper.o
                0x00005a84                . = ALIGN (0x4)
                0x00005a84                __exidx_end = .
                [!provide]                PROVIDE (__exidx_end, __exidx_end)

.bss            0x20000000    0x14050
                0x20000000                . = ALIGN (0x4)
                0x20000000                __stack_start = .
                [!provide]                PROVIDE (__stack_start, __stack_start)
                0x20000000                . = ALIGN (0x4)
 *(.bmptk_stack)
 .bmptk_stack   0x20000000    0x14000 bmptk_fixed_size_stack.o
                0x20000000                bmptk_stack
                0x20014000                . = ALIGN (0x8)
                0x20014000                __main_stack_end = .
                [!provide]                PROVIDE (__main_stack_end, __main_stack_end)
                0x20014000                . = ALIGN (0x4)
                0x20014000                __stack_end = .
                [!provide]                PROVIDE (__stack_end, __stack_end)
                0x20014000                . = ALIGN (0x4)
                0x20014000                __bss_start = .
                [!provide]                PROVIDE (__bss_start, __bss_start)
                0x20014000                . = ALIGN (0x4)
 *(.bss .bss.* .gnu.linkonce.b.*)
 .bss._ZZN3due9now_ticksEvE4high
                0x20014000        0x8 Beeper.o
 .bss._ZZN3due9now_ticksEvE8last_low
                0x20014008        0x4 Beeper.o
 .bss._ZZN3due9now_ticksEvE9init_done
                0x2001400c        0x1 Beeper.o
 .bss._ZZN3due9uart_initEvE9init_done
                0x2001400d        0x1 hwlib.o
 *fill*         0x2001400e        0x2 
 .bss._ZN17coroutine_context7main_spE
                0x20014010        0x4 coroutine.o
                0x20014010                _ZN17coroutine_context7main_spE
 .bss._ZN4rtos10must_clearE
                0x20014014        0x1 rtos.o
                0x20014014                _ZN4rtos10must_clearE
 *fill*         0x20014015        0x3 
 .bss._ZN4rtos17rtos_current_taskE
                0x20014018        0x4 rtos.o
                0x20014018                _ZN4rtos17rtos_current_taskE
 .bss._ZN4rtos17scheduler_runningE
                0x2001401c        0x1 rtos.o
                0x2001401c                _ZN4rtos17scheduler_runningE
 *fill*         0x2001401d        0x3 
 .bss._ZN4rtos5flagsE
                0x20014020        0x4 rtos.o
                0x20014020                _ZN4rtos5flagsE
 .bss._ZN4rtos5poolsE
                0x20014024        0x4 rtos.o
                0x20014024                _ZN4rtos5poolsE
 .bss._ZN4rtos6clocksE
                0x20014028        0x4 rtos.o
                0x20014028                _ZN4rtos6clocksE
 .bss._ZN4rtos6timersE
                0x2001402c        0x4 rtos.o
                0x2001402c                _ZN4rtos6timersE
 .bss._ZN4rtos7mutexesE
                0x20014030        0x4 rtos.o
                0x20014030                _ZN4rtos7mutexesE
 .bss._ZN4rtos8channelsE
                0x20014034        0x4 rtos.o
                0x20014034                _ZN4rtos8channelsE
 .bss._ZN4rtos8taskListE
                0x20014038        0x4 rtos.o
                0x20014038                _ZN4rtos8taskListE
 .bss._ZN4rtos9mailboxesE
                0x2001403c        0x4 rtos.o
                0x2001403c                _ZN4rtos9mailboxesE
 .bss._ZN4rtos9timerListE
                0x20014040        0x4 rtos.o
                0x20014040                _ZN4rtos9timerListE
 *fill*         0x20014044        0x4 
 .bss.last_run_time
                0x20014048        0x8 rtos.o
                0x20014048                last_run_time
                0x20014050                . = ALIGN (0x4)
 *(COMMON)
                0x20014050                . = ALIGN (0x4)
                0x20014050                __bss_end = .
                [!provide]                PROVIDE (__bss_end, __bss_end)

.data           0x20014050      0xc14 load address 0x00005a84
                0x20014050                . = ALIGN (0x4)
                0x00005a84                __data_init_start = LOADADDR (.data)
                [!provide]                PROVIDE (__data_init_start, __data_init_start)
                0x20014050                __data_start = .
                [!provide]                PROVIDE (__data_start, __data_start)
                0x20014050                . = ALIGN (0x4)
 *(.data .data.* .gnu.linkonce.d.*)
 .data._ZN6sam3xa15SystemCoreClockE
                0x20014050        0x4 Beeper.o
                0x20014050                _ZN6sam3xa15SystemCoreClockE
 .data._ZN3due7hw_uartE
                0x20014054        0x4 hwlib.o
                0x20014054                _ZN3due7hw_uartE
 .data._ZN5hwlib12pin_in_dummyE
                0x20014058        0x4 hwlib.o
                0x20014058                _ZN5hwlib12pin_in_dummyE
 .data._ZN5hwlib12pin_oc_dummyE
                0x2001405c        0x4 hwlib.o
                0x2001405c                _ZN5hwlib12pin_oc_dummyE
 .data._ZN5hwlib15font_16x16_dataE
                0x20014060      0xbe4 hwlib.o
                0x20014060                _ZN5hwlib15font_16x16_dataE
 .data._ZN5hwlib4coutE
                0x20014c44       0x14 hwlib.o
                0x20014c44                _ZN5hwlib4coutE
 .data._ZN17coroutine_context24current_coroutine_sp_ptrE
                0x20014c58        0x4 coroutine.o
                0x20014c58                _ZN17coroutine_context24current_coroutine_sp_ptrE
 .data._first_free
                0x20014c5c        0x4 bmptk_heap_bmptk.o
                0x20014c5c                _first_free
 .data._last_free
                0x20014c60        0x4 bmptk_heap_bmptk.o
                0x20014c60                _last_free
                0x20014c64                . = ALIGN (0x4)
                0x20014c64                __data_end = .
                [!provide]                PROVIDE (__data_end, __data_end)
                0x00005a84                __data_init_end = LOADADDR (.data)
                [!provide]                PROVIDE (__data_init_end, __data_init_end)
                0x00000c14                PROVIDE (__data_size, (__data_end - __data_start))
                0x00000c14                PROVIDE (__data_init_size, __data_size)
                [!provide]                PROVIDE (__data_init_end, (__data_init_start + __data_init_size))

.igot.plt       0x20014c64        0x0 load address 0x00006698
 .igot.plt      0x20014c64        0x0 Beeper.o
                0x20014c64                . = ALIGN (0x4)
                0x20014c64                __heap_start = .
                [!provide]                PROVIDE (__heap_start, __heap_start)
                0x20014c64                . = ALIGN (0x4)
                0x20018000                __heap_end = __ram_end
                [!provide]                PROVIDE (__heap_end, __heap_end)

.stab
 *(.stab)

.stabstr
 *(.stabstr)

.debug
 *(.debug)

.line
 *(.line)

.debug_srcinfo
 *(.debug_srcinfo)

.debug_sfnames
 *(.debug_sfnames)

.debug_aranges  0x00000000      0x100
 *(.debug_aranges)
 .debug_aranges
                0x00000000       0x20 c:/sysgcc/arm-eabi/bin/../lib/gcc/arm-eabi/6.2.0/thumb/cortex_m3\libgcc.a(_arm_addsubdf3.o)
 .debug_aranges
                0x00000020       0x20 c:/sysgcc/arm-eabi/bin/../lib/gcc/arm-eabi/6.2.0/thumb/cortex_m3\libgcc.a(_arm_muldivdf3.o)
 .debug_aranges
                0x00000040       0x20 c:/sysgcc/arm-eabi/bin/../lib/gcc/arm-eabi/6.2.0/thumb/cortex_m3\libgcc.a(_arm_fixdfsi.o)
 .debug_aranges
                0x00000060       0x20 c:/sysgcc/arm-eabi/bin/../lib/gcc/arm-eabi/6.2.0/thumb/cortex_m3\libgcc.a(_aeabi_ldivmod.o)
 .debug_aranges
                0x00000080       0x20 c:/sysgcc/arm-eabi/bin/../lib/gcc/arm-eabi/6.2.0/thumb/cortex_m3\libgcc.a(_aeabi_uldivmod.o)
 .debug_aranges
                0x000000a0       0x20 c:/sysgcc/arm-eabi/bin/../lib/gcc/arm-eabi/6.2.0/thumb/cortex_m3\libgcc.a(_udivmoddi4.o)
 .debug_aranges
                0x000000c0       0x20 c:/sysgcc/arm-eabi/bin/../lib/gcc/arm-eabi/6.2.0/thumb/cortex_m3\libgcc.a(_dvmd_tls.o)
 .debug_aranges
                0x000000e0       0x20 c:/sysgcc/arm-eabi/bin/../lib/gcc/arm-eabi/6.2.0/../../../../arm-eabi/lib/thumb/cortex_m3\libc.a(lib_a-memcpy.o)

.debug_pubnames
 *(.debug_pubnames)

.debug_info     0x00000000     0x1236
 *(.debug_info .gnu.linkonce.wi.*)
 .debug_info    0x00000000       0xde c:/sysgcc/arm-eabi/bin/../lib/gcc/arm-eabi/6.2.0/thumb/cortex_m3\libgcc.a(_arm_addsubdf3.o)
 .debug_info    0x000000de       0xde c:/sysgcc/arm-eabi/bin/../lib/gcc/arm-eabi/6.2.0/thumb/cortex_m3\libgcc.a(_arm_muldivdf3.o)
 .debug_info    0x000001bc       0xde c:/sysgcc/arm-eabi/bin/../lib/gcc/arm-eabi/6.2.0/thumb/cortex_m3\libgcc.a(_arm_fixdfsi.o)
 .debug_info    0x0000029a       0xd9 c:/sysgcc/arm-eabi/bin/../lib/gcc/arm-eabi/6.2.0/thumb/cortex_m3\libgcc.a(_aeabi_ldivmod.o)
 .debug_info    0x00000373       0xd9 c:/sysgcc/arm-eabi/bin/../lib/gcc/arm-eabi/6.2.0/thumb/cortex_m3\libgcc.a(_aeabi_uldivmod.o)
 .debug_info    0x0000044c      0xc00 c:/sysgcc/arm-eabi/bin/../lib/gcc/arm-eabi/6.2.0/thumb/cortex_m3\libgcc.a(_udivmoddi4.o)
 .debug_info    0x0000104c       0xdd c:/sysgcc/arm-eabi/bin/../lib/gcc/arm-eabi/6.2.0/thumb/cortex_m3\libgcc.a(_dvmd_tls.o)
 .debug_info    0x00001129      0x10d c:/sysgcc/arm-eabi/bin/../lib/gcc/arm-eabi/6.2.0/../../../../arm-eabi/lib/thumb/cortex_m3\libc.a(lib_a-memcpy.o)

.debug_abbrev   0x00000000      0x218
 *(.debug_abbrev)
 .debug_abbrev  0x00000000       0x14 c:/sysgcc/arm-eabi/bin/../lib/gcc/arm-eabi/6.2.0/thumb/cortex_m3\libgcc.a(_arm_addsubdf3.o)
 .debug_abbrev  0x00000014       0x14 c:/sysgcc/arm-eabi/bin/../lib/gcc/arm-eabi/6.2.0/thumb/cortex_m3\libgcc.a(_arm_muldivdf3.o)
 .debug_abbrev  0x00000028       0x14 c:/sysgcc/arm-eabi/bin/../lib/gcc/arm-eabi/6.2.0/thumb/cortex_m3\libgcc.a(_arm_fixdfsi.o)
 .debug_abbrev  0x0000003c       0x14 c:/sysgcc/arm-eabi/bin/../lib/gcc/arm-eabi/6.2.0/thumb/cortex_m3\libgcc.a(_aeabi_ldivmod.o)
 .debug_abbrev  0x00000050       0x14 c:/sysgcc/arm-eabi/bin/../lib/gcc/arm-eabi/6.2.0/thumb/cortex_m3\libgcc.a(_aeabi_uldivmod.o)
 .debug_abbrev  0x00000064      0x18c c:/sysgcc/arm-eabi/bin/../lib/gcc/arm-eabi/6.2.0/thumb/cortex_m3\libgcc.a(_udivmoddi4.o)
 .debug_abbrev  0x000001f0       0x14 c:/sysgcc/arm-eabi/bin/../lib/gcc/arm-eabi/6.2.0/thumb/cortex_m3\libgcc.a(_dvmd_tls.o)
 .debug_abbrev  0x00000204       0x14 c:/sysgcc/arm-eabi/bin/../lib/gcc/arm-eabi/6.2.0/../../../../arm-eabi/lib/thumb/cortex_m3\libc.a(lib_a-memcpy.o)

.debug_line     0x00000000      0x820
 *(.debug_line)
 .debug_line    0x00000000      0x189 c:/sysgcc/arm-eabi/bin/../lib/gcc/arm-eabi/6.2.0/thumb/cortex_m3\libgcc.a(_arm_addsubdf3.o)
 .debug_line    0x00000189      0x1a5 c:/sysgcc/arm-eabi/bin/../lib/gcc/arm-eabi/6.2.0/thumb/cortex_m3\libgcc.a(_arm_muldivdf3.o)
 .debug_line    0x0000032e       0x80 c:/sysgcc/arm-eabi/bin/../lib/gcc/arm-eabi/6.2.0/thumb/cortex_m3\libgcc.a(_arm_fixdfsi.o)
 .debug_line    0x000003ae       0x85 c:/sysgcc/arm-eabi/bin/../lib/gcc/arm-eabi/6.2.0/thumb/cortex_m3\libgcc.a(_aeabi_ldivmod.o)
 .debug_line    0x00000433       0x67 c:/sysgcc/arm-eabi/bin/../lib/gcc/arm-eabi/6.2.0/thumb/cortex_m3\libgcc.a(_aeabi_uldivmod.o)
 .debug_line    0x0000049a      0x24e c:/sysgcc/arm-eabi/bin/../lib/gcc/arm-eabi/6.2.0/thumb/cortex_m3\libgcc.a(_udivmoddi4.o)
 .debug_line    0x000006e8       0x67 c:/sysgcc/arm-eabi/bin/../lib/gcc/arm-eabi/6.2.0/thumb/cortex_m3\libgcc.a(_dvmd_tls.o)
 .debug_line    0x0000074f       0xd1 c:/sysgcc/arm-eabi/bin/../lib/gcc/arm-eabi/6.2.0/../../../../arm-eabi/lib/thumb/cortex_m3\libc.a(lib_a-memcpy.o)

.debug_frame    0x00000000      0x1c4
 *(.debug_frame)
 .debug_frame   0x00000000       0xac c:/sysgcc/arm-eabi/bin/../lib/gcc/arm-eabi/6.2.0/thumb/cortex_m3\libgcc.a(_arm_addsubdf3.o)
 .debug_frame   0x000000ac       0x50 c:/sysgcc/arm-eabi/bin/../lib/gcc/arm-eabi/6.2.0/thumb/cortex_m3\libgcc.a(_arm_muldivdf3.o)
 .debug_frame   0x000000fc       0x24 c:/sysgcc/arm-eabi/bin/../lib/gcc/arm-eabi/6.2.0/thumb/cortex_m3\libgcc.a(_arm_fixdfsi.o)
 .debug_frame   0x00000120       0x44 c:/sysgcc/arm-eabi/bin/../lib/gcc/arm-eabi/6.2.0/thumb/cortex_m3\libgcc.a(_aeabi_ldivmod.o)
 .debug_frame   0x00000164       0x2c c:/sysgcc/arm-eabi/bin/../lib/gcc/arm-eabi/6.2.0/thumb/cortex_m3\libgcc.a(_aeabi_uldivmod.o)
 .debug_frame   0x00000190       0x34 c:/sysgcc/arm-eabi/bin/../lib/gcc/arm-eabi/6.2.0/thumb/cortex_m3\libgcc.a(_udivmoddi4.o)

.debug_str      0x00000000      0xc14
 *(.debug_str)
 .debug_str     0x00000000      0xc14 c:/sysgcc/arm-eabi/bin/../lib/gcc/arm-eabi/6.2.0/thumb/cortex_m3\libgcc.a(_udivmoddi4.o)
                                0xc9d (size before relaxing)

.debug_loc      0x00000000      0xdb9
 *(.debug_loc)
 .debug_loc     0x00000000      0xdb9 c:/sysgcc/arm-eabi/bin/../lib/gcc/arm-eabi/6.2.0/thumb/cortex_m3\libgcc.a(_udivmoddi4.o)

.comment        0x00000000       0x11
 .comment       0x00000000       0x11 Beeper.o
                                 0x12 (size before relaxing)
 .comment       0x00000011       0x12 BeeperTask.o
 .comment       0x00000011       0x12 RunGameTask.o
 .comment       0x00000011       0x12 IRSendTask.o
 .comment       0x00000011       0x12 IR_LED.o
 .comment       0x00000011       0x12 Register_entity.o
 .comment       0x00000011       0x12 HP_entity.o
 .comment       0x00000011       0x12 OLED_Controller.o
 .comment       0x00000011       0x12 KeyPadTask.o
 .comment       0x00000011       0x12 IRReceiveTask.o
 .comment       0x00000011       0x12 IR_Receiver.o
 .comment       0x00000011       0x12 Keypad.o
 .comment       0x00000011       0x12 hwlib.o
 .comment       0x00000011       0x12 coroutine.o
 .comment       0x00000011       0x12 rtos.o
 .comment       0x00000011       0x12 main.o
 .comment       0x00000011       0x12 bmptk_cortex.o
 .comment       0x00000011       0x12 bmptk_heap_bmptk.o
 .comment       0x00000011       0x12 bmptk_fixed_size_stack.o
 .comment       0x00000011       0x12 c:/sysgcc/arm-eabi/bin/../lib/gcc/arm-eabi/6.2.0/thumb/cortex_m3\libgcc.a(_udivmoddi4.o)

.debug_macinfo
 *(.debug_macinfo)

.debug_weaknames
 *(.debug_weaknames)

.debug_funcnames
 *(.debug_funcnames)

.debug_typenames
 *(.debug_typenames)

.debug_varnames
 *(.debug_varnames)

.note.gnu.arm.ident
 *(.note.gnu.arm.ident)

.ARM.attributes
                0x00000000       0x31
 *(.ARM.attributes)
 .ARM.attributes
                0x00000000       0x33 Beeper.o
 .ARM.attributes
                0x00000033       0x33 BeeperTask.o
 .ARM.attributes
                0x00000066       0x33 RunGameTask.o
 .ARM.attributes
                0x00000099       0x33 IRSendTask.o
 .ARM.attributes
                0x000000cc       0x33 IR_LED.o
 .ARM.attributes
                0x000000ff       0x33 Register_entity.o
 .ARM.attributes
                0x00000132       0x33 HP_entity.o
 .ARM.attributes
                0x00000165       0x33 OLED_Controller.o
 .ARM.attributes
                0x00000198       0x33 KeyPadTask.o
 .ARM.attributes
                0x000001cb       0x33 IRReceiveTask.o
 .ARM.attributes
                0x000001fe       0x33 IR_Receiver.o
 .ARM.attributes
                0x00000231       0x33 Keypad.o
 .ARM.attributes
                0x00000264       0x33 hwlib.o
 .ARM.attributes
                0x00000297       0x21 switch_to.o
 .ARM.attributes
                0x000002b8       0x33 coroutine.o
 .ARM.attributes
                0x000002eb       0x33 rtos.o
 .ARM.attributes
                0x0000031e       0x33 main.o
 .ARM.attributes
                0x00000351       0x33 bmptk_cortex.o
 .ARM.attributes
                0x00000384       0x33 bmptk_heap_bmptk.o
 .ARM.attributes
                0x000003b7       0x33 bmptk_fixed_size_stack.o
 .ARM.attributes
                0x000003ea       0x23 c:/sysgcc/arm-eabi/bin/../lib/gcc/arm-eabi/6.2.0/thumb/cortex_m3\libgcc.a(_arm_addsubdf3.o)
 .ARM.attributes
                0x0000040d       0x23 c:/sysgcc/arm-eabi/bin/../lib/gcc/arm-eabi/6.2.0/thumb/cortex_m3\libgcc.a(_arm_muldivdf3.o)
 .ARM.attributes
                0x00000430       0x23 c:/sysgcc/arm-eabi/bin/../lib/gcc/arm-eabi/6.2.0/thumb/cortex_m3\libgcc.a(_arm_fixdfsi.o)
 .ARM.attributes
                0x00000453       0x23 c:/sysgcc/arm-eabi/bin/../lib/gcc/arm-eabi/6.2.0/thumb/cortex_m3\libgcc.a(_aeabi_ldivmod.o)
 .ARM.attributes
                0x00000476       0x23 c:/sysgcc/arm-eabi/bin/../lib/gcc/arm-eabi/6.2.0/thumb/cortex_m3\libgcc.a(_aeabi_uldivmod.o)
 .ARM.attributes
                0x00000499       0x33 c:/sysgcc/arm-eabi/bin/../lib/gcc/arm-eabi/6.2.0/thumb/cortex_m3\libgcc.a(_udivmoddi4.o)
 .ARM.attributes
                0x000004cc       0x23 c:/sysgcc/arm-eabi/bin/../lib/gcc/arm-eabi/6.2.0/thumb/cortex_m3\libgcc.a(_dvmd_tls.o)
 .ARM.attributes
                0x000004ef       0x21 c:/sysgcc/arm-eabi/bin/../lib/gcc/arm-eabi/6.2.0/../../../../arm-eabi/lib/thumb/cortex_m3\libc.a(lib_a-memcpy.o)

/DISCARD/
 *(.note.GNU-stack)
                [!provide]                PROVIDE (__text_size, (__text_end - __text_start))
                [!provide]                PROVIDE (__exidx_size, (__exidx_end - __exidx_start))
                [!provide]                PROVIDE (__bss_size, (__bss_end - __bss_start))
                [!provide]                PROVIDE (__stack_size, (__stack_end - __stack_start))
                [!provide]                PROVIDE (__heap_size, (__heap_end - __heap_start))
OUTPUT(main.elf elf32-littlearm)

.debug_ranges   0x00000000       0xf0
 .debug_ranges  0x00000000       0xf0 c:/sysgcc/arm-eabi/bin/../lib/gcc/arm-eabi/6.2.0/thumb/cortex_m3\libgcc.a(_udivmoddi4.o)
