Archive member included to satisfy reference by file (symbol)

c:/sysgcc/arm-eabi/bin/../lib/gcc/arm-eabi/6.2.0/thumb/cortex_m3\libgcc.a(_arm_addsubdf3.o)
                              BeeperTask.o (__aeabi_i2d)
c:/sysgcc/arm-eabi/bin/../lib/gcc/arm-eabi/6.2.0/thumb/cortex_m3\libgcc.a(_arm_muldivdf3.o)
                              BeeperTask.o (__aeabi_dmul)
c:/sysgcc/arm-eabi/bin/../lib/gcc/arm-eabi/6.2.0/thumb/cortex_m3\libgcc.a(_arm_fixdfsi.o)
                              BeeperTask.o (__aeabi_d2iz)
c:/sysgcc/arm-eabi/bin/../lib/gcc/arm-eabi/6.2.0/thumb/cortex_m3\libgcc.a(_aeabi_ldivmod.o)
                              hwlib.o (__aeabi_ldivmod)
c:/sysgcc/arm-eabi/bin/../lib/gcc/arm-eabi/6.2.0/thumb/cortex_m3\libgcc.a(_aeabi_uldivmod.o)
                              RunGameTask.o (__aeabi_uldivmod)
c:/sysgcc/arm-eabi/bin/../lib/gcc/arm-eabi/6.2.0/thumb/cortex_m3\libgcc.a(_udivmoddi4.o)
                              c:/sysgcc/arm-eabi/bin/../lib/gcc/arm-eabi/6.2.0/thumb/cortex_m3\libgcc.a(_aeabi_ldivmod.o) (__udivmoddi4)
c:/sysgcc/arm-eabi/bin/../lib/gcc/arm-eabi/6.2.0/thumb/cortex_m3\libgcc.a(_dvmd_tls.o)
                              c:/sysgcc/arm-eabi/bin/../lib/gcc/arm-eabi/6.2.0/thumb/cortex_m3\libgcc.a(_aeabi_ldivmod.o) (__aeabi_ldiv0)
c:/sysgcc/arm-eabi/bin/../lib/gcc/arm-eabi/6.2.0/../../../../arm-eabi/lib/thumb/cortex_m3\libc.a(lib_a-memcpy.o)
                              main.o (memcpy)

Allocating common symbols
Common symbol       size              file

__dso_handle        0x4               bmptk_cortex.o

Discarded input sections

 .group         0x00000000        0x8 Beeper.o
 .text          0x00000000        0x0 Beeper.o
 .data          0x00000000        0x0 Beeper.o
 .bss           0x00000000        0x0 Beeper.o
 .text._ZN3due11ad_pin_infoENS_7ad_pinsE
                0x00000000       0x1c Beeper.o
 .text._ZN3due11ad_seq_infoEm
                0x00000000       0x20 Beeper.o
 .text._ZN5hwlib19uart_char_availableEv
                0x00000000        0x4 Beeper.o
 .text._ZN5hwlib9uart_getcEv
                0x00000000        0x4 Beeper.o
 .rodata._ZZN3due11ad_pin_infoENS_7ad_pinsEE17ad_pin_info_array
                0x00000000        0xc Beeper.o
 .rodata._ZZN3due11ad_seq_infoEmE12ad_seq_array
                0x00000000       0x70 Beeper.o
 .group         0x00000000        0x8 BeeperTask.o
 .group         0x00000000        0x8 BeeperTask.o
 .group         0x00000000        0x8 BeeperTask.o
 .text          0x00000000        0x0 BeeperTask.o
 .data          0x00000000        0x0 BeeperTask.o
 .bss           0x00000000        0x0 BeeperTask.o
 .text._ZN6sam3xa10SystemInitEv
                0x00000000       0x80 BeeperTask.o
 .text._ZN3due8pin_infoENS_4pinsE
                0x00000000       0x20 BeeperTask.o
 .text._ZN3due11ad_pin_infoENS_7ad_pinsE
                0x00000000       0x1c BeeperTask.o
 .text._ZN3due11ad_seq_infoEm
                0x00000000       0x20 BeeperTask.o
 .text._ZN3due14port_registersEm
                0x00000000       0x48 BeeperTask.o
 .text._ZN3due12ticks_per_usEv
                0x00000000        0x6 BeeperTask.o
 .text._ZN3due9now_ticksEv
                0x00000000       0x70 BeeperTask.o
 .text._ZN5hwlib9uart_putcEc
                0x00000000        0x4 BeeperTask.o
 .text._ZN5hwlib19uart_char_availableEv
                0x00000000        0x4 BeeperTask.o
 .text._ZN5hwlib9uart_getcEv
                0x00000000        0x4 BeeperTask.o
 .bss._ZZN3due9now_ticksEvE4high
                0x00000000        0x8 BeeperTask.o
 .bss._ZZN3due9now_ticksEvE8last_low
                0x00000000        0x4 BeeperTask.o
 .bss._ZZN3due9now_ticksEvE9init_done
                0x00000000        0x1 BeeperTask.o
 .data._ZN6sam3xa15SystemCoreClockE
                0x00000000        0x4 BeeperTask.o
 .rodata._ZN3due8pin_infoENS_4pinsE.str1.1
                0x00000000       0x33 BeeperTask.o
 .rodata._ZZN3due11ad_pin_infoENS_7ad_pinsEE17ad_pin_info_array
                0x00000000        0xc BeeperTask.o
 .rodata._ZZN3due11ad_seq_infoEmE12ad_seq_array
                0x00000000       0x70 BeeperTask.o
 .rodata._ZZN3due8pin_infoENS_4pinsEE14pin_info_array
                0x00000000       0xa4 BeeperTask.o
 .group         0x00000000        0x8 RunGameTask.o
 .group         0x00000000        0x8 RunGameTask.o
 .group         0x00000000        0x8 RunGameTask.o
 .group         0x00000000        0x8 RunGameTask.o
 .group         0x00000000        0x8 RunGameTask.o
 .group         0x00000000        0x8 RunGameTask.o
 .group         0x00000000        0x8 RunGameTask.o
 .group         0x00000000        0x8 RunGameTask.o
 .group         0x00000000        0x8 RunGameTask.o
 .group         0x00000000        0x8 RunGameTask.o
 .group         0x00000000        0x8 RunGameTask.o
 .group         0x00000000        0x8 RunGameTask.o
 .group         0x00000000        0x8 RunGameTask.o
 .group         0x00000000        0x8 RunGameTask.o
 .group         0x00000000        0x8 RunGameTask.o
[...]
Memory Configuration

Name             Origin             Length             Attributes
rom              0x00000000         0x00080000         xr
ram              0x20000000         0x00018000         xrw
nul              0x20018000         0x00000000         xrw
*default*        0x00000000         0xffffffff

Linker script and memory map

LOAD c:/sysgcc/arm-eabi/bin/../lib/gcc/arm-eabi/6.2.0/thumb/cortex_m3\libgcc.a
LOAD Beeper.o
LOAD BeeperTask.o
LOAD RunGameTask.o
LOAD IRSendTask.o
LOAD IR_LED.o
LOAD Register_entity.o
LOAD HP_entity.o
LOAD OLED_Controller.o
LOAD KeyPadTask.o
LOAD IRReceiveTask.o
LOAD IR_Receiver.o
LOAD Keypad.o
LOAD hwlib.o
LOAD switch_to.o
LOAD coroutine.o
LOAD rtos.o
LOAD main.o
LOAD bmptk_cortex.o
LOAD bmptk_heap_bmptk.o
LOAD bmptk_fixed_size_stack.o
LOAD c:/sysgcc/arm-eabi/bin/../lib/gcc/arm-eabi/6.2.0/../../../../arm-eabi/lib/thumb/cortex_m3\libm.a
LOAD c:/sysgcc/arm-eabi/bin/../lib/gcc/arm-eabi/6.2.0/thumb/cortex_m3\libgcc.a
LOAD c:/sysgcc/arm-eabi/bin/../lib/gcc/arm-eabi/6.2.0/../../../../arm-eabi/lib/thumb/cortex_m3\libc.a
                0x00000000                __rom_start = ORIGIN (rom)
                0x00080000                __rom_size = LENGTH (rom)
                0x00080000                __rom_end = (__rom_start + __rom_size)
                0x20000000                __ram_start = ORIGIN (ram)
                0x00018000                __ram_size = LENGTH (ram)
                0x20018000                __ram_end = (__ram_start + __ram_size)
                [!provide]                PROVIDE (__rom_start, __rom_start)
                [!provide]                PROVIDE (__rom_size, __rom_size)
                [!provide]                PROVIDE (__rom_end, __rom_end)
                [!provide]                PROVIDE (__ram_start, __ram_start)
                [!provide]                PROVIDE (__ram_size, __ram_size)
                [!provide]                PROVIDE (__ram_end, __ram_end)

.text           0x00000000     0x58dc
                0x00000000                . = ALIGN (0x4)
                0x00000000                __text_start = .
                [!provide]                PROVIDE (__text_start, __text_start)
                0x00000000                . = ALIGN (0x4)
 *(.vectors)
 .vectors       0x00000000       0x20 bmptk_cortex.o
                0x00000000                __vectors
                0x00000020                . = ALIGN (0x4)
 *(.text .text.* .gnu.linkonce.t.*)
 .text._ZN6sam3xa10SystemInitEv
                0x00000020       0x80 Beeper.o
                0x00000020                _ZN6sam3xa10SystemInitEv
 .text._ZN3due8pin_infoENS_4pinsE
                0x000000a0       0x20 Beeper.o
                0x000000a0                _ZN3due8pin_infoENS_4pinsE
 .text._ZN3due14port_registersEm
                0x000000c0       0x48 Beeper.o
                0x000000c0                _ZN3due14port_registersEm
 .text._ZN3due12ticks_per_usEv
                0x00000108        0x6 Beeper.o
                0x00000108                _ZN3due12ticks_per_usEv
 *fill*         0x0000010e        0x2 
 .text._ZN3due9now_ticksEv
                0x00000110       0x70 Beeper.o
                0x00000110                _ZN3due9now_ticksEv
 .text._ZN5hwlib9uart_putcEc
                0x00000180        0x4 Beeper.o
                0x00000180                _ZN5hwlib9uart_putcEc
 .text._ZN6BeeperC2ERN5hwlib7pin_outE
                0x00000184        0x4 Beeper.o
                0x00000184                _ZN6BeeperC2ERN5hwlib7pin_outE
                0x00000184                _ZN6BeeperC1ERN5hwlib7pin_outE
 .text._ZN6Beeper5awaitEy
                0x00000188       0x14 Beeper.o
                0x00000188                _ZN6Beeper5awaitEy
 .text._ZN6Beeper4beepEiii
                0x0000019c       0x90 Beeper.o
                0x0000019c                _ZN6Beeper4beepEiii
 .text._ZN17Beeper_ControllerC2ER6Beeper
                0x0000022c       0xa8 BeeperTask.o
                0x0000022c                _ZN17Beeper_ControllerC2ER6Beeper
                0x0000022c                _ZN17Beeper_ControllerC1ER6Beeper
 .text._ZN17Beeper_Controller12setSoundPoolEi
                0x000002d4       0x28 BeeperTask.o
                0x000002d4                _ZN17Beeper_Controller12setSoundPoolEi
 .text._ZN17Beeper_Controller12getSoundPoolEv
                0x000002fc       0x28 BeeperTask.o
                0x000002fc                _ZN17Beeper_Controller12getSoundPoolEv
 .text._ZN17Beeper_Controller14resetSoundPoolEv
                0x00000324       0x28 BeeperTask.o
                0x00000324                _ZN17Beeper_Controller14resetSoundPoolEv
 .text._ZN17Beeper_Controller10shootSoundEv
                0x0000034c       0x18 BeeperTask.o
                0x0000034c                _ZN17Beeper_Controller10shootSoundEv
 *fill*         0x00000364        0x4 
 .text._ZN17Beeper_Controller13gameOverSoundEv
                0x00000368      0x110 BeeperTask.o
                0x00000368                _ZN17Beeper_Controller13gameOverSoundEv
 .text._ZN17Beeper_Controller8hitSoundEv
                0x00000478       0x4c BeeperTask.o
                0x00000478                _ZN17Beeper_Controller8hitSoundEv
 .text.startup._ZN17Beeper_Controller4mainEv
                0x000004c4       0x48 BeeperTask.o
                0x000004c4                _ZN17Beeper_Controller4mainEv
 .text._ZN17Beeper_Controller12setSoundFlagEv
                0x0000050c        0xa BeeperTask.o
                0x0000050c                _ZN17Beeper_Controller12setSoundFlagEv
 .text._ZN5hwlib7ostreamlsEc
                0x00000516        0xe RunGameTask.o
                0x00000516                _ZN5hwlib7ostreamlsEc
 .text._ZN5hwliblsERNS_7ostreamEPKc
                0x00000524       0x66 RunGameTask.o
                0x00000524                _ZN5hwliblsERNS_7ostreamEPKc
 *fill*         0x0000058a        0x2 
 .text._ZN4rtos7channelIiLi10EE4readEv.part.7
                0x0000058c       0x28 RunGameTask.o
 .text._ZN4rtos8waitable5clearEv
                0x000005b4        0xa RunGameTask.o
                0x000005b4                _ZN4rtos8waitable5clearEv
 .text._ZN4rtos7channelIcLi10EE5clearEv
                0x000005be       0x10 RunGameTask.o
                0x000005be                _ZN4rtos7channelIcLi10EE5clearEv
 .text._ZN4rtos7channelIiLi10EE5clearEv
                0x000005ce       0x10 RunGameTask.o
                0x000005ce                _ZN4rtos7channelIiLi10EE5clearEv
 .text._ZN4rtos8waitable3setEv
                0x000005de        0xa RunGameTask.o
                0x000005de                _ZN4rtos8waitable3setEv
 .text._ZN4rtos9task_base4waitERKNS_8waitableE
                0x000005e8       0x10 RunGameTask.o
                0x000005e8                _ZN4rtos9task_base4waitERKNS_8waitableE
 .text._ZN19Run_Game_ControllerC2ER17Beeper_ControllerR18IR_Send_ControllerR15OLED_ControllerR15Register_entityR9HP_entity
                0x000005f8      0x100 RunGameTask.o
                0x000005f8                _ZN19Run_Game_ControllerC1ER17Beeper_ControllerR18IR_Send_ControllerR15OLED_ControllerR15Register_entityR9HP_entity
                0x000005f8                _ZN19Run_Game_ControllerC2ER17Beeper_ControllerR18IR_Send_ControllerR15OLED_ControllerR15Register_entityR9HP_entity
 .text._ZN19Run_Game_Controller18setKeyValueChannelEc
                0x000006f8       0x38 RunGameTask.o
                0x000006f8                _ZN19Run_Game_Controller18setKeyValueChannelEc
 .text._ZN19Run_Game_Controller17setKeyPressedFlagEv
                0x00000730        0xa RunGameTask.o
                0x00000730                _ZN19Run_Game_Controller17setKeyPressedFlagEv
 .text._ZN19Run_Game_Controller14setReceiveFlagEv
                0x0000073a        0x8 RunGameTask.o
                0x0000073a                _ZN19Run_Game_Controller14setReceiveFlagEv
 *fill*         0x00000742        0x2 
 .text._ZN19Run_Game_Controller10timePassedEi
                0x00000744       0x2c RunGameTask.o
                0x00000744                _ZN19Run_Game_Controller10timePassedEi
 .text._ZN19Run_Game_Controller14charArrayToIntEPci
                0x00000770       0x1c RunGameTask.o
                0x00000770                _ZN19Run_Game_Controller14charArrayToIntEPci
 .text._ZN19Run_Game_Controller10clearArrayEPci
                0x0000078c       0x14 RunGameTask.o
                0x0000078c                _ZN19Run_Game_Controller10clearArrayEPci
 .text._ZN4rtos7channelIcLi10EE4readEv
                0x000007a0       0x46 RunGameTask.o
                0x000007a0                _ZN4rtos7channelIcLi10EE4readEv
 .text._ZN4rtos7channelIiLi10EE4readEv
                0x000007e6       0x46 RunGameTask.o
                0x000007e6                _ZN4rtos7channelIiLi10EE4readEv
 .text.startup._ZN19Run_Game_Controller4mainEv
                0x0000082c      0x35c RunGameTask.o
                0x0000082c                _ZN19Run_Game_Controller4mainEv
 .text._ZN4rtos7channelIiLi10EE5writeEi
                0x00000b88       0x32 RunGameTask.o
                0x00000b88                _ZN4rtos7channelIiLi10EE5writeEi
 .text._ZN19Run_Game_Controller19setMessageChannelPNEi
                0x00000bba        0xe RunGameTask.o
                0x00000bba                _ZN19Run_Game_Controller19setMessageChannelPNEi
 .text._ZN19Run_Game_Controller21setMessageChannelDataEi
                0x00000bc8        0xe RunGameTask.o
                0x00000bc8                _ZN19Run_Game_Controller21setMessageChannelDataEi
 *fill*         0x00000bd6        0x2 
 .text._ZN18IR_Send_ControllerC2ER6IR_LEDR15Register_entity
                0x00000bd8       0x94 IRSendTask.o
                0x00000bd8                _ZN18IR_Send_ControllerC1ER6IR_LEDR15Register_entity
                0x00000bd8                _ZN18IR_Send_ControllerC2ER6IR_LEDR15Register_entity
 .text._ZN18IR_Send_Controller11send_signalEi
                0x00000c6c       0x58 IRSendTask.o
                0x00000c6c                _ZN18IR_Send_Controller11send_signalEi
 .text._ZN18IR_Send_Controller13encode_signalEi
                0x00000cc4       0x38 IRSendTask.o
                0x00000cc4                _ZN18IR_Send_Controller13encode_signalEi
 .text._ZN18IR_Send_Controller14setSendChannelEi
                0x00000cfc       0x40 IRSendTask.o
                0x00000cfc                _ZN18IR_Send_Controller14setSendChannelEi
 .text._ZN18IR_Send_Controller11setSendFlagEv
                0x00000d3c        0x8 IRSendTask.o
                0x00000d3c                _ZN18IR_Send_Controller11setSendFlagEv
 .text.startup._ZN18IR_Send_Controller4mainEv
                0x00000d44       0x50 IRSendTask.o
                0x00000d44                _ZN18IR_Send_Controller4mainEv
 .text._ZN6IR_LEDC2ERN3due8d2_36kHzE
                0x00000d94       0x12 IR_LED.o
                0x00000d94                _ZN6IR_LEDC1ERN3due8d2_36kHzE
                0x00000d94                _ZN6IR_LEDC2ERN3due8d2_36kHzE
 .text._ZN6IR_LED3setEi
                0x00000da6       0x10 IR_LED.o
                0x00000da6                _ZN6IR_LED3setEi
 .text._ZN15Register_entityC2Eiii
                0x00000db6        0x8 Register_entity.o
                0x00000db6                _ZN15Register_entityC2Eiii
                0x00000db6                _ZN15Register_entityC1Eiii
 .text._ZN15Register_entity5getFPEv
                0x00000dbe        0x4 Register_entity.o
                0x00000dbe                _ZN15Register_entity5getFPEv
 .text._ZN15Register_entity5getPNEv
                0x00000dc2        0x4 Register_entity.o
                0x00000dc2                _ZN15Register_entity5getPNEv
 .text._ZN15Register_entity5getDUEv
                0x00000dc6        0x4 Register_entity.o
                0x00000dc6                _ZN15Register_entity5getDUEv
 .text._ZN15Register_entity5setFPEi
                0x00000dca        0x4 Register_entity.o
                0x00000dca                _ZN15Register_entity5setFPEi
 .text._ZN15Register_entity5setPNEi
                0x00000dce        0x4 Register_entity.o
                0x00000dce                _ZN15Register_entity5setPNEi
 .text._ZN15Register_entity5setDUEi
                0x00000dd2        0x4 Register_entity.o
                0x00000dd2                _ZN15Register_entity5setDUEi
 .text._ZN9HP_entityC2Ei
                0x00000dd6        0x4 HP_entity.o
                0x00000dd6                _ZN9HP_entityC2Ei
                0x00000dd6                _ZN9HP_entityC1Ei
 .text._ZN9HP_entity5getHPEv
                0x00000dda        0x4 HP_entity.o
                0x00000dda                _ZN9HP_entity5getHPEv
 .text._ZN9HP_entity5setHPEi
                0x00000dde        0x4 HP_entity.o
                0x00000dde                _ZN9HP_entity5setHPEi
 .text._ZN5hwliblsERNS_7ostreamEi
                0x00000de2       0xd6 OLED_Controller.o
                0x00000de2                _ZN5hwliblsERNS_7ostreamEi
 .text._ZN15OLED_ControllerC2ERN5hwlib18glcd_oled_bufferedERNS0_14window_ostreamES4_S4_
                0x00000eb8       0x24 OLED_Controller.o
                0x00000eb8                _ZN15OLED_ControllerC1ERN5hwlib18glcd_oled_bufferedERNS0_14window_ostreamES4_S4_
                0x00000eb8                _ZN15OLED_ControllerC2ERN5hwlib18glcd_oled_bufferedERNS0_14window_ostreamES4_S4_
 .text._ZN15OLED_Controller5flushEv
                0x00000edc        0x8 OLED_Controller.o
                0x00000edc                _ZN15OLED_Controller5flushEv
 .text._ZN15OLED_Controller17printPlayerNumberEi
                0x00000ee4       0x38 OLED_Controller.o
                0x00000ee4                _ZN15OLED_Controller17printPlayerNumberEi
 .text._ZN15OLED_Controller10printHP_DUEii
                0x00000f1c       0x50 OLED_Controller.o
                0x00000f1c                _ZN15OLED_Controller10printHP_DUEii
 .text._ZN15OLED_Controller14printIndicatorEcc
                0x00000f6c       0x3c OLED_Controller.o
                0x00000f6c                _ZN15OLED_Controller14printIndicatorEcc
 .text.startup._ZN17keyPad_Controller4mainEv
                0x00000fa8       0x4c KeyPadTask.o
                0x00000fa8                _ZN17keyPad_Controller4mainEv
 .text._ZN17keyPad_ControllerC2ER6KeypadR19Run_Game_Controller
                0x00000ff4       0x7c KeyPadTask.o
                0x00000ff4                _ZN17keyPad_ControllerC1ER6KeypadR19Run_Game_Controller
                0x00000ff4                _ZN17keyPad_ControllerC2ER6KeypadR19Run_Game_Controller
 .text._ZN22IR_Receiver_ControllerC2ER11IR_ReceiverR19Run_Game_Controller
                0x00001070       0x7c IRReceiveTask.o
                0x00001070                _ZN22IR_Receiver_ControllerC2ER11IR_ReceiverR19Run_Game_Controller
                0x00001070                _ZN22IR_Receiver_ControllerC1ER11IR_ReceiverR19Run_Game_Controller
 .text._ZN22IR_Receiver_Controller3getEv
                0x000010ec      0x14c IRReceiveTask.o
                0x000010ec                _ZN22IR_Receiver_Controller3getEv
 .text.startup._ZN22IR_Receiver_Controller4mainEv
                0x00001238       0x50 IRReceiveTask.o
                0x00001238                _ZN22IR_Receiver_Controller4mainEv
 .text._ZN11IR_Receiver3getEv
                0x00001288        0xa IR_Receiver.o
                0x00001288                _ZN11IR_Receiver3getEv
 .text._ZN11IR_Receiver5setupEv
                0x00001292       0x26 IR_Receiver.o
                0x00001292                _ZN11IR_Receiver5setupEv
 .text._ZN11IR_ReceiverC2ERN3due6pin_inERNS0_7pin_outES4_
                0x000012b8       0x18 IR_Receiver.o
                0x000012b8                _ZN11IR_ReceiverC1ERN3due6pin_inERNS0_7pin_outES4_
                0x000012b8                _ZN11IR_ReceiverC2ERN3due6pin_inERNS0_7pin_outES4_
 .text._ZN5hwlib7istream11getc_nowaitEv
                0x000012d0       0x1a Keypad.o
                0x000012d0                _ZN5hwlib7istream11getc_nowaitEv
 .text._ZN5hwlib6keypadILi16EE4getcEv
                0x000012ea       0x24 Keypad.o
                0x000012ea                _ZN5hwlib6keypadILi16EE4getcEv
 .text._ZN5hwlib6keypadILi16EE14char_availableEv
                0x0000130e       0xa0 Keypad.o
                0x0000130e                _ZN5hwlib6keypadILi16EE14char_availableEv
 *fill*         0x000013ae        0x2 
 .text._ZN6KeypadC2EN5hwlib6keypadILi16EEE
                0x000013b0       0x34 Keypad.o
                0x000013b0                _ZN6KeypadC2EN5hwlib6keypadILi16EEE
                0x000013b0                _ZN6KeypadC1EN5hwlib6keypadILi16EEE
 .text._ZN6Keypad3getEv
                0x000013e4        0x8 Keypad.o
                0x000013e4                _ZN6Keypad3getEv
 .text._ZN5hwlib6pin_in7refreshEv
                0x000013ec        0x2 hwlib.o
                0x000013ec                _ZN5hwlib6pin_in7refreshEv
 .text._ZN5hwlib7pin_out5flushEv
                0x000013ee        0x2 hwlib.o
                0x000013ee                _ZN5hwlib7pin_out5flushEv
 .text._ZN5hwlib6pin_oc7refreshEv
                0x000013f0        0x2 hwlib.o
                0x000013f0                _ZN5hwlib6pin_oc7refreshEv
 .text._ZN5hwlib6pin_oc5flushEv
                0x000013f2        0x2 hwlib.o
                0x000013f2                _ZN5hwlib6pin_oc5flushEv
 .text._ZN5hwlib7ostream5flushEv
                0x000013f4        0x2 hwlib.o
                0x000013f4                _ZN5hwlib7ostream5flushEv
 .text._ZN5hwlib19_pin_in_dummy_class3getENS_9bufferingE
                0x000013f6        0x4 hwlib.o
                0x000013f6                _ZN5hwlib19_pin_in_dummy_class3getENS_9bufferingE
 .text._ZN5hwlib19_pin_oc_dummy_class3setEbNS_9bufferingE
                0x000013fa        0x2 hwlib.o
                0x000013fa                _ZN5hwlib19_pin_oc_dummy_class3setEbNS_9bufferingE
 .text._ZN5hwlib19_pin_oc_dummy_class3getENS_9bufferingE
                0x000013fc        0x4 hwlib.o
                0x000013fc                _ZN5hwlib19_pin_oc_dummy_class3getENS_9bufferingE
 .text._ZNK5hwlib9image_8x818get_implementationENS_8locationE
                0x00001400       0x44 hwlib.o
                0x00001400                _ZNK5hwlib9image_8x818get_implementationENS_8locationE
 .text._ZN5hwliblsERNS_7ostreamEx
                0x00001444      0x10a hwlib.o
                0x00001444                _ZN5hwliblsERNS_7ostreamEx
 .text._ZN5hwlib5panicEPKcj
                0x0000154e        0x2 hwlib.o
                0x0000154e                _ZN5hwlib5panicEPKcj
 .text._ZN5hwlib6window5writeENS_8locationENS_5colorENS_9bufferingE
                0x00001550       0x38 hwlib.o
                0x00001550                _ZN5hwlib6window5writeENS_8locationENS_5colorENS_9bufferingE
 .text._ZN3due9uart_initEv
                0x00001588       0x60 hwlib.o
                0x00001588                _ZN3due9uart_initEv
 .text._ZN3due9uart_putcEc
                0x000015e8       0x1c hwlib.o
                0x000015e8                _ZN3due9uart_putcEc
 .text._ZN5hwlib20cout_using_uart_putc4putcEc
                0x00001604        0xa hwlib.o
                0x00001604                _ZN5hwlib20cout_using_uart_putc4putcEc
 .text._ZN5hwlib6now_usEv
                0x0000160e       0x1c hwlib.o
                0x0000160e                _ZN5hwlib6now_usEv
 .text._ZN5hwlib12wait_us_busyEi
                0x0000162a       0x1c hwlib.o
                0x0000162a                _ZN5hwlib12wait_us_busyEi
 *fill*         0x00001646        0x2 
 .text          0x00001648       0x24 switch_to.o
                0x00001648                switch_from_to
 .text._ZN4rtos8callback6cancelEv
                0x0000166c        0xa rtos.o
                0x0000166c                _ZN4rtos8callback6cancelEv
 .text._ZN5hwliblsERNS_7ostreamEj
                0x00001676        0xc rtos.o
                0x00001676                _ZN5hwliblsERNS_7ostreamEj
 .text._Z6strlenPKc
                0x00001682       0x10 rtos.o
                0x00001682                _Z6strlenPKc
 .text._Z6strcpyPcPKc
                0x00001692       0x14 rtos.o
                0x00001692                _Z6strcpyPcPKc
 .text._Z15string_allocatePKc
                0x000016a6       0x26 rtos.o
                0x000016a6                _Z15string_allocatePKc
 .text._Z12nr_from_maskj
                0x000016cc       0x1a rtos.o
                0x000016cc                _Z12nr_from_maskj
 *fill*         0x000016e6        0x2 
 .text._Z15task_trampolinev
                0x000016e8       0x34 rtos.o
                0x000016e8                _Z15task_trampolinev
 .text._ZN4rtos9task_base7releaseEv
                0x0000171c       0x24 rtos.o
                0x0000171c                _ZN4rtos9task_base7releaseEv
 .text._ZN4rtos9task_base7suspendEv
                0x00001740        0x8 rtos.o
                0x00001740                _ZN4rtos9task_base7suspendEv
 .text._ZN4rtos9task_base6resumeEv
                0x00001748        0x8 rtos.o
                0x00001748                _ZN4rtos9task_base6resumeEv
 .text._ZN4rtos9task_base7unblockEv
                0x00001750       0x14 rtos.o
                0x00001750                _ZN4rtos9task_base7unblockEv
 .text._ZN4rtos9task_base5blockEv
                0x00001764       0x70 rtos.o
                0x00001764                _ZN4rtos9task_base5blockEv
 .text._ZNK4rtos9task_base5printERN5hwlib7ostreamEb
                0x000017d4      0x158 rtos.o
                0x000017d4                _ZNK4rtos9task_base5printERN5hwlib7ostreamEb
 .text._ZNK4rtos5eventeqERKS0_
                0x0000192c       0x3c rtos.o
                0x0000192c                _ZNK4rtos5eventeqERKS0_
 .text._ZNK4rtos5eventeqERKNS_8waitableE
                0x00001968       0x1a rtos.o
                0x00001968                _ZNK4rtos5eventeqERKNS_8waitableE
 *fill*         0x00001982        0x2 
 .text._ZNK4rtos4flag5printERN5hwlib7ostreamEb
                0x00001984       0xcc rtos.o
                0x00001984                _ZNK4rtos4flag5printERN5hwlib7ostreamEb
 .text._ZN4rtos5timer3setEm
                0x00001a50        0xe rtos.o
                0x00001a50                _ZN4rtos5timer3setEm
 *fill*         0x00001a5e        0x2 
 .text._ZNK4rtos5timer5printERN5hwlib7ostreamEb
                0x00001a60       0xd0 rtos.o
                0x00001a60                _ZNK4rtos5timer5printERN5hwlib7ostreamEb
 .text._ZNK4rtos5clock5printERN5hwlib7ostreamEb
                0x00001b30       0xd4 rtos.o
                0x00001b30                _ZNK4rtos5clock5printERN5hwlib7ostreamEb
 .text._ZN4rtos12waitable_set17waitable_allocateEv
                0x00001c04       0x38 rtos.o
                0x00001c04                _ZN4rtos12waitable_set17waitable_allocateEv
 .text._ZN4rtos8waitableC2EPNS_9task_baseEPKc
                0x00001c3c       0x2c rtos.o
                0x00001c3c                _ZN4rtos8waitableC1EPNS_9task_baseEPKc
                0x00001c3c                _ZN4rtos8waitableC2EPNS_9task_baseEPKc
 .text._ZN4rtos12waitable_set3setERKNS_8waitableE
                0x00001c68       0x14 rtos.o
                0x00001c68                _ZN4rtos12waitable_set3setERKNS_8waitableE
 .text._ZN4rtos5timer7time_upEv
                0x00001c7c       0x10 rtos.o
                0x00001c7c                _ZN4rtos5timer7time_upEv
                0x00001c86                _ZThn16_N4rtos5timer7time_upEv
 .text._ZN4rtos4flag3setEv
                0x00001c8c       0x10 rtos.o
                0x00001c8c                _ZN4rtos4flag3setEv
 .text._ZN4rtos12waitable_set5clearERKNS_8waitableE
                0x00001c9c        0xc rtos.o
                0x00001c9c                _ZN4rtos12waitable_set5clearERKNS_8waitableE
 .text._ZN4rtos5timer6cancelEv
                0x00001ca8       0x16 rtos.o
                0x00001ca8                _ZN4rtos5timer6cancelEv
 .text._ZThn16_N4rtos5timer6cancelEv
                0x00001cbe        0x8 rtos.o
                0x00001cbe                _ZThn16_N4rtos5timer6cancelEv
 *fill*         0x00001cc6        0x2 
 .text._ZN4rtos12waitable_set4waitEj
                0x00001cc8       0x64 rtos.o
                0x00001cc8                _ZN4rtos12waitable_set4waitEj
 .text._ZN4rtos5mutex4waitEv
                0x00001d2c       0x30 rtos.o
                0x00001d2c                _ZN4rtos5mutex4waitEv
 .text._ZN4rtos5mutex6signalEv
                0x00001d5c       0x50 rtos.o
                0x00001d5c                _ZN4rtos5mutex6signalEv
 .text._ZNK4rtos5mutex5printERN5hwlib7ostreamEb
                0x00001dac       0xec rtos.o
                0x00001dac                _ZNK4rtos5mutex5printERN5hwlib7ostreamEb
 .text._ZNK4rtos12channel_base5printERN5hwlib7ostreamEb
                0x00001e98       0xe0 rtos.o
                0x00001e98                _ZNK4rtos12channel_base5printERN5hwlib7ostreamEb
 .text._ZNK4rtos9pool_base5printERN5hwlib7ostreamEb
                0x00001f78       0x78 rtos.o
                0x00001f78                _ZNK4rtos9pool_base5printERN5hwlib7ostreamEb
 .text._ZNK4rtos12mailbox_base5printERN5hwlib7ostreamEb
                0x00001ff0       0xc4 rtos.o
                0x00001ff0                _ZNK4rtos12mailbox_base5printERN5hwlib7ostreamEb
 .text._ZN4rtos3addEPNS_4flagE
                0x000020b4       0x10 rtos.o
                0x000020b4                _ZN4rtos3addEPNS_4flagE
 .text._ZN4rtos4flagC2EPNS_9task_baseEPKc
                0x000020c4       0x20 rtos.o
                0x000020c4                _ZN4rtos4flagC2EPNS_9task_baseEPKc
                0x000020c4                _ZN4rtos4flagC1EPNS_9task_baseEPKc
 .text._ZN4rtos3addEPNS_5timerE
                0x000020e4       0x10 rtos.o
                0x000020e4                _ZN4rtos3addEPNS_5timerE
 .text._ZN4rtos3addEPNS_5mutexE
                0x000020f4       0x10 rtos.o
                0x000020f4                _ZN4rtos3addEPNS_5mutexE
 .text._ZN4rtos5mutexC2EPKc
                0x00002104       0x1e rtos.o
                0x00002104                _ZN4rtos5mutexC2EPKc
                0x00002104                _ZN4rtos5mutexC1EPKc
 *fill*         0x00002122        0x2 
 .text._ZN4rtos3addEPNS_12channel_baseE
                0x00002124       0x10 rtos.o
                0x00002124                _ZN4rtos3addEPNS_12channel_baseE
 .text._ZN4rtos12channel_baseC2EPNS_9task_baseEPKc
                0x00002134       0x30 rtos.o
                0x00002134                _ZN4rtos12channel_baseC2EPNS_9task_baseEPKc
                0x00002134                _ZN4rtos12channel_baseC1EPNS_9task_baseEPKc
 .text._ZN4rtos3addEPNS_9pool_baseE
                0x00002164       0x10 rtos.o
                0x00002164                _ZN4rtos3addEPNS_9pool_baseE
 .text._ZN4rtos9pool_baseC2EPKc
                0x00002174       0x1c rtos.o
                0x00002174                _ZN4rtos9pool_baseC1EPKc
                0x00002174                _ZN4rtos9pool_baseC2EPKc
 .text._ZN4rtos5printERN5hwlib7ostreamE
                0x00002190      0x1b4 rtos.o
                0x00002190                _ZN4rtos5printERN5hwlib7ostreamE
 .text._ZN4rtos4beatEv
                0x00002344      0x14c rtos.o
                0x00002344                _ZN4rtos4beatEv
 .text._ZN4rtos3runEv
                0x00002490       0x20 rtos.o
                0x00002490                _ZN4rtos3runEv
 .text._ZN4rtos3addEPNS_8callbackE
                0x000024b0       0x10 rtos.o
                0x000024b0                _ZN4rtos3addEPNS_8callbackE
 .text._ZN4rtos8callbackC2EPKc
                0x000024c0       0x2c rtos.o
                0x000024c0                _ZN4rtos8callbackC1EPKc
                0x000024c0                _ZN4rtos8callbackC2EPKc
 .text._ZN4rtos5timerC2EPNS_9task_baseEPKc
                0x000024ec       0x34 rtos.o
                0x000024ec                _ZN4rtos5timerC1EPNS_9task_baseEPKc
                0x000024ec                _ZN4rtos5timerC2EPNS_9task_baseEPKc
 .text._ZN4rtos3addEPNS_9task_baseE
                0x00002520       0x74 rtos.o
                0x00002520                _ZN4rtos3addEPNS_9task_baseE
 .text._ZN4rtos9task_baseC2ER9coroutineILl0EEjPKc
                0x00002594       0x4c rtos.o
                0x00002594                _ZN4rtos9task_baseC1ER9coroutineILl0EEjPKc
                0x00002594                _ZN4rtos9task_baseC2ER9coroutineILl0EEjPKc
 .text._ZN5hwlib7wait_usEi
                0x000025e0       0x3c rtos.o
                0x000025e0                _ZN5hwlib7wait_usEi
 .text._ZN5hwlib7wait_msEi
                0x0000261c       0x16 rtos.o
                0x0000261c                _ZN5hwlib7wait_msEi
 .text._ZN5hwlib7port_in7refreshEv
                0x00002632        0x2 main.o
                0x00002632                _ZN5hwlib7port_in7refreshEv
 .text._ZN5hwlib7port_oc7refreshEv
                0x00002634        0x2 main.o
                0x00002634                _ZN5hwlib7port_oc7refreshEv
 .text._ZN5hwlib7port_oc5flushEv
                0x00002636        0x2 main.o
                0x00002636                _ZN5hwlib7port_oc5flushEv
 .text._ZN5hwlib17port_in_from_pins14number_of_pinsEv
                0x00002638        0x4 main.o
                0x00002638                _ZN5hwlib17port_in_from_pins14number_of_pinsEv
 .text._ZN5hwlib17port_in_from_pins3getENS_9bufferingE
                0x0000263c       0x32 main.o
                0x0000263c                _ZN5hwlib17port_in_from_pins3getENS_9bufferingE
 .text._ZN5hwlib17port_oc_from_pins14number_of_pinsEv
                0x0000266e        0x4 main.o
                0x0000266e                _ZN5hwlib17port_oc_from_pins14number_of_pinsEv
 .text._ZN5hwlib17port_oc_from_pins3getENS_9bufferingE
                0x00002672       0x30 main.o
                0x00002672                _ZN5hwlib17port_oc_from_pins3getENS_9bufferingE
 .text._ZN5hwlib17port_oc_from_pins3setEjNS_9bufferingE
                0x000026a2       0x2c main.o
                0x000026a2                _ZN5hwlib17port_oc_from_pins3setEjNS_9bufferingE
 .text._ZN5hwlib7console7goto_xyEjj
                0x000026ce        0xa main.o
                0x000026ce                _ZN5hwlib7console7goto_xyEjj
 .text._ZN5hwlib14window_ostream22goto_xy_implementationEjj
                0x000026d8       0x20 main.o
                0x000026d8                _ZN5hwlib14window_ostream22goto_xy_implementationEjj
 .text._ZN5hwlib14window_ostream5clearEv
                0x000026f8       0x1e main.o
                0x000026f8                _ZN5hwlib14window_ostream5clearEv
 .text._ZN5hwlib14window_ostream5flushEv
                0x00002716        0x8 main.o
                0x00002716                _ZN5hwlib14window_ostream5flushEv
 .text._ZN5hwlib11window_part5flushEv
                0x0000271e        0x8 main.o
                0x0000271e                _ZN5hwlib11window_part5flushEv
 *fill*         0x00002726        0x2 
 .text._ZNK5hwlib16font_default_8x8ixEc
                0x00002728       0x14 main.o
                0x00002728                _ZNK5hwlib16font_default_8x8ixEc
 .text._ZNK5hwlib11image_16x1618get_implementationENS_8locationE
                0x0000273c       0x58 main.o
                0x0000273c                _ZNK5hwlib11image_16x1618get_implementationENS_8locationE
 .text._ZNK5hwlib18font_default_16x16ixEc
                0x00002794        0xc main.o
                0x00002794                _ZNK5hwlib18font_default_16x16ixEc
 .text._ZN5hwlib18glcd_oled_buffered5clearEv
                0x000027a0       0x1c main.o
                0x000027a0                _ZN5hwlib18glcd_oled_buffered5clearEv
 .text._ZN3due6pin_in3getEN5hwlib9bufferingE
                0x000027bc       0x10 main.o
                0x000027bc                _ZN3due6pin_in3getEN5hwlib9bufferingE
 .text._ZN3due7pin_out3setEbN5hwlib9bufferingE
                0x000027cc        0xe main.o
                0x000027cc                _ZN3due7pin_out3setEbN5hwlib9bufferingE
 .text._ZN3due6pin_oc3getEN5hwlib9bufferingE
                0x000027da       0x10 main.o
                0x000027da                _ZN3due6pin_oc3getEN5hwlib9bufferingE
 .text._ZN3due6pin_oc3setEbN5hwlib9bufferingE
                0x000027ea       0x10 main.o
                0x000027ea                _ZN3due6pin_oc3setEbN5hwlib9bufferingE
 *fill*         0x000027fa        0x2 
 .text._ZN3due8d2_36kHz3setEbN5hwlib9bufferingE
                0x000027fc       0x18 main.o
                0x000027fc                _ZN3due8d2_36kHz3setEbN5hwlib9bufferingE
 .text._ZN5hwlib7console4putcEc
                0x00002814       0xb0 main.o
                0x00002814                _ZN5hwlib7console4putcEc
 .text._ZN5hwlib26i2c_bus_bit_banged_scl_sda16wait_half_periodEv.isra.5
                0x000028c4        0x6 main.o
 .text._ZN5hwlib6window5clearENS_9bufferingE
                0x000028ca       0x56 main.o
                0x000028ca                _ZN5hwlib6window5clearENS_9bufferingE
 .text._ZN5hwlib11window_part20write_implementationENS_8locationENS_5colorENS_9bufferingE
                0x00002920       0x32 main.o
                0x00002920                _ZN5hwlib11window_part20write_implementationENS_8locationENS_5colorENS_9bufferingE
 .text._ZN5hwlib14window_ostream19putc_implementationEc
                0x00002952       0x88 main.o
                0x00002952                _ZN5hwlib14window_ostream19putc_implementationEc
 *fill*         0x000029da        0x2 
 .text._ZN5hwlib14window_ostreamC2ERNS_6windowERKNS_4fontE
                0x000029dc       0x60 main.o
                0x000029dc                _ZN5hwlib14window_ostreamC1ERNS_6windowERKNS_4fontE
                0x000029dc                _ZN5hwlib14window_ostreamC2ERNS_6windowERKNS_4fontE
 .text._ZN5hwlib26i2c_bus_bit_banged_scl_sda9write_bitEb
                0x00002a3c       0x36 main.o
                0x00002a3c                _ZN5hwlib26i2c_bus_bit_banged_scl_sda9write_bitEb
 .text._ZN5hwlib26i2c_bus_bit_banged_scl_sda8read_bitEv
                0x00002a72       0x44 main.o
                0x00002a72                _ZN5hwlib26i2c_bus_bit_banged_scl_sda8read_bitEv
 .text._ZN5hwlib26i2c_bus_bit_banged_scl_sda11write_startEv
                0x00002ab6       0x28 main.o
                0x00002ab6                _ZN5hwlib26i2c_bus_bit_banged_scl_sda11write_startEv
 .text._ZN5hwlib26i2c_bus_bit_banged_scl_sda10write_stopEv
                0x00002ade       0x48 main.o
                0x00002ade                _ZN5hwlib26i2c_bus_bit_banged_scl_sda10write_stopEv
 .text._ZN5hwlib26i2c_bus_bit_banged_scl_sda10write_byteEj
                0x00002b26       0x1c main.o
                0x00002b26                _ZN5hwlib26i2c_bus_bit_banged_scl_sda10write_byteEj
 .text._ZN5hwlib26i2c_bus_bit_banged_scl_sda5writeEjPKhj
                0x00002b42       0x3a main.o
                0x00002b42                _ZN5hwlib26i2c_bus_bit_banged_scl_sda5writeEjPKhj
 .text._ZN5hwlib26i2c_bus_bit_banged_scl_sda4readEjPhj
                0x00002b7c       0x60 main.o
                0x00002b7c                _ZN5hwlib26i2c_bus_bit_banged_scl_sda4readEjPhj
 .text._ZN5hwlib18glcd_oled_buffered7commandEhhh
                0x00002bdc       0x30 main.o
                0x00002bdc                _ZN5hwlib18glcd_oled_buffered7commandEhhh
 .text._ZN5hwlib18glcd_oled_buffered5flushEv
                0x00002c0c       0x5c main.o
                0x00002c0c                _ZN5hwlib18glcd_oled_buffered5flushEv
 .text._ZN5hwlib18glcd_oled_buffered20write_implementationENS_8locationENS_5colorENS_9bufferingE
                0x00002c68       0xba main.o
                0x00002c68                _ZN5hwlib18glcd_oled_buffered20write_implementationENS_8locationENS_5colorENS_9bufferingE
 *fill*         0x00002d22        0x2 
 .text._ZN3due6pin_inC2ENS_4pinsE
                0x00002d24       0x34 main.o
                0x00002d24                _ZN3due6pin_inC2ENS_4pinsE
                0x00002d24                _ZN3due6pin_inC1ENS_4pinsE
 .text._ZN3due7pin_outC2ENS_4pinsE
                0x00002d58       0x34 main.o
                0x00002d58                _ZN3due7pin_outC2ENS_4pinsE
                0x00002d58                _ZN3due7pin_outC1ENS_4pinsE
 .text._ZN3due6pin_ocC2ENS_4pinsE
                0x00002d8c       0x34 main.o
                0x00002d8c                _ZN3due6pin_ocC2ENS_4pinsE
                0x00002d8c                _ZN3due6pin_ocC1ENS_4pinsE
 .text._ZN4rtos8callbackD2Ev
                0x00002dc0       0x30 main.o
                0x00002dc0                _ZN4rtos8callbackD1Ev
                0x00002dc0                _ZN4rtos8callbackD2Ev
 .text.startup.main
                0x00002df0      0x490 main.o
                0x00002df0                main
 .text.__startup
                0x00003280       0x48 bmptk_cortex.o
                0x00003280                __startup
 .text.__cxa_pure_virtual
                0x000032c8        0x2 bmptk_cortex.o
                0x000032c8                __cxa_pure_virtual
 *fill*         0x000032ca        0x2 
 .text.malloc   0x000032cc       0x24 bmptk_heap_bmptk.o
                0x000032cc                malloc
 .text          0x000032f0      0x370 c:/sysgcc/arm-eabi/bin/../lib/gcc/arm-eabi/6.2.0/thumb/cortex_m3\libgcc.a(_arm_addsubdf3.o)
                0x000032f0                __aeabi_drsub
                0x000032f8                __aeabi_dsub
                0x000032f8                __subdf3
                0x000032fc                __aeabi_dadd
                0x000032fc                __adddf3
                0x00003574                __floatunsidf
                0x00003574                __aeabi_ui2d
                0x00003594                __floatsidf
                0x00003594                __aeabi_i2d
                0x000035b8                __aeabi_f2d
                0x000035b8                __extendsfdf2
                0x000035f4                __floatundidf
                0x000035f4                __aeabi_ul2d
                0x00003604                __floatdidf
                0x00003604                __aeabi_l2d
 .text          0x00003660      0x424 c:/sysgcc/arm-eabi/bin/../lib/gcc/arm-eabi/6.2.0/thumb/cortex_m3\libgcc.a(_arm_muldivdf3.o)
                0x00003660                __aeabi_dmul
                0x00003660                __muldf3
                0x000038b4                __divdf3
                0x000038b4                __aeabi_ddiv
 .text          0x00003a84       0x50 c:/sysgcc/arm-eabi/bin/../lib/gcc/arm-eabi/6.2.0/thumb/cortex_m3\libgcc.a(_arm_fixdfsi.o)
                0x00003a84                __aeabi_d2iz
                0x00003a84                __fixdfsi
 .text          0x00003ad4       0xa0 c:/sysgcc/arm-eabi/bin/../lib/gcc/arm-eabi/6.2.0/thumb/cortex_m3\libgcc.a(_aeabi_ldivmod.o)
                0x00003ad4                __aeabi_ldivmod
 .text          0x00003b74       0x30 c:/sysgcc/arm-eabi/bin/../lib/gcc/arm-eabi/6.2.0/thumb/cortex_m3\libgcc.a(_aeabi_uldivmod.o)
                0x00003b74                __aeabi_uldivmod
 .text          0x00003ba4      0x2dc c:/sysgcc/arm-eabi/bin/../lib/gcc/arm-eabi/6.2.0/thumb/cortex_m3\libgcc.a(_udivmoddi4.o)
                0x00003ba4                __udivmoddi4
 .text          0x00003e80        0x4 c:/sysgcc/arm-eabi/bin/../lib/gcc/arm-eabi/6.2.0/thumb/cortex_m3\libgcc.a(_dvmd_tls.o)
                0x00003e80                __aeabi_ldiv0
 .text          0x00003e84       0xec c:/sysgcc/arm-eabi/bin/../lib/gcc/arm-eabi/6.2.0/../../../../arm-eabi/lib/thumb/cortex_m3\libc.a(lib_a-memcpy.o)
                0x00003e84                memcpy
                0x00003f70                . = ALIGN (0x4)
 *(.glue_7t .glue_7)
 .glue_7        0x00003f70        0x0 linker stubs
 .glue_7t       0x00003f70        0x0 linker stubs
                0x00003f70                . = ALIGN (0x4)
 *(.rodata .rodata.* .gnu.linkonce.r.*)
 .rodata._ZN3due8pin_infoENS_4pinsE.str1.1
                0x00003f70       0x33 Beeper.o
 .rodata._ZZN3due8pin_infoENS_4pinsEE14pin_info_array
                0x00003fa3       0xa4 Beeper.o
 *fill*         0x00004047        0x1 
 .rodata._ZTV17Beeper_Controller
                0x00004048       0x14 BeeperTask.o
                0x00004048                _ZTV17Beeper_Controller
 .rodata._ZN17Beeper_ControllerC2ER6Beeper.str1.1
                0x0000405c       0x35 BeeperTask.o
 *fill*         0x00004091        0x3 
 .rodata._ZTVN4rtos7channelIiLi10EEE
                0x00004094        0xc RunGameTask.o
                0x00004094                _ZTVN4rtos7channelIiLi10EEE
 .rodata._ZTVN4rtos7channelIcLi10EEE
                0x000040a0        0xc RunGameTask.o
                0x000040a0                _ZTVN4rtos7channelIcLi10EEE
 .rodata._ZTV19Run_Game_Controller
                0x000040ac       0x14 RunGameTask.o
                0x000040ac                _ZTV19Run_Game_Controller
 .rodata._ZN19Run_Game_ControllerC2ER17Beeper_ControllerR18IR_Send_ControllerR15OLED_ControllerR15Register_entityR9HP_entity.str1.1
                0x000040c0       0x5c RunGameTask.o
 .rodata._ZN4rtos7channelIiLi10EE4readEv.part.7.str1.1
                0x0000411c       0x32 RunGameTask.o
                                 0x34 (size before relaxing)
 *fill*         0x0000414e        0x2 
 .rodata._ZTV18IR_Send_Controller
                0x00004150       0x14 IRSendTask.o
                0x00004150                _ZTV18IR_Send_Controller
 .rodata._ZN18IR_Send_ControllerC2ER6IR_LEDR15Register_entity.str1.1
                0x00004164       0x20 IRSendTask.o
 .rodata._ZN15OLED_Controller10printHP_DUEii.str1.1
                0x00004184        0x8 OLED_Controller.o
                                  0xa (size before relaxing)
 .rodata._ZN15OLED_Controller14printIndicatorEcc.str1.1
                0x0000418c        0x7 OLED_Controller.o
 .rodata._ZN15OLED_Controller17printPlayerNumberEi.str1.1
                0x00004193        0xa OLED_Controller.o
                                  0xc (size before relaxing)
 *fill*         0x0000419d        0x3 
 .rodata._ZTV17keyPad_Controller
                0x000041a0       0x14 KeyPadTask.o
                0x000041a0                _ZTV17keyPad_Controller
 .rodata._ZN17keyPad_ControllerC2ER6KeypadR19Run_Game_Controller.str1.1
                0x000041b4       0x1e KeyPadTask.o
 *fill*         0x000041d2        0x2 
 .rodata._ZTV22IR_Receiver_Controller
                0x000041d4       0x14 IRReceiveTask.o
                0x000041d4                _ZTV22IR_Receiver_Controller
 .rodata._ZN22IR_Receiver_ControllerC2ER11IR_ReceiverR19Run_Game_Controller.str1.1
                0x000041e8        0xf IRReceiveTask.o
 *fill*         0x000041f7        0x1 
 .rodata._ZTVN5hwlib6keypadILi16EEE
                0x000041f8       0x14 Keypad.o
                0x000041f8                _ZTVN5hwlib6keypadILi16EEE
 .rodata._ZTVN5hwlib20cout_using_uart_putcE
                0x0000420c       0x10 hwlib.o
                0x0000420c                _ZTVN5hwlib20cout_using_uart_putcE
 .rodata._ZTVN5hwlib19_pin_in_dummy_classE
                0x0000421c       0x10 hwlib.o
                0x0000421c                _ZTVN5hwlib19_pin_in_dummy_classE
 .rodata._ZTVN5hwlib19_pin_oc_dummy_classE
                0x0000422c       0x18 hwlib.o
                0x0000422c                _ZTVN5hwlib19_pin_oc_dummy_classE
 .rodata._ZTVN5hwlib9image_8x8E
                0x00004244        0xc hwlib.o
                0x00004244                _ZTVN5hwlib9image_8x8E
 .rodata._ZN5hwlib16font_default_8x86imagesE
                0x00004250      0xa00 hwlib.o
                0x00004250                _ZN5hwlib16font_default_8x86imagesE
 .rodata._ZN5hwlibL5blackE
                0x00004c50        0x4 hwlib.o
 .rodata._ZN5hwlibL5whiteE
                0x00004c54        0x4 hwlib.o
 .rodata._ZTVN4rtos8waitableE
                0x00004c58        0xc rtos.o
                0x00004c58                _ZTVN4rtos8waitableE
 .rodata._ZTVN4rtos4flagE
                0x00004c64        0xc rtos.o
                0x00004c64                _ZTVN4rtos4flagE
 .rodata._ZTVN4rtos8callbackE
                0x00004c70       0x10 rtos.o
                0x00004c70                _ZTVN4rtos8callbackE
 .rodata._ZTVN4rtos12channel_baseE
                0x00004c80        0xc rtos.o
                0x00004c80                _ZTVN4rtos12channel_baseE
 .rodata._Z15task_trampolinev.str1.1
                0x00004c8c       0x2e rtos.o
 .rodata._ZN4rtos12waitable_set17waitable_allocateEv.str1.1
                0x00004cba       0x1b rtos.o
 .rodata._ZN4rtos3addEPNS_9task_baseE.str1.1
                0x00004cd5       0x2e rtos.o
 .rodata._ZN4rtos4beatEv.str1.1
                0x00004d03       0x3e rtos.o
 .rodata._ZN4rtos5mutex6signalEv.str1.1
                0x00004d41       0x21 rtos.o
 .rodata._ZN4rtos5printERN5hwlib7ostreamE.str1.1
                0x00004d62       0x83 rtos.o
 .rodata._ZN4rtos9task_base5blockEv.str1.1
                0x00004de5       0x37 rtos.o
                                 0x4b (size before relaxing)
 .rodata._ZN4rtos9task_baseC2ER9coroutineILl0EEjPKc.str1.1
                0x00004e1c        0x8 rtos.o
 .rodata._ZNK4rtos12channel_base5printERN5hwlib7ostreamEb.str1.1
                0x00004e24       0x23 rtos.o
 .rodata._ZNK4rtos12mailbox_base5printERN5hwlib7ostreamEb.str1.1
                0x00004e47       0x1b rtos.o
 .rodata._ZNK4rtos4flag5printERN5hwlib7ostreamEb.str1.1
                0x00004e62       0x1e rtos.o
 .rodata._ZNK4rtos5clock5printERN5hwlib7ostreamEb.str1.1
                0x00004e80       0x1d rtos.o
 .rodata._ZNK4rtos5eventeqERKS0_.str1.1
                0x00004e9d       0x21 rtos.o
 .rodata._ZNK4rtos5mutex5printERN5hwlib7ostreamEb.str1.1
                0x00004ebe       0x29 rtos.o
 .rodata._ZNK4rtos5timer5printERN5hwlib7ostreamEb.str1.1
                0x00004ee7       0x13 rtos.o
 .rodata._ZNK4rtos9pool_base5printERN5hwlib7ostreamEb.str1.1
                0x00004efa       0x10 rtos.o
 .rodata._ZNK4rtos9task_base5printERN5hwlib7ostreamEb.str1.1
                0x00004f0a       0x39 rtos.o
 *fill*         0x00004f43        0x1 
 .rodata._ZTVN4rtos5timerE
                0x00004f44       0x24 rtos.o
                0x00004f44                _ZTVN4rtos5timerE
 .rodata._ZTVN4rtos9task_baseE
                0x00004f68       0x14 rtos.o
                0x00004f68                _ZTVN4rtos9task_baseE
 .rodata._ZTVN5hwlib17port_in_from_pinsE
                0x00004f7c       0x14 main.o
                0x00004f7c                _ZTVN5hwlib17port_in_from_pinsE
 .rodata._ZTVN5hwlib17port_oc_from_pinsE
                0x00004f90       0x1c main.o
                0x00004f90                _ZTVN5hwlib17port_oc_from_pinsE
 .rodata._ZTVN5hwlib14window_ostreamE
                0x00004fac       0x20 main.o
                0x00004fac                _ZTVN5hwlib14window_ostreamE
 .rodata._ZTVN5hwlib11window_partE
                0x00004fcc       0x14 main.o
                0x00004fcc                _ZTVN5hwlib11window_partE
 .rodata._ZTVN5hwlib16font_default_8x8E
                0x00004fe0        0xc main.o
                0x00004fe0                _ZTVN5hwlib16font_default_8x8E
 .rodata._ZTVN5hwlib11image_16x16E
                0x00004fec        0xc main.o
                0x00004fec                _ZTVN5hwlib11image_16x16E
 .rodata._ZTVN5hwlib18font_default_16x16E
                0x00004ff8        0xc main.o
                0x00004ff8                _ZTVN5hwlib18font_default_16x16E
 .rodata._ZTVN5hwlib26i2c_bus_bit_banged_scl_sdaE
                0x00005004       0x10 main.o
                0x00005004                _ZTVN5hwlib26i2c_bus_bit_banged_scl_sdaE
 .rodata._ZTVN5hwlib18glcd_oled_bufferedE
                0x00005014       0x18 main.o
                0x00005014                _ZTVN5hwlib18glcd_oled_bufferedE
 .rodata._ZTVN3due6pin_inE
                0x0000502c       0x10 main.o
                0x0000502c                _ZTVN3due6pin_inE
 .rodata._ZTVN3due7pin_outE
                0x0000503c       0x10 main.o
                0x0000503c                _ZTVN3due7pin_outE
 .rodata._ZTVN3due6pin_ocE
                0x0000504c       0x18 main.o
                0x0000504c                _ZTVN3due6pin_ocE
 .rodata._ZTVN3due8d2_36kHzE
                0x00005064       0x10 main.o
                0x00005064                _ZTVN3due8d2_36kHzE
 .rodata._ZZN5hwlib18glcd_oled_bufferedC4ERNS_7i2c_busEjE13init_sequence
                0x00005074       0x29 main.o
                0x00005074                _ZZN5hwlib18glcd_oled_bufferedC4ERNS_7i2c_busEjE13init_sequence
 *fill*         0x0000509d        0x3 
 .rodata        0x000050a0      0x800 main.o
 .rodata._ZN4rtos8callbackD2Ev.str1.1
                0x000058a0       0x21 main.o
                                 0x35 (size before relaxing)
 .rodata._ZN5hwlibL5blackE
                0x000058c1        0x4 main.o
 .rodata._ZN5hwlibL5whiteE
                0x000058c5        0x4 main.o
 .rodata.main.str1.1
                0x000058c9       0x11 main.o
                0x000058dc                . = ALIGN (0x4)
 *fill*         0x000058da        0x2 
 *(.ARM.extab* .gnu.linkonce.armextab.*)
                0x000058dc                . = ALIGN (0x4)
 *(.gcc_except_table)
                0x000058dc                . = ALIGN (0x4)
 *(.eh_frame_hdr)
                0x000058dc                . = ALIGN (0x4)
 *(.eh_frame)
                0x000058dc                . = ALIGN (0x4)
                0x000058dc                __text_end = .
                [!provide]                PROVIDE (__text_end, __text_end)

.vfp11_veneer   0x000058dc        0x0
 .vfp11_veneer  0x000058dc        0x0 linker stubs

.v4_bx          0x000058dc        0x0
 .v4_bx         0x000058dc        0x0 linker stubs

.iplt           0x000058dc        0x0
 .iplt          0x000058dc        0x0 Beeper.o

.IF_YOU_SEE_THIS_YOU_HAVE_ONE_OR_MORE_GLOBAL_OBJECT_CONSTRUCTORS
 *(.init)
 *(.preinit_array)
 *(SORT(.init_array.*))
 *(.init_array)
                0x000058dc                . = ALIGN (0x4)
                0x000058dc                __exidx_start = .
                [!provide]                PROVIDE (__exidx_start, __exidx_start)

.ARM.exidx      0x000058dc        0x8
 *(.ARM.exidx* .gnu.linkonce.armexidx.*)
 .ARM.exidx     0x000058dc        0x8 c:/sysgcc/arm-eabi/bin/../lib/gcc/arm-eabi/6.2.0/thumb/cortex_m3\libgcc.a(_udivmoddi4.o)

.rel.dyn        0x000058e4        0x0
 .rel.iplt      0x000058e4        0x0 Beeper.o
                0x000058e4                . = ALIGN (0x4)
                0x000058e4                __exidx_end = .
                [!provide]                PROVIDE (__exidx_end, __exidx_end)

.bss            0x20000000    0x14050
                0x20000000                . = ALIGN (0x4)
                0x20000000                __stack_start = .
                [!provide]                PROVIDE (__stack_start, __stack_start)
                0x20000000                . = ALIGN (0x4)
 *(.bmptk_stack)
 .bmptk_stack   0x20000000    0x14000 bmptk_fixed_size_stack.o
                0x20000000                bmptk_stack
                0x20014000                . = ALIGN (0x8)
                0x20014000                __main_stack_end = .
                [!provide]                PROVIDE (__main_stack_end, __main_stack_end)
                0x20014000                . = ALIGN (0x4)
                0x20014000                __stack_end = .
                [!provide]                PROVIDE (__stack_end, __stack_end)
                0x20014000                . = ALIGN (0x4)
                0x20014000                __bss_start = .
                [!provide]                PROVIDE (__bss_start, __bss_start)
                0x20014000                . = ALIGN (0x4)
 *(.bss .bss.* .gnu.linkonce.b.*)
 .bss._ZZN3due9now_ticksEvE4high
                0x20014000        0x8 Beeper.o
 .bss._ZZN3due9now_ticksEvE8last_low
                0x20014008        0x4 Beeper.o
 .bss._ZZN3due9now_ticksEvE9init_done
                0x2001400c        0x1 Beeper.o
 .bss._ZZN3due9uart_initEvE9init_done
                0x2001400d        0x1 hwlib.o
 *fill*         0x2001400e        0x2 
 .bss._ZN17coroutine_context7main_spE
                0x20014010        0x4 coroutine.o
                0x20014010                _ZN17coroutine_context7main_spE
 .bss._ZN4rtos10must_clearE
                0x20014014        0x1 rtos.o
                0x20014014                _ZN4rtos10must_clearE
 *fill*         0x20014015        0x3 
 .bss._ZN4rtos17rtos_current_taskE
                0x20014018        0x4 rtos.o
                0x20014018                _ZN4rtos17rtos_current_taskE
 .bss._ZN4rtos17scheduler_runningE
                0x2001401c        0x1 rtos.o
                0x2001401c                _ZN4rtos17scheduler_runningE
 *fill*         0x2001401d        0x3 
 .bss._ZN4rtos5flagsE
                0x20014020        0x4 rtos.o
                0x20014020                _ZN4rtos5flagsE
 .bss._ZN4rtos5poolsE
                0x20014024        0x4 rtos.o
                0x20014024                _ZN4rtos5poolsE
 .bss._ZN4rtos6clocksE
                0x20014028        0x4 rtos.o
                0x20014028                _ZN4rtos6clocksE
 .bss._ZN4rtos6timersE
                0x2001402c        0x4 rtos.o
                0x2001402c                _ZN4rtos6timersE
 .bss._ZN4rtos7mutexesE
                0x20014030        0x4 rtos.o
                0x20014030                _ZN4rtos7mutexesE
 .bss._ZN4rtos8channelsE
                0x20014034        0x4 rtos.o
                0x20014034                _ZN4rtos8channelsE
 .bss._ZN4rtos8taskListE
                0x20014038        0x4 rtos.o
                0x20014038                _ZN4rtos8taskListE
 .bss._ZN4rtos9mailboxesE
                0x2001403c        0x4 rtos.o
                0x2001403c                _ZN4rtos9mailboxesE
 .bss._ZN4rtos9timerListE
                0x20014040        0x4 rtos.o
                0x20014040                _ZN4rtos9timerListE
 *fill*         0x20014044        0x4 
 .bss.last_run_time
                0x20014048        0x8 rtos.o
                0x20014048                last_run_time
                0x20014050                . = ALIGN (0x4)
 *(COMMON)
                0x20014050                . = ALIGN (0x4)
                0x20014050                __bss_end = .
                [!provide]                PROVIDE (__bss_end, __bss_end)

.data           0x20014050      0xc14 load address 0x000058e4
                0x20014050                . = ALIGN (0x4)
                0x000058e4                __data_init_start = LOADADDR (.data)
                [!provide]                PROVIDE (__data_init_start, __data_init_start)
                0x20014050                __data_start = .
                [!provide]                PROVIDE (__data_start, __data_start)
                0x20014050                . = ALIGN (0x4)
 *(.data .data.* .gnu.linkonce.d.*)
 .data._ZN6sam3xa15SystemCoreClockE
                0x20014050        0x4 Beeper.o
                0x20014050                _ZN6sam3xa15SystemCoreClockE
 .data._ZN3due7hw_uartE
                0x20014054        0x4 hwlib.o
                0x20014054                _ZN3due7hw_uartE
 .data._ZN5hwlib12pin_in_dummyE
                0x20014058        0x4 hwlib.o
                0x20014058                _ZN5hwlib12pin_in_dummyE
 .data._ZN5hwlib12pin_oc_dummyE
                0x2001405c        0x4 hwlib.o
                0x2001405c                _ZN5hwlib12pin_oc_dummyE
 .data._ZN5hwlib15font_16x16_dataE
                0x20014060      0xbe4 hwlib.o
                0x20014060                _ZN5hwlib15font_16x16_dataE
 .data._ZN5hwlib4coutE
                0x20014c44       0x14 hwlib.o
                0x20014c44                _ZN5hwlib4coutE
 .data._ZN17coroutine_context24current_coroutine_sp_ptrE
                0x20014c58        0x4 coroutine.o
                0x20014c58                _ZN17coroutine_context24current_coroutine_sp_ptrE
 .data._first_free
                0x20014c5c        0x4 bmptk_heap_bmptk.o
                0x20014c5c                _first_free
 .data._last_free
                0x20014c60        0x4 bmptk_heap_bmptk.o
                0x20014c60                _last_free
                0x20014c64                . = ALIGN (0x4)
                0x20014c64                __data_end = .
                [!provide]                PROVIDE (__data_end, __data_end)
                0x000058e4                __data_init_end = LOADADDR (.data)
                [!provide]                PROVIDE (__data_init_end, __data_init_end)
                0x00000c14                PROVIDE (__data_size, (__data_end - __data_start))
                0x00000c14                PROVIDE (__data_init_size, __data_size)
                [!provide]                PROVIDE (__data_init_end, (__data_init_start + __data_init_size))

.igot.plt       0x20014c64        0x0 load address 0x000064f8
 .igot.plt      0x20014c64        0x0 Beeper.o
                0x20014c64                . = ALIGN (0x4)
                0x20014c64                __heap_start = .
                [!provide]                PROVIDE (__heap_start, __heap_start)
                0x20014c64                . = ALIGN (0x4)
                0x20018000                __heap_end = __ram_end
                [!provide]                PROVIDE (__heap_end, __heap_end)

.stab
 *(.stab)

.stabstr
 *(.stabstr)

.debug
 *(.debug)

.line
 *(.line)

.debug_srcinfo
 *(.debug_srcinfo)

.debug_sfnames
 *(.debug_sfnames)

.debug_aranges  0x00000000      0x100
 *(.debug_aranges)
 .debug_aranges
                0x00000000       0x20 c:/sysgcc/arm-eabi/bin/../lib/gcc/arm-eabi/6.2.0/thumb/cortex_m3\libgcc.a(_arm_addsubdf3.o)
 .debug_aranges
                0x00000020       0x20 c:/sysgcc/arm-eabi/bin/../lib/gcc/arm-eabi/6.2.0/thumb/cortex_m3\libgcc.a(_arm_muldivdf3.o)
 .debug_aranges
                0x00000040       0x20 c:/sysgcc/arm-eabi/bin/../lib/gcc/arm-eabi/6.2.0/thumb/cortex_m3\libgcc.a(_arm_fixdfsi.o)
 .debug_aranges
                0x00000060       0x20 c:/sysgcc/arm-eabi/bin/../lib/gcc/arm-eabi/6.2.0/thumb/cortex_m3\libgcc.a(_aeabi_ldivmod.o)
 .debug_aranges
                0x00000080       0x20 c:/sysgcc/arm-eabi/bin/../lib/gcc/arm-eabi/6.2.0/thumb/cortex_m3\libgcc.a(_aeabi_uldivmod.o)
 .debug_aranges
                0x000000a0       0x20 c:/sysgcc/arm-eabi/bin/../lib/gcc/arm-eabi/6.2.0/thumb/cortex_m3\libgcc.a(_udivmoddi4.o)
 .debug_aranges
                0x000000c0       0x20 c:/sysgcc/arm-eabi/bin/../lib/gcc/arm-eabi/6.2.0/thumb/cortex_m3\libgcc.a(_dvmd_tls.o)
 .debug_aranges
                0x000000e0       0x20 c:/sysgcc/arm-eabi/bin/../lib/gcc/arm-eabi/6.2.0/../../../../arm-eabi/lib/thumb/cortex_m3\libc.a(lib_a-memcpy.o)

.debug_pubnames
 *(.debug_pubnames)

.debug_info     0x00000000     0x1236
 *(.debug_info .gnu.linkonce.wi.*)
 .debug_info    0x00000000       0xde c:/sysgcc/arm-eabi/bin/../lib/gcc/arm-eabi/6.2.0/thumb/cortex_m3\libgcc.a(_arm_addsubdf3.o)
 .debug_info    0x000000de       0xde c:/sysgcc/arm-eabi/bin/../lib/gcc/arm-eabi/6.2.0/thumb/cortex_m3\libgcc.a(_arm_muldivdf3.o)
 .debug_info    0x000001bc       0xde c:/sysgcc/arm-eabi/bin/../lib/gcc/arm-eabi/6.2.0/thumb/cortex_m3\libgcc.a(_arm_fixdfsi.o)
 .debug_info    0x0000029a       0xd9 c:/sysgcc/arm-eabi/bin/../lib/gcc/arm-eabi/6.2.0/thumb/cortex_m3\libgcc.a(_aeabi_ldivmod.o)
 .debug_info    0x00000373       0xd9 c:/sysgcc/arm-eabi/bin/../lib/gcc/arm-eabi/6.2.0/thumb/cortex_m3\libgcc.a(_aeabi_uldivmod.o)
 .debug_info    0x0000044c      0xc00 c:/sysgcc/arm-eabi/bin/../lib/gcc/arm-eabi/6.2.0/thumb/cortex_m3\libgcc.a(_udivmoddi4.o)
 .debug_info    0x0000104c       0xdd c:/sysgcc/arm-eabi/bin/../lib/gcc/arm-eabi/6.2.0/thumb/cortex_m3\libgcc.a(_dvmd_tls.o)
 .debug_info    0x00001129      0x10d c:/sysgcc/arm-eabi/bin/../lib/gcc/arm-eabi/6.2.0/../../../../arm-eabi/lib/thumb/cortex_m3\libc.a(lib_a-memcpy.o)

.debug_abbrev   0x00000000      0x218
 *(.debug_abbrev)
 .debug_abbrev  0x00000000       0x14 c:/sysgcc/arm-eabi/bin/../lib/gcc/arm-eabi/6.2.0/thumb/cortex_m3\libgcc.a(_arm_addsubdf3.o)
 .debug_abbrev  0x00000014       0x14 c:/sysgcc/arm-eabi/bin/../lib/gcc/arm-eabi/6.2.0/thumb/cortex_m3\libgcc.a(_arm_muldivdf3.o)
 .debug_abbrev  0x00000028       0x14 c:/sysgcc/arm-eabi/bin/../lib/gcc/arm-eabi/6.2.0/thumb/cortex_m3\libgcc.a(_arm_fixdfsi.o)
 .debug_abbrev  0x0000003c       0x14 c:/sysgcc/arm-eabi/bin/../lib/gcc/arm-eabi/6.2.0/thumb/cortex_m3\libgcc.a(_aeabi_ldivmod.o)
 .debug_abbrev  0x00000050       0x14 c:/sysgcc/arm-eabi/bin/../lib/gcc/arm-eabi/6.2.0/thumb/cortex_m3\libgcc.a(_aeabi_uldivmod.o)
 .debug_abbrev  0x00000064      0x18c c:/sysgcc/arm-eabi/bin/../lib/gcc/arm-eabi/6.2.0/thumb/cortex_m3\libgcc.a(_udivmoddi4.o)
 .debug_abbrev  0x000001f0       0x14 c:/sysgcc/arm-eabi/bin/../lib/gcc/arm-eabi/6.2.0/thumb/cortex_m3\libgcc.a(_dvmd_tls.o)
 .debug_abbrev  0x00000204       0x14 c:/sysgcc/arm-eabi/bin/../lib/gcc/arm-eabi/6.2.0/../../../../arm-eabi/lib/thumb/cortex_m3\libc.a(lib_a-memcpy.o)

.debug_line     0x00000000      0x820
 *(.debug_line)
 .debug_line    0x00000000      0x189 c:/sysgcc/arm-eabi/bin/../lib/gcc/arm-eabi/6.2.0/thumb/cortex_m3\libgcc.a(_arm_addsubdf3.o)
 .debug_line    0x00000189      0x1a5 c:/sysgcc/arm-eabi/bin/../lib/gcc/arm-eabi/6.2.0/thumb/cortex_m3\libgcc.a(_arm_muldivdf3.o)
 .debug_line    0x0000032e       0x80 c:/sysgcc/arm-eabi/bin/../lib/gcc/arm-eabi/6.2.0/thumb/cortex_m3\libgcc.a(_arm_fixdfsi.o)
 .debug_line    0x000003ae       0x85 c:/sysgcc/arm-eabi/bin/../lib/gcc/arm-eabi/6.2.0/thumb/cortex_m3\libgcc.a(_aeabi_ldivmod.o)
 .debug_line    0x00000433       0x67 c:/sysgcc/arm-eabi/bin/../lib/gcc/arm-eabi/6.2.0/thumb/cortex_m3\libgcc.a(_aeabi_uldivmod.o)
 .debug_line    0x0000049a      0x24e c:/sysgcc/arm-eabi/bin/../lib/gcc/arm-eabi/6.2.0/thumb/cortex_m3\libgcc.a(_udivmoddi4.o)
 .debug_line    0x000006e8       0x67 c:/sysgcc/arm-eabi/bin/../lib/gcc/arm-eabi/6.2.0/thumb/cortex_m3\libgcc.a(_dvmd_tls.o)
 .debug_line    0x0000074f       0xd1 c:/sysgcc/arm-eabi/bin/../lib/gcc/arm-eabi/6.2.0/../../../../arm-eabi/lib/thumb/cortex_m3\libc.a(lib_a-memcpy.o)

.debug_frame    0x00000000      0x1c4
 *(.debug_frame)
 .debug_frame   0x00000000       0xac c:/sysgcc/arm-eabi/bin/../lib/gcc/arm-eabi/6.2.0/thumb/cortex_m3\libgcc.a(_arm_addsubdf3.o)
 .debug_frame   0x000000ac       0x50 c:/sysgcc/arm-eabi/bin/../lib/gcc/arm-eabi/6.2.0/thumb/cortex_m3\libgcc.a(_arm_muldivdf3.o)
 .debug_frame   0x000000fc       0x24 c:/sysgcc/arm-eabi/bin/../lib/gcc/arm-eabi/6.2.0/thumb/cortex_m3\libgcc.a(_arm_fixdfsi.o)
 .debug_frame   0x00000120       0x44 c:/sysgcc/arm-eabi/bin/../lib/gcc/arm-eabi/6.2.0/thumb/cortex_m3\libgcc.a(_aeabi_ldivmod.o)
 .debug_frame   0x00000164       0x2c c:/sysgcc/arm-eabi/bin/../lib/gcc/arm-eabi/6.2.0/thumb/cortex_m3\libgcc.a(_aeabi_uldivmod.o)
 .debug_frame   0x00000190       0x34 c:/sysgcc/arm-eabi/bin/../lib/gcc/arm-eabi/6.2.0/thumb/cortex_m3\libgcc.a(_udivmoddi4.o)

.debug_str      0x00000000      0xc14
 *(.debug_str)
 .debug_str     0x00000000      0xc14 c:/sysgcc/arm-eabi/bin/../lib/gcc/arm-eabi/6.2.0/thumb/cortex_m3\libgcc.a(_udivmoddi4.o)
                                0xc9d (size before relaxing)

.debug_loc      0x00000000      0xdb9
 *(.debug_loc)
 .debug_loc     0x00000000      0xdb9 c:/sysgcc/arm-eabi/bin/../lib/gcc/arm-eabi/6.2.0/thumb/cortex_m3\libgcc.a(_udivmoddi4.o)

.comment        0x00000000       0x11
 .comment       0x00000000       0x11 Beeper.o
                                 0x12 (size before relaxing)
 .comment       0x00000011       0x12 BeeperTask.o
 .comment       0x00000011       0x12 RunGameTask.o
 .comment       0x00000011       0x12 IRSendTask.o
 .comment       0x00000011       0x12 IR_LED.o
 .comment       0x00000011       0x12 Register_entity.o
 .comment       0x00000011       0x12 HP_entity.o
 .comment       0x00000011       0x12 OLED_Controller.o
 .comment       0x00000011       0x12 KeyPadTask.o
 .comment       0x00000011       0x12 IRReceiveTask.o
 .comment       0x00000011       0x12 IR_Receiver.o
 .comment       0x00000011       0x12 Keypad.o
 .comment       0x00000011       0x12 hwlib.o
 .comment       0x00000011       0x12 coroutine.o
 .comment       0x00000011       0x12 rtos.o
 .comment       0x00000011       0x12 main.o
 .comment       0x00000011       0x12 bmptk_cortex.o
 .comment       0x00000011       0x12 bmptk_heap_bmptk.o
 .comment       0x00000011       0x12 bmptk_fixed_size_stack.o
 .comment       0x00000011       0x12 c:/sysgcc/arm-eabi/bin/../lib/gcc/arm-eabi/6.2.0/thumb/cortex_m3\libgcc.a(_udivmoddi4.o)

.debug_macinfo
 *(.debug_macinfo)

.debug_weaknames
 *(.debug_weaknames)

.debug_funcnames
 *(.debug_funcnames)

.debug_typenames
 *(.debug_typenames)

.debug_varnames
 *(.debug_varnames)

.note.gnu.arm.ident
 *(.note.gnu.arm.ident)

.ARM.attributes
                0x00000000       0x31
 *(.ARM.attributes)
 .ARM.attributes
                0x00000000       0x33 Beeper.o
 .ARM.attributes
                0x00000033       0x33 BeeperTask.o
 .ARM.attributes
                0x00000066       0x33 RunGameTask.o
 .ARM.attributes
                0x00000099       0x33 IRSendTask.o
 .ARM.attributes
                0x000000cc       0x33 IR_LED.o
 .ARM.attributes
                0x000000ff       0x33 Register_entity.o
 .ARM.attributes
                0x00000132       0x33 HP_entity.o
 .ARM.attributes
                0x00000165       0x33 OLED_Controller.o
 .ARM.attributes
                0x00000198       0x33 KeyPadTask.o
 .ARM.attributes
                0x000001cb       0x33 IRReceiveTask.o
 .ARM.attributes
                0x000001fe       0x33 IR_Receiver.o
 .ARM.attributes
                0x00000231       0x33 Keypad.o
 .ARM.attributes
                0x00000264       0x33 hwlib.o
 .ARM.attributes
                0x00000297       0x21 switch_to.o
 .ARM.attributes
                0x000002b8       0x33 coroutine.o
 .ARM.attributes
                0x000002eb       0x33 rtos.o
 .ARM.attributes
                0x0000031e       0x33 main.o
 .ARM.attributes
                0x00000351       0x33 bmptk_cortex.o
 .ARM.attributes
                0x00000384       0x33 bmptk_heap_bmptk.o
 .ARM.attributes
                0x000003b7       0x33 bmptk_fixed_size_stack.o
 .ARM.attributes
                0x000003ea       0x23 c:/sysgcc/arm-eabi/bin/../lib/gcc/arm-eabi/6.2.0/thumb/cortex_m3\libgcc.a(_arm_addsubdf3.o)
 .ARM.attributes
                0x0000040d       0x23 c:/sysgcc/arm-eabi/bin/../lib/gcc/arm-eabi/6.2.0/thumb/cortex_m3\libgcc.a(_arm_muldivdf3.o)
 .ARM.attributes
                0x00000430       0x23 c:/sysgcc/arm-eabi/bin/../lib/gcc/arm-eabi/6.2.0/thumb/cortex_m3\libgcc.a(_arm_fixdfsi.o)
 .ARM.attributes
                0x00000453       0x23 c:/sysgcc/arm-eabi/bin/../lib/gcc/arm-eabi/6.2.0/thumb/cortex_m3\libgcc.a(_aeabi_ldivmod.o)
 .ARM.attributes
                0x00000476       0x23 c:/sysgcc/arm-eabi/bin/../lib/gcc/arm-eabi/6.2.0/thumb/cortex_m3\libgcc.a(_aeabi_uldivmod.o)
 .ARM.attributes
                0x00000499       0x33 c:/sysgcc/arm-eabi/bin/../lib/gcc/arm-eabi/6.2.0/thumb/cortex_m3\libgcc.a(_udivmoddi4.o)
 .ARM.attributes
                0x000004cc       0x23 c:/sysgcc/arm-eabi/bin/../lib/gcc/arm-eabi/6.2.0/thumb/cortex_m3\libgcc.a(_dvmd_tls.o)
 .ARM.attributes
                0x000004ef       0x21 c:/sysgcc/arm-eabi/bin/../lib/gcc/arm-eabi/6.2.0/../../../../arm-eabi/lib/thumb/cortex_m3\libc.a(lib_a-memcpy.o)

/DISCARD/
 *(.note.GNU-stack)
                [!provide]                PROVIDE (__text_size, (__text_end - __text_start))
                [!provide]                PROVIDE (__exidx_size, (__exidx_end - __exidx_start))
                [!provide]                PROVIDE (__bss_size, (__bss_end - __bss_start))
                [!provide]                PROVIDE (__stack_size, (__stack_end - __stack_start))
                [!provide]                PROVIDE (__heap_size, (__heap_end - __heap_start))
OUTPUT(main.elf elf32-littlearm)

.debug_ranges   0x00000000       0xf0
 .debug_ranges  0x00000000       0xf0 c:/sysgcc/arm-eabi/bin/../lib/gcc/arm-eabi/6.2.0/thumb/cortex_m3\libgcc.a(_udivmoddi4.o)
