Archive member included to satisfy reference by file (symbol)

c:/sysgcc/arm-eabi/bin/../lib/gcc/arm-eabi/6.2.0/thumb/cortex_m3\libgcc.a(_aeabi_ldivmod.o)
                              hwlib.o (__aeabi_ldivmod)
c:/sysgcc/arm-eabi/bin/../lib/gcc/arm-eabi/6.2.0/thumb/cortex_m3\libgcc.a(_aeabi_uldivmod.o)
                              hwlib.o (__aeabi_uldivmod)
c:/sysgcc/arm-eabi/bin/../lib/gcc/arm-eabi/6.2.0/thumb/cortex_m3\libgcc.a(_udivmoddi4.o)
                              c:/sysgcc/arm-eabi/bin/../lib/gcc/arm-eabi/6.2.0/thumb/cortex_m3\libgcc.a(_aeabi_ldivmod.o) (__udivmoddi4)
c:/sysgcc/arm-eabi/bin/../lib/gcc/arm-eabi/6.2.0/thumb/cortex_m3\libgcc.a(_dvmd_tls.o)
                              c:/sysgcc/arm-eabi/bin/../lib/gcc/arm-eabi/6.2.0/thumb/cortex_m3\libgcc.a(_aeabi_ldivmod.o) (__aeabi_ldiv0)
c:/sysgcc/arm-eabi/bin/../lib/gcc/arm-eabi/6.2.0/../../../../arm-eabi/lib/thumb/cortex_m3\libc.a(lib_a-memcpy.o)
                              main.o (memcpy)

Allocating common symbols
Common symbol       size              file

__dso_handle        0x4               bmptk_cortex.o

Discarded input sections

 .group         0x00000000        0x8 IRSendTask.o
 .group         0x00000000        0x8 IRSendTask.o
 .group         0x00000000        0x8 IRSendTask.o
 .group         0x00000000        0x8 IRSendTask.o
 .group         0x00000000        0x8 IRSendTask.o
 .group         0x00000000        0x8 IRSendTask.o
 .group         0x00000000        0x8 IRSendTask.o
 .group         0x00000000        0x8 IRSendTask.o
 .text          0x00000000        0x0 IRSendTask.o
 .data          0x00000000        0x0 IRSendTask.o
 .bss           0x00000000        0x0 IRSendTask.o
 .text._ZN3due11ad_pin_infoENS_7ad_pinsE
                0x00000000       0x1c IRSendTask.o
 .text._ZN3due11ad_seq_infoEm
                0x00000000       0x20 IRSendTask.o
 .text._ZN5hwlib19uart_char_availableEv
                0x00000000        0x4 IRSendTask.o
 .text._ZN5hwlib9uart_getcEv
                0x00000000        0x4 IRSendTask.o
 .text._ZN18IR_Send_Controller14getSendChannelEv
                0x00000000        0xe IRSendTask.o
 .rodata._ZZN3due11ad_pin_infoENS_7ad_pinsEE17ad_pin_info_array
                0x00000000        0xc IRSendTask.o
 .rodata._ZZN3due11ad_seq_infoEmE12ad_seq_array
                0x00000000       0x70 IRSendTask.o
 .group         0x00000000        0x8 IR_LED.o
 .text          0x00000000        0x0 IR_LED.o
 .data          0x00000000        0x0 IR_LED.o
 .bss           0x00000000        0x0 IR_LED.o
 .text._ZN6sam3xa10SystemInitEv
                0x00000000       0x80 IR_LED.o
 .text._ZN3due8pin_infoENS_4pinsE
                0x00000000       0x20 IR_LED.o
 .text._ZN3due11ad_pin_infoENS_7ad_pinsE
                0x00000000       0x1c IR_LED.o
 .text._ZN3due11ad_seq_infoEm
                0x00000000       0x20 IR_LED.o
 .text._ZN3due14port_registersEm
                0x00000000       0x48 IR_LED.o
 .text._ZN3due12ticks_per_usEv
                0x00000000        0x6 IR_LED.o
 .text._ZN3due9now_ticksEv
                0x00000000       0x70 IR_LED.o
 .text._ZN5hwlib9uart_putcEc
                0x00000000        0x4 IR_LED.o
 .text._ZN5hwlib19uart_char_availableEv
                0x00000000        0x4 IR_LED.o
 .text._ZN5hwlib9uart_getcEv
                0x00000000        0x4 IR_LED.o
 .bss._ZZN3due9now_ticksEvE4high
                0x00000000        0x8 IR_LED.o
 .bss._ZZN3due9now_ticksEvE8last_low
                0x00000000        0x4 IR_LED.o
 .bss._ZZN3due9now_ticksEvE9init_done
                0x00000000        0x1 IR_LED.o
 .data._ZN6sam3xa15SystemCoreClockE
                0x00000000        0x4 IR_LED.o
 .rodata._ZN3due8pin_infoENS_4pinsE.str1.1
                0x00000000       0x33 IR_LED.o
 .rodata._ZZN3due11ad_pin_infoENS_7ad_pinsEE17ad_pin_info_array
                0x00000000        0xc IR_LED.o
 .rodata._ZZN3due11ad_seq_infoEmE12ad_seq_array
                0x00000000       0x70 IR_LED.o
 .rodata._ZZN3due8pin_infoENS_4pinsEE14pin_info_array
                0x00000000       0xa4 IR_LED.o
 .group         0x00000000        0x8 OLED_Controller.o
 .group         0x00000000        0x8 OLED_Controller.o
 .group         0x00000000        0x8 OLED_Controller.o
 .group         0x00000000        0x8 OLED_Controller.o
 .text          0x00000000        0x0 OLED_Controller.o
 .data          0x00000000        0x0 OLED_Controller.o
 .bss           0x00000000        0x0 OLED_Controller.o
 .text._ZN5hwliblsERNS_7ostreamEPKc
                0x00000000       0x66 OLED_Controller.o
 .text._ZN6sam3xa10SystemInitEv
                0x00000000       0x80 OLED_Controller.o
 .text._ZN3due8pin_infoENS_4pinsE
                0x00000000       0x20 OLED_Controller.o
 .text._ZN3due11ad_pin_infoENS_7ad_pinsE
                0x00000000       0x1c OLED_Controller.o
 .text._ZN3due11ad_seq_infoEm
                0x00000000       0x20 OLED_Controller.o
 .text._ZN3due14port_registersEm
                0x00000000       0x48 OLED_Controller.o
 .text._ZN3due12ticks_per_usEv
                0x00000000        0x6 OLED_Controller.o
 .text._ZN3due9now_ticksEv
                0x00000000       0x70 OLED_Controller.o
 .text._ZN5hwlib9uart_putcEc
                0x00000000        0x4 OLED_Controller.o
 .text._ZN5hwlib19uart_char_availableEv
                0x00000000        0x4 OLED_Controller.o
 .text._ZN5hwlib9uart_getcEv
                0x00000000        0x4 OLED_Controller.o
 .text._ZN15OLED_Controller5clearEv
                0x00000000        0x8 OLED_Controller.o
 .text._ZN15OLED_Controller4drawERKN5hwlib8locationE
                0x00000000       0x3a OLED_Controller.o
 .text._ZN15OLED_Controller17printPlayerNumberEi
                0x00000000       0x38 OLED_Controller.o
 .text._ZN15OLED_Controller10printHP_DUEii
                0x00000000       0x50 OLED_Controller.o
 .text._ZN15OLED_Controller13printGameOverEv
                0x00000000       0x2c OLED_Controller.o
 .text._ZN15OLED_Controller14printstartInitEv
                0x00000000       0x30 OLED_Controller.o
 .text._ZN15OLED_Controller22printPlayerNumberSetupEv
                0x00000000       0x24 OLED_Controller.o
 .text._ZN15OLED_Controller19printFirePowerSetupEv
                0x00000000       0x24 OLED_Controller.o
 .text._ZN15OLED_Controller22printWaitingForCommandEv
                0x00000000       0x30 OLED_Controller.o
 .text._ZN15OLED_Controller12printCommandEi
                0x00000000       0x24 OLED_Controller.o
 .text._ZN15OLED_Controller14printIndicatorEcc
                0x00000000       0x3c OLED_Controller.o
 .bss._ZZN3due9now_ticksEvE4high
                0x00000000        0x8 OLED_Controller.o
 .bss._ZZN3due9now_ticksEvE8last_low
                0x00000000        0x4 OLED_Controller.o
 .bss._ZZN3due9now_ticksEvE9init_done
                0x00000000        0x1 OLED_Controller.o
 .data._ZN6sam3xa15SystemCoreClockE
                0x00000000        0x4 OLED_Controller.o
 .rodata._ZN15OLED_Controller10printHP_DUEii.str1.1
                0x00000000        0xa OLED_Controller.o
 .rodata._ZN15OLED_Controller13printGameOverEv.str1.1
                0x00000000       0x14 OLED_Controller.o
 .rodata._ZN15OLED_Controller14printIndicatorEcc.str1.1
                0x00000000        0x7 OLED_Controller.o
 .rodata._ZN15OLED_Controller14printstartInitEv.str1.1
                0x00000000       0x14 OLED_Controller.o
 .rodata._ZN15OLED_Controller19printFirePowerSetupEv.str1.1
                0x00000000        0x3 OLED_Controller.o
 .rodata._ZN15OLED_Controller22printPlayerNumberSetupEv.str1.1
                0x00000000        0x3 OLED_Controller.o
 .rodata._ZN15OLED_Controller22printWaitingForCommandEv.str1.1
                0x00000000       0x16 OLED_Controller.o
 .rodata._ZN3due8pin_infoENS_4pinsE.str1.1
                0x00000000       0x33 OLED_Controller.o
 .rodata._ZZN3due11ad_pin_infoENS_7ad_pinsEE17ad_pin_info_array
                0x00000000        0xc OLED_Controller.o
 .rodata._ZZN3due11ad_seq_infoEmE12ad_seq_array
                0x00000000       0x70 OLED_Controller.o
 .rodata._ZZN3due8pin_infoENS_4pinsEE14pin_info_array
                0x00000000       0xa4 OLED_Controller.o
 .group         0x00000000        0x8 KeyPadTask_init.o
 .group         0x00000000        0x8 KeyPadTask_init.o
 .group         0x00000000        0x8 KeyPadTask_init.o
 .text          0x00000000        0x0 KeyPadTask_init.o
 .data          0x00000000        0x0 KeyPadTask_init.o
 .bss           0x00000000        0x0 KeyPadTask_init.o
 .text._ZN6sam3xa10SystemInitEv
                0x00000000       0x80 KeyPadTask_init.o
 .text._ZN3due8pin_infoENS_4pinsE
                0x00000000       0x20 KeyPadTask_init.o
 .text._ZN3due11ad_pin_infoENS_7ad_pinsE
                0x00000000       0x1c KeyPadTask_init.o
 .text._ZN3due11ad_seq_infoEm
                0x00000000       0x20 KeyPadTask_init.o
 .text._ZN3due14port_registersEm
                0x00000000       0x48 KeyPadTask_init.o
 .text._ZN3due12ticks_per_usEv
                0x00000000        0x6 KeyPadTask_init.o
 .text._ZN3due9now_ticksEv
                0x00000000       0x70 KeyPadTask_init.o
 .text._ZN5hwlib9uart_putcEc
                0x00000000        0x4 KeyPadTask_init.o
 .text._ZN5hwlib19uart_char_availableEv
                0x00000000        0x4 KeyPadTask_init.o
 .text._ZN5hwlib9uart_getcEv
                0x00000000        0x4 KeyPadTask_init.o
 .bss._ZZN3due9now_ticksEvE4high
                0x00000000        0x8 KeyPadTask_init.o
 .bss._ZZN3due9now_ticksEvE8last_low
                0x00000000        0x4 KeyPadTask_init.o
 .bss._ZZN3due9now_ticksEvE9init_done
                0x00000000        0x1 KeyPadTask_init.o
 .data._ZN6sam3xa15SystemCoreClockE
                0x00000000        0x4 KeyPadTask_init.o
 .rodata._ZN3due8pin_infoENS_4pinsE.str1.1
                0x00000000       0x33 KeyPadTask_init.o
 .rodata._ZZN3due11ad_pin_infoENS_7ad_pinsEE17ad_pin_info_array
                0x00000000        0xc KeyPadTask_init.o
 .rodata._ZZN3due11ad_seq_infoEmE12ad_seq_array
                0x00000000       0x70 KeyPadTask_init.o
 .rodata._ZZN3due8pin_infoENS_4pinsEE14pin_info_array
                0x00000000       0xa4 KeyPadTask_init.o
 .text          0x00000000        0x0 Register_entity.o
 .data          0x00000000        0x0 Register_entity.o
 .bss           0x00000000        0x0 Register_entity.o
 .text._ZN15Register_entity5getDUEv
                0x00000000        0x4 Register_entity.o
 .text._ZN15Register_entity5setFPEi
                0x00000000        0x4 Register_entity.o
 .text._ZN15Register_entity5setPNEi
                0x00000000        0x4 Register_entity.o
 .text._ZN15Register_entity5setDUEi
                0x00000000        0x4 Register_entity.o
 .group         0x00000000        0x8 InitTask.o
 .group         0x00000000        0x8 InitTask.o
 .group         0x00000000        0x8 InitTask.o
 .group         0x00000000        0x8 InitTask.o
 .group         0x00000000        0x8 InitTask.o
 .group         0x00000000        0x8 InitTask.o
 .group         0x00000000        0x8 InitTask.o
 .group         0x00000000        0x8 InitTask.o
 .text          0x00000000        0x0 InitTask.o
 .data          0x00000000        0x0 InitTask.o
 .bss           0x00000000        0x0 InitTask.o
 .text._ZN5hwlib7ostream6fillerEi
                0x00000000       0x1a InitTask.o
 .text._ZN5hwliblsERNS_7ostreamEPKc
                0x00000000       0x54 InitTask.o
 .text._ZN6sam3xa10SystemInitEv
                0x00000000       0x80 InitTask.o
 .text._ZN3due8pin_infoENS_4pinsE
                0x00000000       0x20 InitTask.o
 .text._ZN3due11ad_pin_infoENS_7ad_pinsE
                0x00000000       0x1c InitTask.o
 .text._ZN3due11ad_seq_infoEm
                0x00000000       0x20 InitTask.o
 .text._ZN3due14port_registersEm
                0x00000000       0x48 InitTask.o
 .text._ZN3due12ticks_per_usEv
                0x00000000        0x6 InitTask.o
 .text._ZN3due9now_ticksEv
                0x00000000       0x70 InitTask.o
 .text._ZN5hwlib9uart_putcEc
                0x00000000        0x4 InitTask.o
 .text._ZN5hwlib19uart_char_availableEv
                0x00000000        0x4 InitTask.o
 .text._ZN5hwlib9uart_getcEv
                0x00000000        0x4 InitTask.o
 .text._ZN20Init_Game_Controller8KeyToIntEc
                0x00000000        0x6 InitTask.o
 .text._ZN20Init_Game_Controller18getKeyValueChannelEv
                0x00000000        0xe InitTask.o
 .bss._ZZN3due9now_ticksEvE4high
                0x00000000        0x8 InitTask.o
 .bss._ZZN3due9now_ticksEvE8last_low
                0x00000000        0x4 InitTask.o
 .bss._ZZN3due9now_ticksEvE9init_done
                0x00000000        0x1 InitTask.o
 .data._ZN6sam3xa15SystemCoreClockE
                0x00000000        0x4 InitTask.o
 .rodata._ZN3due8pin_infoENS_4pinsE.str1.1
                0x00000000       0x33 InitTask.o
 .rodata._ZZN3due11ad_pin_infoENS_7ad_pinsEE17ad_pin_info_array
                0x00000000        0xc InitTask.o
 .rodata._ZZN3due11ad_seq_infoEmE12ad_seq_array
                0x00000000       0x70 InitTask.o
 .rodata._ZZN3due8pin_infoENS_4pinsEE14pin_info_array
                0x00000000       0xa4 InitTask.o
 .group         0x00000000        0x8 Keypad.o
 .group         0x00000000        0x8 Keypad.o
 .group         0x00000000        0x8 Keypad.o
 .group         0x00000000        0x8 Keypad.o
 .group         0x00000000        0x8 Keypad.o
 .text          0x00000000        0x0 Keypad.o
 .data          0x00000000        0x0 Keypad.o
 .bss           0x00000000        0x0 Keypad.o
 .text._ZN6sam3xa10SystemInitEv
                0x00000000       0x80 Keypad.o
 .text._ZN3due8pin_infoENS_4pinsE
                0x00000000       0x20 Keypad.o
 .text._ZN3due11ad_pin_infoENS_7ad_pinsE
                0x00000000       0x1c Keypad.o
 .text._ZN3due11ad_seq_infoEm
                0x00000000       0x20 Keypad.o
 .text._ZN3due14port_registersEm
                0x00000000       0x48 Keypad.o
 .text._ZN3due12ticks_per_usEv
                0x00000000        0x6 Keypad.o
 .text._ZN3due9now_ticksEv
                0x00000000       0x70 Keypad.o
 .text._ZN5hwlib9uart_putcEc
                0x00000000        0x4 Keypad.o
 .text._ZN5hwlib19uart_char_availableEv
                0x00000000        0x4 Keypad.o
 .text._ZN5hwlib9uart_getcEv
                0x00000000        0x4 Keypad.o
 .bss._ZZN3due9now_ticksEvE4high
                0x00000000        0x8 Keypad.o
 .bss._ZZN3due9now_ticksEvE8last_low
                0x00000000        0x4 Keypad.o
 .bss._ZZN3due9now_ticksEvE9init_done
                0x00000000        0x1 Keypad.o
 .data._ZN6sam3xa15SystemCoreClockE
                0x00000000        0x4 Keypad.o
 .rodata._ZN3due8pin_infoENS_4pinsE.str1.1
                0x00000000       0x33 Keypad.o
 .rodata._ZZN3due11ad_pin_infoENS_7ad_pinsEE17ad_pin_info_array
                0x00000000        0xc Keypad.o
 .rodata._ZZN3due11ad_seq_infoEmE12ad_seq_array
                0x00000000       0x70 Keypad.o
 .rodata._ZZN3due8pin_infoENS_4pinsEE14pin_info_array
                0x00000000       0xa4 Keypad.o
 .group         0x00000000        0x8 hwlib.o
 .group         0x00000000        0x8 hwlib.o
 .group         0x00000000        0x8 hwlib.o
 .group         0x00000000        0x8 hwlib.o
 .group         0x00000000        0x8 hwlib.o
 .group         0x00000000        0x8 hwlib.o
 .group         0x00000000        0x8 hwlib.o
 .group         0x00000000        0x8 hwlib.o
 .group         0x00000000        0x8 hwlib.o
 .group         0x00000000        0x8 hwlib.o
 .group         0x00000000        0x8 hwlib.o
 .group         0x00000000        0x8 hwlib.o
 .group         0x00000000        0x8 hwlib.o
 .group         0x00000000        0x8 hwlib.o
 .group         0x00000000        0x8 hwlib.o
 .group         0x00000000        0x8 hwlib.o
 .group         0x00000000        0x8 hwlib.o
 .group         0x00000000        0x8 hwlib.o
 .group         0x00000000        0x8 hwlib.o
 .group         0x00000000        0x8 hwlib.o
 .group         0x00000000        0x8 hwlib.o
 .group         0x00000000        0x8 hwlib.o
 .group         0x00000000        0x8 hwlib.o
 .group         0x00000000        0x8 hwlib.o
 .group         0x00000000        0x8 hwlib.o
 .group         0x00000000        0x8 hwlib.o
 .group         0x00000000        0x8 hwlib.o
 .group         0x00000000        0x8 hwlib.o
 .group         0x00000000        0x8 hwlib.o
 .group         0x00000000        0x8 hwlib.o
 .group         0x00000000        0x8 hwlib.o
 .group         0x00000000        0x8 hwlib.o
 .group         0x00000000        0x8 hwlib.o
 .group         0x00000000        0x8 hwlib.o
 .group         0x00000000        0x8 hwlib.o
 .group         0x00000000        0x8 hwlib.o
 .text          0x00000000        0x0 hwlib.o
 .data          0x00000000        0x0 hwlib.o
 .bss           0x00000000        0x0 hwlib.o
 .text._ZN5hwlib10pin_in_out7refreshEv
                0x00000000        0x2 hwlib.o
 .text._ZN5hwlib10pin_in_out5flushEv
                0x00000000        0x2 hwlib.o
 .text._ZN5hwlib7istream11getc_nowaitEv
                0x00000000       0x1a hwlib.o
 .text._ZN5hwlib23_pin_in_out_dummy_class3setEbNS_9bufferingE
                0x00000000        0x2 hwlib.o
 .text._ZN5hwlib23_pin_in_out_dummy_class3getENS_9bufferingE
                0x00000000        0x4 hwlib.o
 .text._ZN5hwlib23_pin_in_out_dummy_class19direction_set_inputEv
                0x00000000        0x2 hwlib.o
 .text._ZN5hwlib23_pin_in_out_dummy_class20direction_set_outputEv
                0x00000000        0x2 hwlib.o
 .text._ZN5hwlib20_pin_out_dummy_class3setEbNS_9bufferingE
                0x00000000        0x2 hwlib.o
 .text._ZN5hwlib7ostream6fillerEi
                0x00000000       0x1a hwlib.o
 .text._ZN5hwliblsERNS_7ostreamEPKc
                0x00000000       0x54 hwlib.o
 .text._ZN5hwliblsERNS_7ostreamENS_8locationE
                0x00000000       0x3c hwlib.o
 .text._ZN5hwlib4line4drawERNS_6windowENS_9bufferingE
                0x00000000       0xa8 hwlib.o
 .text._ZN5hwlib6circle4drawERNS_6windowENS_9bufferingE
                0x00000000      0x320 hwlib.o
 .text._ZN5hwlib4randEv
                0x00000000       0x20 hwlib.o
 .text._ZN5hwlib15random_in_rangeEjj
                0x00000000       0x1a hwlib.o
 .text._ZN6sam3xa10SystemInitEv
                0x00000000       0x80 hwlib.o
 .text._ZN3due8pin_infoENS_4pinsE
                0x00000000       0x20 hwlib.o
 .text._ZN3due11ad_pin_infoENS_7ad_pinsE
                0x00000000       0x1c hwlib.o
 .text._ZN3due11ad_seq_infoEm
                0x00000000       0x20 hwlib.o
 .text._ZN3due14port_registersEm
                0x00000000       0x48 hwlib.o
 .text._ZN3due12ticks_per_usEv
                0x00000000        0x6 hwlib.o
 .text._ZN3due9now_ticksEv
                0x00000000       0x70 hwlib.o
 .text._ZN3due19uart_char_availableEv
                0x00000000       0x18 hwlib.o
 .text._ZN3due9uart_getcEv
                0x00000000       0x18 hwlib.o
 .text._ZN5hwlib9uart_putcEc
                0x00000000        0x4 hwlib.o
 .text._ZN5hwlib19uart_char_availableEv
                0x00000000        0x4 hwlib.o
 .text._ZN5hwlib19cin_using_uart_getc14char_availableEv
                0x00000000        0x8 hwlib.o
 .text._ZN5hwlib9uart_getcEv
                0x00000000        0x4 hwlib.o
 .text._ZN5hwlib19cin_using_uart_getc4getcEv
                0x00000000        0x8 hwlib.o
 .text._ZN5hwlib9now_ticksEv
                0x00000000        0x8 hwlib.o
 .text._ZN5hwlib12ticks_per_usEv
                0x00000000        0x8 hwlib.o
 .text._ZN5hwlib7wait_usEi
                0x00000000        0x4 hwlib.o
 .text._ZN5hwlib12wait_ns_busyEi
                0x00000000       0x10 hwlib.o
 .text._ZN5hwlib7wait_nsEi
                0x00000000        0x8 hwlib.o
 .text._ZN5hwlib24uart_getc_bit_banged_pinERNS_6pin_inE
                0x00000000       0x76 hwlib.o
 .text._ZN5hwlib12wait_ms_busyEi
                0x00000000       0x16 hwlib.o
 .text._ZN5hwlib7wait_msEi
                0x00000000        0x8 hwlib.o
 .text._ZN5hwlib5blinkERNS_7pin_outEj
                0x00000000       0x2c hwlib.o
 .text._ZN5hwlib4kittERNS_11port_in_outEj
                0x00000000       0x58 hwlib.o
 .text._ZN5hwlib4kittERNS_8port_outEj
                0x00000000       0x52 hwlib.o
 .text._ZN5hwlib4kittERNS_7port_ocEj
                0x00000000       0x52 hwlib.o
 .text._ZN5hwlib21graphics_random_linesERNS_6windowEj
                0x00000000      0x100 hwlib.o
 .text._ZN5hwlib23graphics_random_circlesERNS_6windowEj
                0x00000000       0x90 hwlib.o
 .text._ZN5hwlib12dac_triangleERNS_3dacEj
                0x00000000       0x36 hwlib.o
 .text._ZN5hwlib24uart_putc_bit_banged_pinEcRNS_7pin_outE
                0x00000000       0x66 hwlib.o
 .rodata._ZTVN5hwlib19cin_using_uart_getcE
                0x00000000       0x14 hwlib.o
 .rodata._ZTVN5hwlib23_pin_in_out_dummy_classE
                0x00000000       0x20 hwlib.o
 .rodata._ZTVN5hwlib20_pin_out_dummy_classE
                0x00000000       0x10 hwlib.o
 .rodata._ZTVN5hwlib4lineE
                0x00000000        0xc hwlib.o
 .rodata._ZTVN5hwlib6circleE
                0x00000000        0xc hwlib.o
 .bss._ZN5hwlib6stringILj0EE5dummyE
                0x00000000        0x1 hwlib.o
 .bss._ZZN3due9now_ticksEvE4high
                0x00000000        0x8 hwlib.o
 .bss._ZZN3due9now_ticksEvE8last_low
                0x00000000        0x4 hwlib.o
 .bss._ZZN3due9now_ticksEvE9init_done
                0x00000000        0x1 hwlib.o
 .bss._ZZN5hwlib4randEvE1n
                0x00000000        0x4 hwlib.o
 .data._ZN5hwlib13pin_out_dummyE
                0x00000000        0x4 hwlib.o
 .data._ZN5hwlib16pin_in_out_dummyE
                0x00000000        0x4 hwlib.o
 .data._ZN5hwlib3cinE
                0x00000000        0x4 hwlib.o
 .data._ZN6sam3xa15SystemCoreClockE
                0x00000000        0x4 hwlib.o
 .rodata._ZN3due8pin_infoENS_4pinsE.str1.1
                0x00000000       0x33 hwlib.o
 .rodata._ZN5hwliblsERNS_7ostreamENS_8locationE.str1.1
                0x00000000        0x6 hwlib.o
 .rodata._ZZN3due11ad_pin_infoENS_7ad_pinsEE17ad_pin_info_array
                0x00000000        0xc hwlib.o
 .rodata._ZZN3due11ad_seq_infoEmE12ad_seq_array
                0x00000000       0x70 hwlib.o
 .rodata._ZZN3due8pin_infoENS_4pinsEE14pin_info_array
                0x00000000       0xa4 hwlib.o
 .data          0x00000000        0x0 switch_to.o
 .bss           0x00000000        0x0 switch_to.o
 .group         0x00000000        0x8 coroutine.o
 .text          0x00000000        0x0 coroutine.o
 .data          0x00000000        0x0 coroutine.o
 .bss           0x00000000        0x0 coroutine.o
 .text._ZN6sam3xa10SystemInitEv
                0x00000000       0x80 coroutine.o
 .text._ZN3due8pin_infoENS_4pinsE
                0x00000000       0x20 coroutine.o
 .text._ZN3due11ad_pin_infoENS_7ad_pinsE
                0x00000000       0x1c coroutine.o
 .text._ZN3due11ad_seq_infoEm
                0x00000000       0x20 coroutine.o
 .text._ZN3due14port_registersEm
                0x00000000       0x48 coroutine.o
 .text._ZN3due12ticks_per_usEv
                0x00000000        0x6 coroutine.o
 .text._ZN3due9now_ticksEv
                0x00000000       0x70 coroutine.o
 .text._ZN5hwlib9uart_putcEc
                0x00000000        0x4 coroutine.o
 .text._ZN5hwlib19uart_char_availableEv
                0x00000000        0x4 coroutine.o
 .text._ZN5hwlib9uart_getcEv
                0x00000000        0x4 coroutine.o
 .bss._ZZN3due9now_ticksEvE4high
                0x00000000        0x8 coroutine.o
 .bss._ZZN3due9now_ticksEvE8last_low
                0x00000000        0x4 coroutine.o
 .bss._ZZN3due9now_ticksEvE9init_done
                0x00000000        0x1 coroutine.o
 .data._ZN6sam3xa15SystemCoreClockE
                0x00000000        0x4 coroutine.o
 .rodata._ZN3due8pin_infoENS_4pinsE.str1.1
                0x00000000       0x33 coroutine.o
 .rodata._ZZN3due11ad_pin_infoENS_7ad_pinsEE17ad_pin_info_array
                0x00000000        0xc coroutine.o
 .rodata._ZZN3due11ad_seq_infoEmE12ad_seq_array
                0x00000000       0x70 coroutine.o
 .rodata._ZZN3due8pin_infoENS_4pinsEE14pin_info_array
                0x00000000       0xa4 coroutine.o
 .group         0x00000000        0x8 rtos.o
 .group         0x00000000        0x8 rtos.o
 .group         0x00000000        0x8 rtos.o
 .group         0x00000000        0x8 rtos.o
 .group         0x00000000        0x8 rtos.o
 .group         0x00000000        0x8 rtos.o
 .group         0x00000000        0x8 rtos.o
 .group         0x00000000        0x8 rtos.o
 .group         0x00000000        0x8 rtos.o
 .group         0x00000000        0x8 rtos.o
 .group         0x00000000        0x8 rtos.o
 .group         0x00000000        0x8 rtos.o
 .group         0x00000000        0x8 rtos.o
 .group         0x00000000        0x8 rtos.o
 .text          0x00000000        0x0 rtos.o
 .data          0x00000000        0x0 rtos.o
 .bss           0x00000000        0x0 rtos.o
 .text._ZN5hwlib7ostream7reverse10add_prefixERKS0_.part.1
                0x00000000       0x4c rtos.o
 .text._ZN5hwlib7ostreamlsEc
                0x00000000        0xe rtos.o
 .text._ZN5hwliblsERNS_7ostreamEPKc
                0x00000000       0x66 rtos.o
 .text._ZN5hwliblsERNS_7ostreamEi
                0x00000000       0x94 rtos.o
 .text._ZN5hwliblsERNS_7ostreamEx
                0x00000000       0xc6 rtos.o
 .text._ZN6sam3xa10SystemInitEv
                0x00000000       0x80 rtos.o
 .text._ZN3due8pin_infoENS_4pinsE
                0x00000000       0x20 rtos.o
 .text._ZN3due11ad_pin_infoENS_7ad_pinsE
                0x00000000       0x1c rtos.o
 .text._ZN3due11ad_seq_infoEm
                0x00000000       0x20 rtos.o
 .text._ZN3due14port_registersEm
                0x00000000       0x48 rtos.o
 .text._ZN3due12ticks_per_usEv
                0x00000000        0x6 rtos.o
 .text._ZN3due9now_ticksEv
                0x00000000       0x70 rtos.o
 .text._ZN5hwlib9uart_putcEc
                0x00000000        0x4 rtos.o
 .text._ZN5hwlib19uart_char_availableEv
                0x00000000        0x4 rtos.o
 .text._ZN5hwlib9uart_getcEv
                0x00000000        0x4 rtos.o
 .text._ZNK4rtos5eventeqERKS0_
                0x00000000       0x3c rtos.o
 .text._ZNK4rtos5eventneERKS0_
                0x00000000       0x3c rtos.o
 .text._ZNK4rtos5eventeqERKNS_8waitableE
                0x00000000       0x1a rtos.o
 .text._ZNK4rtos5eventneERKNS_8waitableE
                0x00000000       0x1a rtos.o
 .text._ZNK4rtos5eventplERKS0_
                0x00000000       0x3c rtos.o
 .text._ZNK4rtos5event5printERN5hwlib7ostreamE
                0x00000000       0x30 rtos.o
 .text._ZN4rtos5timer5startEm
                0x00000000        0xe rtos.o
 .text._ZN4rtos5clock7time_upEv
                0x00000000       0x2e rtos.o
 .text._ZThn16_N4rtos5clock7time_upEv
                0x00000000        0x8 rtos.o
 .text._ZN4rtos5clock5clearEv
                0x00000000        0x8 rtos.o
 .text._ZN4rtos5mutex4waitEv
                0x00000000       0x30 rtos.o
 .text._ZN4rtos5mutex6signalEv
                0x00000000       0x50 rtos.o
 .text._ZN4rtos5mutexD2Ev
                0x00000000       0x28 rtos.o
 .text._ZlsRN5hwlib7ostreamERKN4rtos9task_baseE
                0x00000000       0x12 rtos.o
 .text._ZlsRN5hwlib7ostreamERKN4rtos4flagE
                0x00000000       0x12 rtos.o
 .text._ZlsRN5hwlib7ostreamERKN4rtos5eventE
                0x00000000       0x10 rtos.o
 .text._ZlsRN5hwlib7ostreamERKN4rtos5timerE
                0x00000000       0x12 rtos.o
 .text._ZlsRN5hwlib7ostreamERKN4rtos5clockE
                0x00000000       0x12 rtos.o
 .text._ZlsRN5hwlib7ostreamERKN4rtos12channel_baseE
                0x00000000       0x12 rtos.o
 .text._ZlsRN5hwlib7ostreamERKN4rtos5mutexE
                0x00000000       0x12 rtos.o
 .text._ZlsRN5hwlib7ostreamERKN4rtos12mailbox_baseE
                0x00000000       0x12 rtos.o
 .text._ZlsRN5hwlib7ostreamERKN4rtos9pool_baseE
                0x00000000       0x12 rtos.o
 .text._ZNK4rtos9task_base4nameEv
                0x00000000        0x4 rtos.o
 .text._ZN4rtos3addEPNS_5clockE
                0x00000000       0x10 rtos.o
 .text._ZN4rtos3addEPNS_5mutexE
                0x00000000       0x10 rtos.o
 .text._ZN4rtos5mutexC2EPKc
                0x00000000       0x1e rtos.o
 .text._ZN4rtos3addEPNS_12mailbox_baseE
                0x00000000       0x10 rtos.o
 .text._ZN4rtos12mailbox_baseC2EPKc
                0x00000000       0x20 rtos.o
 .text._ZN4rtos3addEPNS_9pool_baseE
                0x00000000       0x10 rtos.o
 .text._ZN4rtos9pool_baseC2EPKc
                0x00000000       0x1c rtos.o
 .text._ZN4rtos5clockC2EPNS_9task_baseEmPKc
                0x00000000       0x3c rtos.o
 .text._ZN4rtos19do_statistics_clearEv
                0x00000000       0x18 rtos.o
 .text._ZN4rtos18display_statisticsEv
                0x00000000       0x28 rtos.o
 .text._ZN5hwlib7wait_nsEi
                0x00000000       0x10 rtos.o
 .bss._ZZN3due9now_ticksEvE4high
                0x00000000        0x8 rtos.o
 .bss._ZZN3due9now_ticksEvE8last_low
                0x00000000        0x4 rtos.o
 .bss._ZZN3due9now_ticksEvE9init_done
                0x00000000        0x1 rtos.o
 .data._ZN6sam3xa15SystemCoreClockE
                0x00000000        0x4 rtos.o
 .rodata._ZN3due8pin_infoENS_4pinsE.str1.1
                0x00000000       0x33 rtos.o
 .rodata._ZN4rtos5mutex6signalEv.str1.1
                0x00000000       0x21 rtos.o
 .rodata._ZN4rtos5mutexD2Ev.str1.1
                0x00000000       0x18 rtos.o
 .rodata._ZNK4rtos5event5printERN5hwlib7ostreamE.str1.1
                0x00000000        0xf rtos.o
 .rodata._ZNK4rtos5eventeqERKS0_.str1.1
                0x00000000       0x21 rtos.o
 .rodata._ZNK4rtos5eventplERKS0_.str1.1
                0x00000000       0x1e rtos.o
 .rodata._ZTVN4rtos5clockE
                0x00000000       0x20 rtos.o
 .rodata._ZZN3due11ad_pin_infoENS_7ad_pinsEE17ad_pin_info_array
                0x00000000        0xc rtos.o
 .rodata._ZZN3due11ad_seq_infoEmE12ad_seq_array
                0x00000000       0x70 rtos.o
 .rodata._ZZN3due8pin_infoENS_4pinsEE14pin_info_array
                0x00000000       0xa4 rtos.o
 .group         0x00000000        0x8 main.o
 .group         0x00000000        0x8 main.o
 .group         0x00000000        0x8 main.o
 .group         0x00000000        0x8 main.o
 .group         0x00000000        0x8 main.o
 .group         0x00000000        0x8 main.o
 .group         0x00000000        0x8 main.o
 .group         0x00000000        0x8 main.o
 .group         0x00000000        0x8 main.o
 .group         0x00000000        0x8 main.o
 .group         0x00000000        0x8 main.o
 .group         0x00000000        0x8 main.o
 .group         0x00000000        0x8 main.o
 .group         0x00000000        0x8 main.o
 .group         0x00000000        0x8 main.o
 .group         0x00000000        0x8 main.o
 .group         0x00000000        0x8 main.o
 .group         0x00000000        0x8 main.o
 .group         0x00000000        0x8 main.o
 .group         0x00000000        0x8 main.o
 .group         0x00000000        0x8 main.o
 .group         0x00000000        0x8 main.o
 .group         0x00000000        0x8 main.o
 .group         0x00000000        0x8 main.o
 .group         0x00000000        0x8 main.o
 .group         0x00000000        0x8 main.o
 .group         0x00000000        0x8 main.o
 .group         0x00000000        0x8 main.o
 .group         0x00000000        0x8 main.o
 .group         0x00000000        0x8 main.o
 .group         0x00000000        0x8 main.o
 .group         0x00000000        0x8 main.o
 .group         0x00000000        0x8 main.o
 .group         0x00000000        0x8 main.o
 .group         0x00000000        0x8 main.o
 .group         0x00000000        0x8 main.o
 .group         0x00000000        0x8 main.o
 .group         0x00000000        0x8 main.o
 .group         0x00000000        0x8 main.o
 .group         0x00000000        0x8 main.o
 .group         0x00000000        0x8 main.o
 .group         0x00000000        0x8 main.o
 .group         0x00000000        0x8 main.o
 .group         0x00000000        0x8 main.o
 .group         0x00000000        0x8 main.o
 .group         0x00000000        0x8 main.o
 .group         0x00000000        0x8 main.o
 .group         0x00000000        0x8 main.o
 .group         0x00000000        0x8 main.o
 .group         0x00000000        0x8 main.o
 .group         0x00000000        0x8 main.o
 .group         0x00000000        0x8 main.o
 .group         0x00000000        0x8 main.o
 .group         0x00000000        0x8 main.o
 .group         0x00000000        0x8 main.o
 .group         0x00000000        0x8 main.o
 .group         0x00000000        0x8 main.o
 .group         0x00000000        0x8 main.o
 .group         0x00000000        0x8 main.o
 .group         0x00000000        0x8 main.o
 .group         0x00000000        0x8 main.o
 .group         0x00000000        0x8 main.o
 .group         0x00000000        0x8 main.o
 .group         0x00000000        0x8 main.o
 .group         0x00000000        0x8 main.o
 .group         0x00000000        0x8 main.o
 .group         0x00000000        0x8 main.o
 .group         0x00000000        0x8 main.o
 .group         0x00000000        0x8 main.o
 .group         0x00000000        0x8 main.o
 .group         0x00000000        0x8 main.o
 .group         0x00000000        0x8 main.o
 .group         0x00000000        0x8 main.o
 .group         0x00000000        0x8 main.o
 .group         0x00000000        0x8 main.o
 .group         0x00000000        0x8 main.o
 .group         0x00000000        0x8 main.o
 .group         0x00000000        0x8 main.o
 .group         0x00000000        0x8 main.o
 .text          0x00000000        0x0 main.o
 .data          0x00000000        0x0 main.o
 .bss           0x00000000        0x0 main.o
 .text._ZN5hwlib6pin_in7refreshEv
                0x00000000        0x2 main.o
 .text._ZN5hwlib7pin_out5flushEv
                0x00000000        0x2 main.o
 .text._ZN5hwlib6pin_oc7refreshEv
                0x00000000        0x2 main.o
 .text._ZN5hwlib6pin_oc5flushEv
                0x00000000        0x2 main.o
 .text._ZN5hwlib7ostream5flushEv
                0x00000000        0x2 main.o
 .text._ZN5hwlib7istream11getc_nowaitEv
                0x00000000       0x1a main.o
 .text._ZN4rtos8callback6cancelEv
                0x00000000        0xa main.o
 .text._ZN5hwlib6keypadILi16EE4getcEv
                0x00000000       0x24 main.o
 .text._ZN4rtos8waitable5clearEv
                0x00000000        0xa main.o
 .text._ZN4rtos7channelIcLi10EE5clearEv
                0x00000000       0x10 main.o
 .text._ZN4rtos7channelIiLi10EE5clearEv
                0x00000000       0x10 main.o
 .text._ZN5hwlib6keypadILi16EE14char_availableEv
                0x00000000       0xa0 main.o
 .text.startup._ZN18IR_Send_Controller4mainEv
                0x00000000       0x44 main.o
 .text.startup._ZN18keyPad_Controller24mainEv
                0x00000000       0x4c main.o
 .text._ZN5hwlib7ostream6fillerEi
                0x00000000       0x1a main.o
 .text._ZN5hwliblsERNS_7ostreamEPKc
                0x00000000       0x54 main.o
 .text.startup._ZN20Init_Game_Controller4mainEv
                0x00000000      0x1d4 main.o
 .text._ZN5hwlib6window5writeENS_8locationENS_5colorENS_9bufferingE
                0x00000000       0x38 main.o
 .text._ZN6sam3xa10SystemInitEv
                0x00000000       0x80 main.o
 .text._ZN3due8pin_infoENS_4pinsE
                0x00000000       0x20 main.o
 .text._ZN3due11ad_pin_infoENS_7ad_pinsE
                0x00000000       0x1c main.o
 .text._ZN3due11ad_seq_infoEm
                0x00000000       0x20 main.o
 .text._ZN3due14port_registersEm
                0x00000000       0x48 main.o
 .text._ZN3due12ticks_per_usEv
                0x00000000        0x6 main.o
 .text._ZN3due9now_ticksEv
                0x00000000       0x70 main.o
 .text._ZN5hwlib9uart_putcEc
                0x00000000        0x4 main.o
 .text._ZN5hwlib19uart_char_availableEv
                0x00000000        0x4 main.o
 .text._ZN5hwlib9uart_getcEv
                0x00000000        0x4 main.o
 .text._ZN4rtos9task_baseD2Ev
                0x00000000       0x30 main.o
 .text._ZN4rtos12channel_baseD2Ev
                0x00000000       0x30 main.o
 .rodata._ZTVN4rtos8callbackE
                0x00000000       0x10 main.o
 .rodata._ZTVN4rtos12channel_baseE
                0x00000000        0xc main.o
 .rodata._ZTVN5hwlib6keypadILi16EEE
                0x00000000       0x14 main.o
 .rodata._ZTV18keyPad_Controller2
                0x00000000       0x14 main.o
 .bss._ZZN3due9now_ticksEvE4high
                0x00000000        0x8 main.o
 .bss._ZZN3due9now_ticksEvE8last_low
                0x00000000        0x4 main.o
 .bss._ZZN3due9now_ticksEvE9init_done
                0x00000000        0x1 main.o
 .data._ZN6sam3xa15SystemCoreClockE
                0x00000000        0x4 main.o
 .rodata._ZN20Init_Game_Controller4mainEv.str1.1
                0x00000000        0x8 main.o
 .rodata._ZN3due8pin_infoENS_4pinsE.str1.1
                0x00000000       0x33 main.o
 .rodata._ZN4rtos12channel_baseD2Ev.str1.1
                0x00000000       0x1a main.o
 .rodata._ZZN3due11ad_pin_infoENS_7ad_pinsEE17ad_pin_info_array
                0x00000000        0xc main.o
 .rodata._ZZN3due11ad_seq_infoEmE12ad_seq_array
                0x00000000       0x70 main.o
 .rodata._ZZN3due8pin_infoENS_4pinsEE14pin_info_array
                0x00000000       0xa4 main.o
 .text          0x00000000        0x0 bmptk_cortex.o
 .data          0x00000000        0x0 bmptk_cortex.o
 .bss           0x00000000        0x0 bmptk_cortex.o
 .text.__aeabi_idiv0
                0x00000000        0x4 bmptk_cortex.o
 COMMON         0x00000000        0x4 bmptk_cortex.o
 .text          0x00000000        0x0 bmptk_heap_bmptk.o
 .data          0x00000000        0x0 bmptk_heap_bmptk.o
 .bss           0x00000000        0x0 bmptk_heap_bmptk.o
 .text.free     0x00000000        0x4 bmptk_heap_bmptk.o
 .text          0x00000000        0x0 bmptk_fixed_size_stack.o
 .data          0x00000000        0x0 bmptk_fixed_size_stack.o
 .bss           0x00000000        0x0 bmptk_fixed_size_stack.o
 .data          0x00000000        0x0 c:/sysgcc/arm-eabi/bin/../lib/gcc/arm-eabi/6.2.0/thumb/cortex_m3\libgcc.a(_aeabi_ldivmod.o)
 .bss           0x00000000        0x0 c:/sysgcc/arm-eabi/bin/../lib/gcc/arm-eabi/6.2.0/thumb/cortex_m3\libgcc.a(_aeabi_ldivmod.o)
 .data          0x00000000        0x0 c:/sysgcc/arm-eabi/bin/../lib/gcc/arm-eabi/6.2.0/thumb/cortex_m3\libgcc.a(_aeabi_uldivmod.o)
 .bss           0x00000000        0x0 c:/sysgcc/arm-eabi/bin/../lib/gcc/arm-eabi/6.2.0/thumb/cortex_m3\libgcc.a(_aeabi_uldivmod.o)
 .data          0x00000000        0x0 c:/sysgcc/arm-eabi/bin/../lib/gcc/arm-eabi/6.2.0/thumb/cortex_m3\libgcc.a(_udivmoddi4.o)
 .bss           0x00000000        0x0 c:/sysgcc/arm-eabi/bin/../lib/gcc/arm-eabi/6.2.0/thumb/cortex_m3\libgcc.a(_udivmoddi4.o)
 .ARM.extab     0x00000000        0x0 c:/sysgcc/arm-eabi/bin/../lib/gcc/arm-eabi/6.2.0/thumb/cortex_m3\libgcc.a(_udivmoddi4.o)
 .data          0x00000000        0x0 c:/sysgcc/arm-eabi/bin/../lib/gcc/arm-eabi/6.2.0/thumb/cortex_m3\libgcc.a(_dvmd_tls.o)
 .bss           0x00000000        0x0 c:/sysgcc/arm-eabi/bin/../lib/gcc/arm-eabi/6.2.0/thumb/cortex_m3\libgcc.a(_dvmd_tls.o)
 .data          0x00000000        0x0 c:/sysgcc/arm-eabi/bin/../lib/gcc/arm-eabi/6.2.0/../../../../arm-eabi/lib/thumb/cortex_m3\libc.a(lib_a-memcpy.o)
 .bss           0x00000000        0x0 c:/sysgcc/arm-eabi/bin/../lib/gcc/arm-eabi/6.2.0/../../../../arm-eabi/lib/thumb/cortex_m3\libc.a(lib_a-memcpy.o)

Memory Configuration

Name             Origin             Length             Attributes
rom              0x00000000         0x00080000         xr
ram              0x20000000         0x00018000         xrw
nul              0x20018000         0x00000000         xrw
*default*        0x00000000         0xffffffff

Linker script and memory map

LOAD c:/sysgcc/arm-eabi/bin/../lib/gcc/arm-eabi/6.2.0/thumb/cortex_m3\libgcc.a
LOAD IRSendTask.o
LOAD IR_LED.o
LOAD OLED_Controller.o
LOAD KeyPadTask_init.o
LOAD Register_entity.o
LOAD InitTask.o
LOAD Keypad.o
LOAD hwlib.o
LOAD switch_to.o
LOAD coroutine.o
LOAD rtos.o
LOAD main.o
LOAD bmptk_cortex.o
LOAD bmptk_heap_bmptk.o
LOAD bmptk_fixed_size_stack.o
LOAD c:/sysgcc/arm-eabi/bin/../lib/gcc/arm-eabi/6.2.0/../../../../arm-eabi/lib/thumb/cortex_m3\libm.a
LOAD c:/sysgcc/arm-eabi/bin/../lib/gcc/arm-eabi/6.2.0/thumb/cortex_m3\libgcc.a
LOAD c:/sysgcc/arm-eabi/bin/../lib/gcc/arm-eabi/6.2.0/../../../../arm-eabi/lib/thumb/cortex_m3\libc.a
                0x00000000                __rom_start = ORIGIN (rom)
                0x00080000                __rom_size = LENGTH (rom)
                0x00080000                __rom_end = (__rom_start + __rom_size)
                0x20000000                __ram_start = ORIGIN (ram)
                0x00018000                __ram_size = LENGTH (ram)
                0x20018000                __ram_end = (__ram_start + __ram_size)
                [!provide]                PROVIDE (__rom_start, __rom_start)
                [!provide]                PROVIDE (__rom_size, __rom_size)
                [!provide]                PROVIDE (__rom_end, __rom_end)
                [!provide]                PROVIDE (__ram_start, __ram_start)
                [!provide]                PROVIDE (__ram_size, __ram_size)
                [!provide]                PROVIDE (__ram_end, __ram_end)

.text           0x00000000     0x45cc
                0x00000000                . = ALIGN (0x4)
                0x00000000                __text_start = .
                [!provide]                PROVIDE (__text_start, __text_start)
                0x00000000                . = ALIGN (0x4)
 *(.vectors)
 .vectors       0x00000000       0x20 bmptk_cortex.o
                0x00000000                __vectors
                0x00000020                . = ALIGN (0x4)
 *(.text .text.* .gnu.linkonce.t.*)
 .text._ZN4rtos7channelIiLi10EE5clearEv
                0x00000020       0x12 IRSendTask.o
                0x00000020                _ZN4rtos7channelIiLi10EE5clearEv
 .text._ZN5hwlib7ostream6fillerEi
                0x00000032       0x1a IRSendTask.o
                0x00000032                _ZN5hwlib7ostream6fillerEi
 .text._ZN5hwliblsERNS_7ostreamEPKc
                0x0000004c       0x54 IRSendTask.o
                0x0000004c                _ZN5hwliblsERNS_7ostreamEPKc
 .text._ZN6sam3xa10SystemInitEv
                0x000000a0       0x80 IRSendTask.o
                0x000000a0                _ZN6sam3xa10SystemInitEv
 .text._ZN3due8pin_infoENS_4pinsE
                0x00000120       0x20 IRSendTask.o
                0x00000120                _ZN3due8pin_infoENS_4pinsE
 .text._ZN3due14port_registersEm
                0x00000140       0x48 IRSendTask.o
                0x00000140                _ZN3due14port_registersEm
 .text._ZN3due12ticks_per_usEv
                0x00000188        0x6 IRSendTask.o
                0x00000188                _ZN3due12ticks_per_usEv
 *fill*         0x0000018e        0x2 
 .text._ZN3due9now_ticksEv
                0x00000190       0x70 IRSendTask.o
                0x00000190                _ZN3due9now_ticksEv
 .text._ZN5hwlib9uart_putcEc
                0x00000200        0x4 IRSendTask.o
                0x00000200                _ZN5hwlib9uart_putcEc
 .text._ZN18IR_Send_ControllerC2ER6IR_LEDR15Register_entity
                0x00000204       0x94 IRSendTask.o
                0x00000204                _ZN18IR_Send_ControllerC1ER6IR_LEDR15Register_entity
                0x00000204                _ZN18IR_Send_ControllerC2ER6IR_LEDR15Register_entity
 .text._ZN18IR_Send_Controller11send_signalEi
                0x00000298       0x58 IRSendTask.o
                0x00000298                _ZN18IR_Send_Controller11send_signalEi
 .text._ZN18IR_Send_Controller13encode_signalEi
                0x000002f0       0x38 IRSendTask.o
                0x000002f0                _ZN18IR_Send_Controller13encode_signalEi
 .text._ZN18IR_Send_Controller14setSendChannelEi
                0x00000328       0x40 IRSendTask.o
                0x00000328                _ZN18IR_Send_Controller14setSendChannelEi
 .text._ZN18IR_Send_Controller11setSendFlagEv
                0x00000368        0x8 IRSendTask.o
                0x00000368                _ZN18IR_Send_Controller11setSendFlagEv
 .text._ZN4rtos7channelIiLi10EE4readEv
                0x00000370       0x70 IRSendTask.o
                0x00000370                _ZN4rtos7channelIiLi10EE4readEv
 .text.startup._ZN18IR_Send_Controller4mainEv
                0x000003e0       0x48 IRSendTask.o
                0x000003e0                _ZN18IR_Send_Controller4mainEv
 .text._ZN6IR_LEDC2ERN3due8d2_36kHzE
                0x00000428       0x12 IR_LED.o
                0x00000428                _ZN6IR_LEDC1ERN3due8d2_36kHzE
                0x00000428                _ZN6IR_LEDC2ERN3due8d2_36kHzE
 .text._ZN6IR_LED3setEi
                0x0000043a       0x10 IR_LED.o
                0x0000043a                _ZN6IR_LED3setEi
 .text._ZN5hwlib7ostreamlsEc
                0x0000044a        0xe OLED_Controller.o
                0x0000044a                _ZN5hwlib7ostreamlsEc
 .text._ZN5hwliblsERNS_7ostreamEi
                0x00000458       0xd6 OLED_Controller.o
                0x00000458                _ZN5hwliblsERNS_7ostreamEi
 .text._ZN15OLED_ControllerC2ERN5hwlib18glcd_oled_bufferedERNS0_14window_ostreamES4_S4_
                0x0000052e       0x24 OLED_Controller.o
                0x0000052e                _ZN15OLED_ControllerC1ERN5hwlib18glcd_oled_bufferedERNS0_14window_ostreamES4_S4_
                0x0000052e                _ZN15OLED_ControllerC2ERN5hwlib18glcd_oled_bufferedERNS0_14window_ostreamES4_S4_
 .text._ZN15OLED_Controller5flushEv
                0x00000552        0x8 OLED_Controller.o
                0x00000552                _ZN15OLED_Controller5flushEv
 *fill*         0x0000055a        0x2 
 .text._ZN15OLED_Controller8printCmdEi
                0x0000055c       0x2c OLED_Controller.o
                0x0000055c                _ZN15OLED_Controller8printCmdEi
 .text._ZN15OLED_Controller9printSendEi
                0x00000588       0x2c OLED_Controller.o
                0x00000588                _ZN15OLED_Controller9printSendEi
 .text._ZN15OLED_Controller15printGameleaderEv
                0x000005b4       0x38 OLED_Controller.o
                0x000005b4                _ZN15OLED_Controller15printGameleaderEv
 .text.startup._ZN18keyPad_Controller24mainEv
                0x000005ec       0x4c KeyPadTask_init.o
                0x000005ec                _ZN18keyPad_Controller24mainEv
 .text._ZN18keyPad_Controller2C2ER6KeypadR20Init_Game_Controller
                0x00000638       0x7c KeyPadTask_init.o
                0x00000638                _ZN18keyPad_Controller2C1ER6KeypadR20Init_Game_Controller
                0x00000638                _ZN18keyPad_Controller2C2ER6KeypadR20Init_Game_Controller
 .text._ZN15Register_entityC2Eiii
                0x000006b4        0x8 Register_entity.o
                0x000006b4                _ZN15Register_entityC2Eiii
                0x000006b4                _ZN15Register_entityC1Eiii
 .text._ZN15Register_entity5getFPEv
                0x000006bc        0x4 Register_entity.o
                0x000006bc                _ZN15Register_entity5getFPEv
 .text._ZN15Register_entity5getPNEv
                0x000006c0        0x4 Register_entity.o
                0x000006c0                _ZN15Register_entity5getPNEv
 .text._ZN4rtos7channelIcLi10EE5clearEv
                0x000006c4       0x12 InitTask.o
                0x000006c4                _ZN4rtos7channelIcLi10EE5clearEv
 *fill*         0x000006d6        0x2 
 .text._ZN20Init_Game_ControllerC2ER18IR_Send_ControllerR15OLED_Controller
                0x000006d8       0x9c InitTask.o
                0x000006d8                _ZN20Init_Game_ControllerC2ER18IR_Send_ControllerR15OLED_Controller
                0x000006d8                _ZN20Init_Game_ControllerC1ER18IR_Send_ControllerR15OLED_Controller
 .text._ZN20Init_Game_Controller18setKeyValueChannelEc
                0x00000774       0x40 InitTask.o
                0x00000774                _ZN20Init_Game_Controller18setKeyValueChannelEc
 .text._ZN20Init_Game_Controller17setKeyPressedFlagEv
                0x000007b4        0xa InitTask.o
                0x000007b4                _ZN20Init_Game_Controller17setKeyPressedFlagEv
 *fill*         0x000007be        0x2 
 .text._ZN4rtos7channelIcLi10EE4readEv
                0x000007c0       0x70 InitTask.o
                0x000007c0                _ZN4rtos7channelIcLi10EE4readEv
 .text.startup._ZN20Init_Game_Controller4mainEv
                0x00000830      0x1d8 InitTask.o
                0x00000830                _ZN20Init_Game_Controller4mainEv
 .text._ZN5hwlib7istream11getc_nowaitEv
                0x00000a08       0x1a Keypad.o
                0x00000a08                _ZN5hwlib7istream11getc_nowaitEv
 .text._ZN5hwlib6keypadILi16EE4getcEv
                0x00000a22       0x24 Keypad.o
                0x00000a22                _ZN5hwlib6keypadILi16EE4getcEv
 .text._ZN5hwlib6keypadILi16EE14char_availableEv
                0x00000a46       0xa0 Keypad.o
                0x00000a46                _ZN5hwlib6keypadILi16EE14char_availableEv
 *fill*         0x00000ae6        0x2 
 .text._ZN6KeypadC2EN5hwlib6keypadILi16EEE
                0x00000ae8       0x34 Keypad.o
                0x00000ae8                _ZN6KeypadC2EN5hwlib6keypadILi16EEE
                0x00000ae8                _ZN6KeypadC1EN5hwlib6keypadILi16EEE
 .text._ZN6Keypad3getEv
                0x00000b1c        0x8 Keypad.o
                0x00000b1c                _ZN6Keypad3getEv
 .text._ZN5hwlib6pin_in7refreshEv
                0x00000b24        0x2 hwlib.o
                0x00000b24                _ZN5hwlib6pin_in7refreshEv
 .text._ZN5hwlib7pin_out5flushEv
                0x00000b26        0x2 hwlib.o
                0x00000b26                _ZN5hwlib7pin_out5flushEv
 .text._ZN5hwlib6pin_oc7refreshEv
                0x00000b28        0x2 hwlib.o
                0x00000b28                _ZN5hwlib6pin_oc7refreshEv
 .text._ZN5hwlib6pin_oc5flushEv
                0x00000b2a        0x2 hwlib.o
                0x00000b2a                _ZN5hwlib6pin_oc5flushEv
 .text._ZN5hwlib7ostream5flushEv
                0x00000b2c        0x2 hwlib.o
                0x00000b2c                _ZN5hwlib7ostream5flushEv
 .text._ZN5hwlib19_pin_in_dummy_class3getENS_9bufferingE
                0x00000b2e        0x4 hwlib.o
                0x00000b2e                _ZN5hwlib19_pin_in_dummy_class3getENS_9bufferingE
 .text._ZN5hwlib19_pin_oc_dummy_class3setEbNS_9bufferingE
                0x00000b32        0x2 hwlib.o
                0x00000b32                _ZN5hwlib19_pin_oc_dummy_class3setEbNS_9bufferingE
 .text._ZN5hwlib19_pin_oc_dummy_class3getENS_9bufferingE
                0x00000b34        0x4 hwlib.o
                0x00000b34                _ZN5hwlib19_pin_oc_dummy_class3getENS_9bufferingE
 .text._ZNK5hwlib9image_8x818get_implementationENS_8locationE
                0x00000b38       0x44 hwlib.o
                0x00000b38                _ZNK5hwlib9image_8x818get_implementationENS_8locationE
 .text._ZN5hwliblsERNS_7ostreamEx
                0x00000b7c      0x10a hwlib.o
                0x00000b7c                _ZN5hwliblsERNS_7ostreamEx
 .text._ZN5hwlib5panicEPKcj
                0x00000c86        0x2 hwlib.o
                0x00000c86                _ZN5hwlib5panicEPKcj
 .text._ZN5hwlib6window5writeENS_8locationENS_5colorENS_9bufferingE
                0x00000c88       0x38 hwlib.o
                0x00000c88                _ZN5hwlib6window5writeENS_8locationENS_5colorENS_9bufferingE
 .text._ZN3due9uart_initEv
                0x00000cc0       0x60 hwlib.o
                0x00000cc0                _ZN3due9uart_initEv
 .text._ZN3due9uart_putcEc
                0x00000d20       0x1c hwlib.o
                0x00000d20                _ZN3due9uart_putcEc
 .text._ZN5hwlib20cout_using_uart_putc4putcEc
                0x00000d3c        0xa hwlib.o
                0x00000d3c                _ZN5hwlib20cout_using_uart_putc4putcEc
 .text._ZN5hwlib6now_usEv
                0x00000d46       0x1c hwlib.o
                0x00000d46                _ZN5hwlib6now_usEv
 .text._ZN5hwlib12wait_us_busyEi
                0x00000d62       0x1c hwlib.o
                0x00000d62                _ZN5hwlib12wait_us_busyEi
 *fill*         0x00000d7e        0x2 
 .text          0x00000d80       0x24 switch_to.o
                0x00000d80                switch_from_to
 .text._ZN4rtos8callback6cancelEv
                0x00000da4        0xa rtos.o
                0x00000da4                _ZN4rtos8callback6cancelEv
 .text._ZN5hwliblsERNS_7ostreamEj
                0x00000dae        0xc rtos.o
                0x00000dae                _ZN5hwliblsERNS_7ostreamEj
 .text._Z6strlenPKc
                0x00000dba       0x10 rtos.o
                0x00000dba                _Z6strlenPKc
 .text._Z6strcpyPcPKc
                0x00000dca       0x14 rtos.o
                0x00000dca                _Z6strcpyPcPKc
 .text._Z15string_allocatePKc
                0x00000dde       0x26 rtos.o
                0x00000dde                _Z15string_allocatePKc
 .text._Z12nr_from_maskj
                0x00000e04       0x1a rtos.o
                0x00000e04                _Z12nr_from_maskj
 *fill*         0x00000e1e        0x2 
 .text._Z15task_trampolinev
                0x00000e20       0x34 rtos.o
                0x00000e20                _Z15task_trampolinev
 .text._ZN4rtos9task_base7releaseEv
                0x00000e54       0x24 rtos.o
                0x00000e54                _ZN4rtos9task_base7releaseEv
 .text._ZN4rtos9task_base7suspendEv
                0x00000e78        0x8 rtos.o
                0x00000e78                _ZN4rtos9task_base7suspendEv
 .text._ZN4rtos9task_base6resumeEv
                0x00000e80        0x8 rtos.o
                0x00000e80                _ZN4rtos9task_base6resumeEv
 .text._ZN4rtos9task_base7unblockEv
                0x00000e88       0x14 rtos.o
                0x00000e88                _ZN4rtos9task_base7unblockEv
 .text._ZN4rtos9task_base5blockEv
                0x00000e9c       0x70 rtos.o
                0x00000e9c                _ZN4rtos9task_base5blockEv
 .text._ZNK4rtos9task_base5printERN5hwlib7ostreamEb
                0x00000f0c      0x158 rtos.o
                0x00000f0c                _ZNK4rtos9task_base5printERN5hwlib7ostreamEb
 .text._ZNK4rtos4flag5printERN5hwlib7ostreamEb
                0x00001064       0xcc rtos.o
                0x00001064                _ZNK4rtos4flag5printERN5hwlib7ostreamEb
 .text._ZN4rtos5timer3setEm
                0x00001130        0xe rtos.o
                0x00001130                _ZN4rtos5timer3setEm
 *fill*         0x0000113e        0x2 
 .text._ZNK4rtos5timer5printERN5hwlib7ostreamEb
                0x00001140       0xd0 rtos.o
                0x00001140                _ZNK4rtos5timer5printERN5hwlib7ostreamEb
 .text._ZNK4rtos5clock5printERN5hwlib7ostreamEb
                0x00001210       0xd4 rtos.o
                0x00001210                _ZNK4rtos5clock5printERN5hwlib7ostreamEb
 .text._ZN4rtos12waitable_set17waitable_allocateEv
                0x000012e4       0x38 rtos.o
                0x000012e4                _ZN4rtos12waitable_set17waitable_allocateEv
 .text._ZN4rtos8waitableC2EPNS_9task_baseEPKc
                0x0000131c       0x2c rtos.o
                0x0000131c                _ZN4rtos8waitableC1EPNS_9task_baseEPKc
                0x0000131c                _ZN4rtos8waitableC2EPNS_9task_baseEPKc
 .text._ZN4rtos12waitable_set3setERKNS_8waitableE
                0x00001348       0x14 rtos.o
                0x00001348                _ZN4rtos12waitable_set3setERKNS_8waitableE
 .text._ZN4rtos5timer7time_upEv
                0x0000135c       0x10 rtos.o
                0x0000135c                _ZN4rtos5timer7time_upEv
                0x00001366                _ZThn16_N4rtos5timer7time_upEv
 .text._ZN4rtos4flag3setEv
                0x0000136c       0x10 rtos.o
                0x0000136c                _ZN4rtos4flag3setEv
 .text._ZN4rtos12waitable_set5clearERKNS_8waitableE
                0x0000137c        0xc rtos.o
                0x0000137c                _ZN4rtos12waitable_set5clearERKNS_8waitableE
 .text._ZN4rtos8waitable5clearEv
                0x00001388        0xa rtos.o
                0x00001388                _ZN4rtos8waitable5clearEv
 .text._ZN4rtos5timer6cancelEv
                0x00001392       0x16 rtos.o
                0x00001392                _ZN4rtos5timer6cancelEv
 .text._ZThn16_N4rtos5timer6cancelEv
                0x000013a8        0x8 rtos.o
                0x000013a8                _ZThn16_N4rtos5timer6cancelEv
 .text._ZN4rtos12waitable_set4waitEj
                0x000013b0       0x64 rtos.o
                0x000013b0                _ZN4rtos12waitable_set4waitEj
 .text._ZNK4rtos5mutex5printERN5hwlib7ostreamEb
                0x00001414       0xec rtos.o
                0x00001414                _ZNK4rtos5mutex5printERN5hwlib7ostreamEb
 .text._ZNK4rtos12channel_base5printERN5hwlib7ostreamEb
                0x00001500       0xe0 rtos.o
                0x00001500                _ZNK4rtos12channel_base5printERN5hwlib7ostreamEb
 .text._ZNK4rtos9pool_base5printERN5hwlib7ostreamEb
                0x000015e0       0x78 rtos.o
                0x000015e0                _ZNK4rtos9pool_base5printERN5hwlib7ostreamEb
 .text._ZNK4rtos12mailbox_base5printERN5hwlib7ostreamEb
                0x00001658       0xc4 rtos.o
                0x00001658                _ZNK4rtos12mailbox_base5printERN5hwlib7ostreamEb
 .text._ZN4rtos3addEPNS_4flagE
                0x0000171c       0x10 rtos.o
                0x0000171c                _ZN4rtos3addEPNS_4flagE
 .text._ZN4rtos4flagC2EPNS_9task_baseEPKc
                0x0000172c       0x20 rtos.o
                0x0000172c                _ZN4rtos4flagC2EPNS_9task_baseEPKc
                0x0000172c                _ZN4rtos4flagC1EPNS_9task_baseEPKc
 .text._ZN4rtos3addEPNS_5timerE
                0x0000174c       0x10 rtos.o
                0x0000174c                _ZN4rtos3addEPNS_5timerE
 .text._ZN4rtos3addEPNS_12channel_baseE
                0x0000175c       0x10 rtos.o
                0x0000175c                _ZN4rtos3addEPNS_12channel_baseE
 .text._ZN4rtos12channel_baseC2EPNS_9task_baseEPKc
                0x0000176c       0x30 rtos.o
                0x0000176c                _ZN4rtos12channel_baseC2EPNS_9task_baseEPKc
                0x0000176c                _ZN4rtos12channel_baseC1EPNS_9task_baseEPKc
 .text._ZN4rtos5printERN5hwlib7ostreamE
                0x0000179c      0x1b4 rtos.o
                0x0000179c                _ZN4rtos5printERN5hwlib7ostreamE
 .text._ZN4rtos4beatEv
                0x00001950      0x14c rtos.o
                0x00001950                _ZN4rtos4beatEv
 .text._ZN4rtos3runEv
                0x00001a9c       0x20 rtos.o
                0x00001a9c                _ZN4rtos3runEv
 .text._ZN4rtos3addEPNS_8callbackE
                0x00001abc       0x10 rtos.o
                0x00001abc                _ZN4rtos3addEPNS_8callbackE
 .text._ZN4rtos8callbackC2EPKc
                0x00001acc       0x2c rtos.o
                0x00001acc                _ZN4rtos8callbackC1EPKc
                0x00001acc                _ZN4rtos8callbackC2EPKc
 .text._ZN4rtos5timerC2EPNS_9task_baseEPKc
                0x00001af8       0x34 rtos.o
                0x00001af8                _ZN4rtos5timerC1EPNS_9task_baseEPKc
                0x00001af8                _ZN4rtos5timerC2EPNS_9task_baseEPKc
 .text._ZN4rtos3addEPNS_9task_baseE
                0x00001b2c       0x74 rtos.o
                0x00001b2c                _ZN4rtos3addEPNS_9task_baseE
 .text._ZN4rtos9task_baseC2ER9coroutineILl0EEjPKc
                0x00001ba0       0x4c rtos.o
                0x00001ba0                _ZN4rtos9task_baseC1ER9coroutineILl0EEjPKc
                0x00001ba0                _ZN4rtos9task_baseC2ER9coroutineILl0EEjPKc
 .text._ZN5hwlib7wait_usEi
                0x00001bec       0x3c rtos.o
                0x00001bec                _ZN5hwlib7wait_usEi
 .text._ZN5hwlib7wait_msEi
                0x00001c28       0x16 rtos.o
                0x00001c28                _ZN5hwlib7wait_msEi
 .text._ZN5hwlib7port_in7refreshEv
                0x00001c3e        0x2 main.o
                0x00001c3e                _ZN5hwlib7port_in7refreshEv
 .text._ZN5hwlib7port_oc7refreshEv
                0x00001c40        0x2 main.o
                0x00001c40                _ZN5hwlib7port_oc7refreshEv
 .text._ZN5hwlib7port_oc5flushEv
                0x00001c42        0x2 main.o
                0x00001c42                _ZN5hwlib7port_oc5flushEv
 .text._ZN5hwlib17port_in_from_pins14number_of_pinsEv
                0x00001c44        0x4 main.o
                0x00001c44                _ZN5hwlib17port_in_from_pins14number_of_pinsEv
 .text._ZN5hwlib17port_in_from_pins3getENS_9bufferingE
                0x00001c48       0x32 main.o
                0x00001c48                _ZN5hwlib17port_in_from_pins3getENS_9bufferingE
 .text._ZN5hwlib17port_oc_from_pins14number_of_pinsEv
                0x00001c7a        0x4 main.o
                0x00001c7a                _ZN5hwlib17port_oc_from_pins14number_of_pinsEv
 .text._ZN5hwlib17port_oc_from_pins3getENS_9bufferingE
                0x00001c7e       0x30 main.o
                0x00001c7e                _ZN5hwlib17port_oc_from_pins3getENS_9bufferingE
 .text._ZN5hwlib17port_oc_from_pins3setEjNS_9bufferingE
                0x00001cae       0x2c main.o
                0x00001cae                _ZN5hwlib17port_oc_from_pins3setEjNS_9bufferingE
 .text._ZN5hwlib7console7goto_xyEjj
                0x00001cda        0xa main.o
                0x00001cda                _ZN5hwlib7console7goto_xyEjj
 .text._ZN5hwlib14window_ostream22goto_xy_implementationEjj
                0x00001ce4       0x20 main.o
                0x00001ce4                _ZN5hwlib14window_ostream22goto_xy_implementationEjj
 .text._ZN5hwlib14window_ostream5clearEv
                0x00001d04       0x1e main.o
                0x00001d04                _ZN5hwlib14window_ostream5clearEv
 .text._ZN5hwlib14window_ostream5flushEv
                0x00001d22        0x8 main.o
                0x00001d22                _ZN5hwlib14window_ostream5flushEv
 .text._ZN5hwlib11window_part5flushEv
                0x00001d2a        0x8 main.o
                0x00001d2a                _ZN5hwlib11window_part5flushEv
 *fill*         0x00001d32        0x2 
 .text._ZNK5hwlib16font_default_8x8ixEc
                0x00001d34       0x14 main.o
                0x00001d34                _ZNK5hwlib16font_default_8x8ixEc
 .text._ZNK5hwlib11image_16x1618get_implementationENS_8locationE
                0x00001d48       0x58 main.o
                0x00001d48                _ZNK5hwlib11image_16x1618get_implementationENS_8locationE
 .text._ZNK5hwlib18font_default_16x16ixEc
                0x00001da0        0xc main.o
                0x00001da0                _ZNK5hwlib18font_default_16x16ixEc
 .text._ZN5hwlib18glcd_oled_buffered5clearEv
                0x00001dac       0x1c main.o
                0x00001dac                _ZN5hwlib18glcd_oled_buffered5clearEv
 .text._ZN3due6pin_in3getEN5hwlib9bufferingE
                0x00001dc8       0x10 main.o
                0x00001dc8                _ZN3due6pin_in3getEN5hwlib9bufferingE
 .text._ZN3due7pin_out3setEbN5hwlib9bufferingE
                0x00001dd8        0xe main.o
                0x00001dd8                _ZN3due7pin_out3setEbN5hwlib9bufferingE
 .text._ZN3due6pin_oc3getEN5hwlib9bufferingE
                0x00001de6       0x10 main.o
                0x00001de6                _ZN3due6pin_oc3getEN5hwlib9bufferingE
 .text._ZN3due6pin_oc3setEbN5hwlib9bufferingE
                0x00001df6       0x10 main.o
                0x00001df6                _ZN3due6pin_oc3setEbN5hwlib9bufferingE
 *fill*         0x00001e06        0x2 
 .text._ZN3due8d2_36kHz3setEbN5hwlib9bufferingE
                0x00001e08       0x18 main.o
                0x00001e08                _ZN3due8d2_36kHz3setEbN5hwlib9bufferingE
 .text._ZN5hwlib7console4putcEc
                0x00001e20       0xb0 main.o
                0x00001e20                _ZN5hwlib7console4putcEc
 .text._ZN5hwlib26i2c_bus_bit_banged_scl_sda16wait_half_periodEv.isra.5
                0x00001ed0        0x6 main.o
 .text._ZN5hwlib6window5clearENS_9bufferingE
                0x00001ed6       0x56 main.o
                0x00001ed6                _ZN5hwlib6window5clearENS_9bufferingE
 .text._ZN5hwlib11window_part20write_implementationENS_8locationENS_5colorENS_9bufferingE
                0x00001f2c       0x32 main.o
                0x00001f2c                _ZN5hwlib11window_part20write_implementationENS_8locationENS_5colorENS_9bufferingE
 .text._ZN5hwlib14window_ostream19putc_implementationEc
                0x00001f5e       0x88 main.o
                0x00001f5e                _ZN5hwlib14window_ostream19putc_implementationEc
 *fill*         0x00001fe6        0x2 
 .text._ZN5hwlib14window_ostreamC2ERNS_6windowERKNS_4fontE
                0x00001fe8       0x60 main.o
                0x00001fe8                _ZN5hwlib14window_ostreamC1ERNS_6windowERKNS_4fontE
                0x00001fe8                _ZN5hwlib14window_ostreamC2ERNS_6windowERKNS_4fontE
 .text._ZN5hwlib26i2c_bus_bit_banged_scl_sda9write_bitEb
                0x00002048       0x36 main.o
                0x00002048                _ZN5hwlib26i2c_bus_bit_banged_scl_sda9write_bitEb
 .text._ZN5hwlib26i2c_bus_bit_banged_scl_sda8read_bitEv
                0x0000207e       0x44 main.o
                0x0000207e                _ZN5hwlib26i2c_bus_bit_banged_scl_sda8read_bitEv
 .text._ZN5hwlib26i2c_bus_bit_banged_scl_sda11write_startEv
                0x000020c2       0x28 main.o
                0x000020c2                _ZN5hwlib26i2c_bus_bit_banged_scl_sda11write_startEv
 .text._ZN5hwlib26i2c_bus_bit_banged_scl_sda10write_stopEv
                0x000020ea       0x48 main.o
                0x000020ea                _ZN5hwlib26i2c_bus_bit_banged_scl_sda10write_stopEv
 .text._ZN5hwlib26i2c_bus_bit_banged_scl_sda10write_byteEj
                0x00002132       0x1c main.o
                0x00002132                _ZN5hwlib26i2c_bus_bit_banged_scl_sda10write_byteEj
 .text._ZN5hwlib26i2c_bus_bit_banged_scl_sda5writeEjPKhj
                0x0000214e       0x3a main.o
                0x0000214e                _ZN5hwlib26i2c_bus_bit_banged_scl_sda5writeEjPKhj
 .text._ZN5hwlib26i2c_bus_bit_banged_scl_sda4readEjPhj
                0x00002188       0x60 main.o
                0x00002188                _ZN5hwlib26i2c_bus_bit_banged_scl_sda4readEjPhj
 .text._ZN5hwlib18glcd_oled_buffered7commandEhhh
                0x000021e8       0x30 main.o
                0x000021e8                _ZN5hwlib18glcd_oled_buffered7commandEhhh
 .text._ZN5hwlib18glcd_oled_buffered5flushEv
                0x00002218       0x5c main.o
                0x00002218                _ZN5hwlib18glcd_oled_buffered5flushEv
 .text._ZN5hwlib18glcd_oled_buffered20write_implementationENS_8locationENS_5colorENS_9bufferingE
                0x00002274       0xba main.o
                0x00002274                _ZN5hwlib18glcd_oled_buffered20write_implementationENS_8locationENS_5colorENS_9bufferingE
 *fill*         0x0000232e        0x2 
 .text._ZN3due6pin_inC2ENS_4pinsE
                0x00002330       0x34 main.o
                0x00002330                _ZN3due6pin_inC2ENS_4pinsE
                0x00002330                _ZN3due6pin_inC1ENS_4pinsE
 .text._ZN3due7pin_outC2ENS_4pinsE
                0x00002364       0x34 main.o
                0x00002364                _ZN3due7pin_outC2ENS_4pinsE
                0x00002364                _ZN3due7pin_outC1ENS_4pinsE
 .text._ZN3due6pin_ocC2ENS_4pinsE
                0x00002398       0x34 main.o
                0x00002398                _ZN3due6pin_ocC2ENS_4pinsE
                0x00002398                _ZN3due6pin_ocC1ENS_4pinsE
 .text.startup.main
                0x000023cc      0x438 main.o
                0x000023cc                main
 .text.__startup
                0x00002804       0x48 bmptk_cortex.o
                0x00002804                __startup
 .text.__cxa_pure_virtual
                0x0000284c        0x2 bmptk_cortex.o
                0x0000284c                __cxa_pure_virtual
 *fill*         0x0000284e        0x2 
 .text.malloc   0x00002850       0x24 bmptk_heap_bmptk.o
                0x00002850                malloc
 .text          0x00002874       0xa0 c:/sysgcc/arm-eabi/bin/../lib/gcc/arm-eabi/6.2.0/thumb/cortex_m3\libgcc.a(_aeabi_ldivmod.o)
                0x00002874                __aeabi_ldivmod
 .text          0x00002914       0x30 c:/sysgcc/arm-eabi/bin/../lib/gcc/arm-eabi/6.2.0/thumb/cortex_m3\libgcc.a(_aeabi_uldivmod.o)
                0x00002914                __aeabi_uldivmod
 .text          0x00002944      0x2dc c:/sysgcc/arm-eabi/bin/../lib/gcc/arm-eabi/6.2.0/thumb/cortex_m3\libgcc.a(_udivmoddi4.o)
                0x00002944                __udivmoddi4
 .text          0x00002c20        0x4 c:/sysgcc/arm-eabi/bin/../lib/gcc/arm-eabi/6.2.0/thumb/cortex_m3\libgcc.a(_dvmd_tls.o)
                0x00002c20                __aeabi_ldiv0
 .text          0x00002c24       0xec c:/sysgcc/arm-eabi/bin/../lib/gcc/arm-eabi/6.2.0/../../../../arm-eabi/lib/thumb/cortex_m3\libc.a(lib_a-memcpy.o)
                0x00002c24                memcpy
                0x00002d10                . = ALIGN (0x4)
 *(.glue_7t .glue_7)
 .glue_7        0x00002d10        0x0 linker stubs
 .glue_7t       0x00002d10        0x0 linker stubs
                0x00002d10                . = ALIGN (0x4)
 *(.rodata .rodata.* .gnu.linkonce.r.*)
 .rodata._ZTVN4rtos7channelIiLi10EEE
                0x00002d10        0xc IRSendTask.o
                0x00002d10                _ZTVN4rtos7channelIiLi10EEE
 .rodata._ZTV18IR_Send_Controller
                0x00002d1c       0x14 IRSendTask.o
                0x00002d1c                _ZTV18IR_Send_Controller
 .rodata._ZN18IR_Send_ControllerC2ER6IR_LEDR15Register_entity.str1.1
                0x00002d30       0x20 IRSendTask.o
 .rodata._ZN3due8pin_infoENS_4pinsE.str1.1
                0x00002d50       0x33 IRSendTask.o
 .rodata._ZN4rtos7channelIiLi10EE4readEv.str1.1
                0x00002d83       0x32 IRSendTask.o
                                 0x34 (size before relaxing)
 .rodata._ZZN3due8pin_infoENS_4pinsEE14pin_info_array
                0x00002db5       0xa4 IRSendTask.o
 .rodata._ZN15OLED_Controller15printGameleaderEv.str1.1
                0x00002e59       0x16 OLED_Controller.o
 .rodata._ZN15OLED_Controller17printPlayerNumberEi.str1.1
                0x00002e6f        0xa OLED_Controller.o
                                  0xc (size before relaxing)
 .rodata._ZN15OLED_Controller8printCmdEi.str1.1
                0x00002e79        0x5 OLED_Controller.o
 .rodata._ZN15OLED_Controller9printSendEi.str1.1
                0x00002e7e        0x7 OLED_Controller.o
 *fill*         0x00002e85        0x3 
 .rodata._ZTV18keyPad_Controller2
                0x00002e88       0x14 KeyPadTask_init.o
                0x00002e88                _ZTV18keyPad_Controller2
 .rodata._ZN18keyPad_Controller2C2ER6KeypadR20Init_Game_Controller.str1.1
                0x00002e9c       0x24 KeyPadTask_init.o
 .rodata._ZTVN4rtos7channelIcLi10EEE
                0x00002ec0        0xc InitTask.o
                0x00002ec0                _ZTVN4rtos7channelIcLi10EEE
 .rodata._ZTV20Init_Game_Controller
                0x00002ecc       0x14 InitTask.o
                0x00002ecc                _ZTV20Init_Game_Controller
 .rodata._ZN20Init_Game_Controller4mainEv.str1.1
                0x00002ee0        0x8 InitTask.o
 .rodata._ZN20Init_Game_ControllerC2ER18IR_Send_ControllerR15OLED_Controller.str1.1
                0x00002ee8       0x28 InitTask.o
 .rodata._ZN4rtos7channelIcLi10EE4readEv.str1.1
                0x00002f10       0x34 InitTask.o
 .rodata._ZTVN5hwlib6keypadILi16EEE
                0x00002f10       0x14 Keypad.o
                0x00002f10                _ZTVN5hwlib6keypadILi16EEE
 .rodata._ZTVN5hwlib20cout_using_uart_putcE
                0x00002f24       0x10 hwlib.o
                0x00002f24                _ZTVN5hwlib20cout_using_uart_putcE
 .rodata._ZTVN5hwlib19_pin_in_dummy_classE
                0x00002f34       0x10 hwlib.o
                0x00002f34                _ZTVN5hwlib19_pin_in_dummy_classE
 .rodata._ZTVN5hwlib19_pin_oc_dummy_classE
                0x00002f44       0x18 hwlib.o
                0x00002f44                _ZTVN5hwlib19_pin_oc_dummy_classE
 .rodata._ZTVN5hwlib9image_8x8E
                0x00002f5c        0xc hwlib.o
                0x00002f5c                _ZTVN5hwlib9image_8x8E
 .rodata._ZN5hwlib16font_default_8x86imagesE
                0x00002f68      0xa00 hwlib.o
                0x00002f68                _ZN5hwlib16font_default_8x86imagesE
 .rodata._ZN5hwlibL5blackE
                0x00003968        0x4 hwlib.o
 .rodata._ZN5hwlibL5whiteE
                0x0000396c        0x4 hwlib.o
 .rodata._ZTVN4rtos8waitableE
                0x00003970        0xc rtos.o
                0x00003970                _ZTVN4rtos8waitableE
 .rodata._ZTVN4rtos4flagE
                0x0000397c        0xc rtos.o
                0x0000397c                _ZTVN4rtos4flagE
 .rodata._ZTVN4rtos8callbackE
                0x00003988       0x10 rtos.o
                0x00003988                _ZTVN4rtos8callbackE
 .rodata._ZTVN4rtos12channel_baseE
                0x00003998        0xc rtos.o
                0x00003998                _ZTVN4rtos12channel_baseE
 .rodata._Z15task_trampolinev.str1.1
                0x000039a4       0x2e rtos.o
 .rodata._ZN4rtos12waitable_set17waitable_allocateEv.str1.1
                0x000039d2       0x1b rtos.o
 .rodata._ZN4rtos3addEPNS_9task_baseE.str1.1
                0x000039ed       0x2e rtos.o
 .rodata._ZN4rtos4beatEv.str1.1
                0x00003a1b       0x3e rtos.o
 .rodata._ZN4rtos5printERN5hwlib7ostreamE.str1.1
                0x00003a59       0x83 rtos.o
 .rodata._ZN4rtos9task_base5blockEv.str1.1
                0x00003adc       0x37 rtos.o
                                 0x4b (size before relaxing)
 .rodata._ZN4rtos9task_baseC2ER9coroutineILl0EEjPKc.str1.1
                0x00003b13        0x8 rtos.o
 .rodata._ZNK4rtos12channel_base5printERN5hwlib7ostreamEb.str1.1
                0x00003b1b       0x23 rtos.o
 .rodata._ZNK4rtos12mailbox_base5printERN5hwlib7ostreamEb.str1.1
                0x00003b3e       0x1b rtos.o
 .rodata._ZNK4rtos4flag5printERN5hwlib7ostreamEb.str1.1
                0x00003b59       0x1e rtos.o
 .rodata._ZNK4rtos5clock5printERN5hwlib7ostreamEb.str1.1
                0x00003b77       0x1d rtos.o
 .rodata._ZNK4rtos5mutex5printERN5hwlib7ostreamEb.str1.1
                0x00003b94       0x29 rtos.o
 .rodata._ZNK4rtos5timer5printERN5hwlib7ostreamEb.str1.1
                0x00003bbd       0x13 rtos.o
 .rodata._ZNK4rtos9pool_base5printERN5hwlib7ostreamEb.str1.1
                0x00003bd0       0x10 rtos.o
 .rodata._ZNK4rtos9task_base5printERN5hwlib7ostreamEb.str1.1
                0x00003be0       0x39 rtos.o
 *fill*         0x00003c19        0x3 
 .rodata._ZTVN4rtos5timerE
                0x00003c1c       0x24 rtos.o
                0x00003c1c                _ZTVN4rtos5timerE
 .rodata._ZTVN4rtos9task_baseE
                0x00003c40       0x14 rtos.o
                0x00003c40                _ZTVN4rtos9task_baseE
 .rodata._ZTVN5hwlib17port_in_from_pinsE
                0x00003c54       0x14 main.o
                0x00003c54                _ZTVN5hwlib17port_in_from_pinsE
 .rodata._ZTVN5hwlib17port_oc_from_pinsE
                0x00003c68       0x1c main.o
                0x00003c68                _ZTVN5hwlib17port_oc_from_pinsE
 .rodata._ZTVN5hwlib14window_ostreamE
                0x00003c84       0x20 main.o
                0x00003c84                _ZTVN5hwlib14window_ostreamE
 .rodata._ZTVN5hwlib11window_partE
                0x00003ca4       0x14 main.o
                0x00003ca4                _ZTVN5hwlib11window_partE
 .rodata._ZTVN5hwlib16font_default_8x8E
                0x00003cb8        0xc main.o
                0x00003cb8                _ZTVN5hwlib16font_default_8x8E
 .rodata._ZTVN5hwlib11image_16x16E
                0x00003cc4        0xc main.o
                0x00003cc4                _ZTVN5hwlib11image_16x16E
 .rodata._ZTVN5hwlib18font_default_16x16E
                0x00003cd0        0xc main.o
                0x00003cd0                _ZTVN5hwlib18font_default_16x16E
 .rodata._ZTVN5hwlib26i2c_bus_bit_banged_scl_sdaE
                0x00003cdc       0x10 main.o
                0x00003cdc                _ZTVN5hwlib26i2c_bus_bit_banged_scl_sdaE
 .rodata._ZTVN5hwlib18glcd_oled_bufferedE
                0x00003cec       0x18 main.o
                0x00003cec                _ZTVN5hwlib18glcd_oled_bufferedE
 .rodata._ZTVN3due6pin_inE
                0x00003d04       0x10 main.o
                0x00003d04                _ZTVN3due6pin_inE
 .rodata._ZTVN3due7pin_outE
                0x00003d14       0x10 main.o
                0x00003d14                _ZTVN3due7pin_outE
 .rodata._ZTVN3due6pin_ocE
                0x00003d24       0x18 main.o
                0x00003d24                _ZTVN3due6pin_ocE
 .rodata._ZTVN3due8d2_36kHzE
                0x00003d3c       0x10 main.o
                0x00003d3c                _ZTVN3due8d2_36kHzE
 .rodata._ZZN5hwlib18glcd_oled_bufferedC4ERNS_7i2c_busEjE13init_sequence
                0x00003d4c       0x29 main.o
                0x00003d4c                _ZZN5hwlib18glcd_oled_bufferedC4ERNS_7i2c_busEjE13init_sequence
 *fill*         0x00003d75        0x3 
 .rodata        0x00003d78      0x800 main.o
 .rodata._ZN4rtos9task_baseD2Ev.str1.1
                0x00004578       0x17 main.o
                                 0x2b (size before relaxing)
 .rodata._ZN5hwlibL5blackE
                0x0000458f        0x4 main.o
 .rodata._ZN5hwlibL5whiteE
                0x00004593        0x4 main.o
 .rodata.main.str1.1
                0x00004597       0x32 main.o
                0x000045cc                . = ALIGN (0x4)
 *fill*         0x000045c9        0x3 
 *(.ARM.extab* .gnu.linkonce.armextab.*)
                0x000045cc                . = ALIGN (0x4)
 *(.gcc_except_table)
                0x000045cc                . = ALIGN (0x4)
 *(.eh_frame_hdr)
                0x000045cc                . = ALIGN (0x4)
 *(.eh_frame)
                0x000045cc                . = ALIGN (0x4)
                0x000045cc                __text_end = .
                [!provide]                PROVIDE (__text_end, __text_end)

.vfp11_veneer   0x000045cc        0x0
 .vfp11_veneer  0x000045cc        0x0 linker stubs

.v4_bx          0x000045cc        0x0
 .v4_bx         0x000045cc        0x0 linker stubs

.iplt           0x000045cc        0x0
 .iplt          0x000045cc        0x0 IRSendTask.o

.IF_YOU_SEE_THIS_YOU_HAVE_ONE_OR_MORE_GLOBAL_OBJECT_CONSTRUCTORS
 *(.init)
 *(.preinit_array)
 *(SORT(.init_array.*))
 *(.init_array)
                0x000045cc                . = ALIGN (0x4)
                0x000045cc                __exidx_start = .
                [!provide]                PROVIDE (__exidx_start, __exidx_start)

.ARM.exidx      0x000045cc        0x8
 *(.ARM.exidx* .gnu.linkonce.armexidx.*)
 .ARM.exidx     0x000045cc        0x8 c:/sysgcc/arm-eabi/bin/../lib/gcc/arm-eabi/6.2.0/thumb/cortex_m3\libgcc.a(_udivmoddi4.o)

.rel.dyn        0x000045d4        0x0
 .rel.iplt      0x000045d4        0x0 IRSendTask.o
                0x000045d4                . = ALIGN (0x4)
                0x000045d4                __exidx_end = .
                [!provide]                PROVIDE (__exidx_end, __exidx_end)

.bss            0x20000000    0x14050
                0x20000000                . = ALIGN (0x4)
                0x20000000                __stack_start = .
                [!provide]                PROVIDE (__stack_start, __stack_start)
                0x20000000                . = ALIGN (0x4)
 *(.bmptk_stack)
 .bmptk_stack   0x20000000    0x14000 bmptk_fixed_size_stack.o
                0x20000000                bmptk_stack
                0x20014000                . = ALIGN (0x8)
                0x20014000                __main_stack_end = .
                [!provide]                PROVIDE (__main_stack_end, __main_stack_end)
                0x20014000                . = ALIGN (0x4)
                0x20014000                __stack_end = .
                [!provide]                PROVIDE (__stack_end, __stack_end)
                0x20014000                . = ALIGN (0x4)
                0x20014000                __bss_start = .
                [!provide]                PROVIDE (__bss_start, __bss_start)
                0x20014000                . = ALIGN (0x4)
 *(.bss .bss.* .gnu.linkonce.b.*)
 .bss._ZZN3due9now_ticksEvE4high
                0x20014000        0x8 IRSendTask.o
 .bss._ZZN3due9now_ticksEvE8last_low
                0x20014008        0x4 IRSendTask.o
 .bss._ZZN3due9now_ticksEvE9init_done
                0x2001400c        0x1 IRSendTask.o
 .bss._ZZN3due9uart_initEvE9init_done
                0x2001400d        0x1 hwlib.o
 *fill*         0x2001400e        0x2 
 .bss._ZN17coroutine_context7main_spE
                0x20014010        0x4 coroutine.o
                0x20014010                _ZN17coroutine_context7main_spE
 .bss._ZN4rtos10must_clearE
                0x20014014        0x1 rtos.o
                0x20014014                _ZN4rtos10must_clearE
 *fill*         0x20014015        0x3 
 .bss._ZN4rtos17rtos_current_taskE
                0x20014018        0x4 rtos.o
                0x20014018                _ZN4rtos17rtos_current_taskE
 .bss._ZN4rtos17scheduler_runningE
                0x2001401c        0x1 rtos.o
                0x2001401c                _ZN4rtos17scheduler_runningE
 *fill*         0x2001401d        0x3 
 .bss._ZN4rtos5flagsE
                0x20014020        0x4 rtos.o
                0x20014020                _ZN4rtos5flagsE
 .bss._ZN4rtos5poolsE
                0x20014024        0x4 rtos.o
                0x20014024                _ZN4rtos5poolsE
 .bss._ZN4rtos6clocksE
                0x20014028        0x4 rtos.o
                0x20014028                _ZN4rtos6clocksE
 .bss._ZN4rtos6timersE
                0x2001402c        0x4 rtos.o
                0x2001402c                _ZN4rtos6timersE
 .bss._ZN4rtos7mutexesE
                0x20014030        0x4 rtos.o
                0x20014030                _ZN4rtos7mutexesE
 .bss._ZN4rtos8channelsE
                0x20014034        0x4 rtos.o
                0x20014034                _ZN4rtos8channelsE
 .bss._ZN4rtos8taskListE
                0x20014038        0x4 rtos.o
                0x20014038                _ZN4rtos8taskListE
 .bss._ZN4rtos9mailboxesE
                0x2001403c        0x4 rtos.o
                0x2001403c                _ZN4rtos9mailboxesE
 .bss._ZN4rtos9timerListE
                0x20014040        0x4 rtos.o
                0x20014040                _ZN4rtos9timerListE
 *fill*         0x20014044        0x4 
 .bss.last_run_time
                0x20014048        0x8 rtos.o
                0x20014048                last_run_time
                0x20014050                . = ALIGN (0x4)
 *(COMMON)
                0x20014050                . = ALIGN (0x4)
                0x20014050                __bss_end = .
                [!provide]                PROVIDE (__bss_end, __bss_end)

.data           0x20014050      0xc14 load address 0x000045d4
                0x20014050                . = ALIGN (0x4)
                0x000045d4                __data_init_start = LOADADDR (.data)
                [!provide]                PROVIDE (__data_init_start, __data_init_start)
                0x20014050                __data_start = .
                [!provide]                PROVIDE (__data_start, __data_start)
                0x20014050                . = ALIGN (0x4)
 *(.data .data.* .gnu.linkonce.d.*)
 .data._ZN6sam3xa15SystemCoreClockE
                0x20014050        0x4 IRSendTask.o
                0x20014050                _ZN6sam3xa15SystemCoreClockE
 .data._ZN3due7hw_uartE
                0x20014054        0x4 hwlib.o
                0x20014054                _ZN3due7hw_uartE
 .data._ZN5hwlib12pin_in_dummyE
                0x20014058        0x4 hwlib.o
                0x20014058                _ZN5hwlib12pin_in_dummyE
 .data._ZN5hwlib12pin_oc_dummyE
                0x2001405c        0x4 hwlib.o
                0x2001405c                _ZN5hwlib12pin_oc_dummyE
 .data._ZN5hwlib15font_16x16_dataE
                0x20014060      0xbe4 hwlib.o
                0x20014060                _ZN5hwlib15font_16x16_dataE
 .data._ZN5hwlib4coutE
                0x20014c44       0x14 hwlib.o
                0x20014c44                _ZN5hwlib4coutE
 .data._ZN17coroutine_context24current_coroutine_sp_ptrE
                0x20014c58        0x4 coroutine.o
                0x20014c58                _ZN17coroutine_context24current_coroutine_sp_ptrE
 .data._first_free
                0x20014c5c        0x4 bmptk_heap_bmptk.o
                0x20014c5c                _first_free
 .data._last_free
                0x20014c60        0x4 bmptk_heap_bmptk.o
                0x20014c60                _last_free
                0x20014c64                . = ALIGN (0x4)
                0x20014c64                __data_end = .
                [!provide]                PROVIDE (__data_end, __data_end)
                0x000045d4                __data_init_end = LOADADDR (.data)
                [!provide]                PROVIDE (__data_init_end, __data_init_end)
                0x00000c14                PROVIDE (__data_size, (__data_end - __data_start))
                0x00000c14                PROVIDE (__data_init_size, __data_size)
                [!provide]                PROVIDE (__data_init_end, (__data_init_start + __data_init_size))

.igot.plt       0x20014c64        0x0 load address 0x000051e8
 .igot.plt      0x20014c64        0x0 IRSendTask.o
                0x20014c64                . = ALIGN (0x4)
                0x20014c64                __heap_start = .
                [!provide]                PROVIDE (__heap_start, __heap_start)
                0x20014c64                . = ALIGN (0x4)
                0x20018000                __heap_end = __ram_end
                [!provide]                PROVIDE (__heap_end, __heap_end)

.stab
 *(.stab)

.stabstr
 *(.stabstr)

.debug
 *(.debug)

.line
 *(.line)

.debug_srcinfo
 *(.debug_srcinfo)

.debug_sfnames
 *(.debug_sfnames)

.debug_aranges  0x00000000       0xa0
 *(.debug_aranges)
 .debug_aranges
                0x00000000       0x20 c:/sysgcc/arm-eabi/bin/../lib/gcc/arm-eabi/6.2.0/thumb/cortex_m3\libgcc.a(_aeabi_ldivmod.o)
 .debug_aranges
                0x00000020       0x20 c:/sysgcc/arm-eabi/bin/../lib/gcc/arm-eabi/6.2.0/thumb/cortex_m3\libgcc.a(_aeabi_uldivmod.o)
 .debug_aranges
                0x00000040       0x20 c:/sysgcc/arm-eabi/bin/../lib/gcc/arm-eabi/6.2.0/thumb/cortex_m3\libgcc.a(_udivmoddi4.o)
 .debug_aranges
                0x00000060       0x20 c:/sysgcc/arm-eabi/bin/../lib/gcc/arm-eabi/6.2.0/thumb/cortex_m3\libgcc.a(_dvmd_tls.o)
 .debug_aranges
                0x00000080       0x20 c:/sysgcc/arm-eabi/bin/../lib/gcc/arm-eabi/6.2.0/../../../../arm-eabi/lib/thumb/cortex_m3\libc.a(lib_a-memcpy.o)

.debug_pubnames
 *(.debug_pubnames)

.debug_info     0x00000000      0xf9c
 *(.debug_info .gnu.linkonce.wi.*)
 .debug_info    0x00000000       0xd9 c:/sysgcc/arm-eabi/bin/../lib/gcc/arm-eabi/6.2.0/thumb/cortex_m3\libgcc.a(_aeabi_ldivmod.o)
 .debug_info    0x000000d9       0xd9 c:/sysgcc/arm-eabi/bin/../lib/gcc/arm-eabi/6.2.0/thumb/cortex_m3\libgcc.a(_aeabi_uldivmod.o)
 .debug_info    0x000001b2      0xc00 c:/sysgcc/arm-eabi/bin/../lib/gcc/arm-eabi/6.2.0/thumb/cortex_m3\libgcc.a(_udivmoddi4.o)
 .debug_info    0x00000db2       0xdd c:/sysgcc/arm-eabi/bin/../lib/gcc/arm-eabi/6.2.0/thumb/cortex_m3\libgcc.a(_dvmd_tls.o)
 .debug_info    0x00000e8f      0x10d c:/sysgcc/arm-eabi/bin/../lib/gcc/arm-eabi/6.2.0/../../../../arm-eabi/lib/thumb/cortex_m3\libc.a(lib_a-memcpy.o)

.debug_abbrev   0x00000000      0x1dc
 *(.debug_abbrev)
 .debug_abbrev  0x00000000       0x14 c:/sysgcc/arm-eabi/bin/../lib/gcc/arm-eabi/6.2.0/thumb/cortex_m3\libgcc.a(_aeabi_ldivmod.o)
 .debug_abbrev  0x00000014       0x14 c:/sysgcc/arm-eabi/bin/../lib/gcc/arm-eabi/6.2.0/thumb/cortex_m3\libgcc.a(_aeabi_uldivmod.o)
 .debug_abbrev  0x00000028      0x18c c:/sysgcc/arm-eabi/bin/../lib/gcc/arm-eabi/6.2.0/thumb/cortex_m3\libgcc.a(_udivmoddi4.o)
 .debug_abbrev  0x000001b4       0x14 c:/sysgcc/arm-eabi/bin/../lib/gcc/arm-eabi/6.2.0/thumb/cortex_m3\libgcc.a(_dvmd_tls.o)
 .debug_abbrev  0x000001c8       0x14 c:/sysgcc/arm-eabi/bin/../lib/gcc/arm-eabi/6.2.0/../../../../arm-eabi/lib/thumb/cortex_m3\libc.a(lib_a-memcpy.o)

.debug_line     0x00000000      0x472
 *(.debug_line)
 .debug_line    0x00000000       0x85 c:/sysgcc/arm-eabi/bin/../lib/gcc/arm-eabi/6.2.0/thumb/cortex_m3\libgcc.a(_aeabi_ldivmod.o)
 .debug_line    0x00000085       0x67 c:/sysgcc/arm-eabi/bin/../lib/gcc/arm-eabi/6.2.0/thumb/cortex_m3\libgcc.a(_aeabi_uldivmod.o)
 .debug_line    0x000000ec      0x24e c:/sysgcc/arm-eabi/bin/../lib/gcc/arm-eabi/6.2.0/thumb/cortex_m3\libgcc.a(_udivmoddi4.o)
 .debug_line    0x0000033a       0x67 c:/sysgcc/arm-eabi/bin/../lib/gcc/arm-eabi/6.2.0/thumb/cortex_m3\libgcc.a(_dvmd_tls.o)
 .debug_line    0x000003a1       0xd1 c:/sysgcc/arm-eabi/bin/../lib/gcc/arm-eabi/6.2.0/../../../../arm-eabi/lib/thumb/cortex_m3\libc.a(lib_a-memcpy.o)

.debug_frame    0x00000000       0xa4
 *(.debug_frame)
 .debug_frame   0x00000000       0x44 c:/sysgcc/arm-eabi/bin/../lib/gcc/arm-eabi/6.2.0/thumb/cortex_m3\libgcc.a(_aeabi_ldivmod.o)
 .debug_frame   0x00000044       0x2c c:/sysgcc/arm-eabi/bin/../lib/gcc/arm-eabi/6.2.0/thumb/cortex_m3\libgcc.a(_aeabi_uldivmod.o)
 .debug_frame   0x00000070       0x34 c:/sysgcc/arm-eabi/bin/../lib/gcc/arm-eabi/6.2.0/thumb/cortex_m3\libgcc.a(_udivmoddi4.o)

.debug_str      0x00000000      0xc14
 *(.debug_str)
 .debug_str     0x00000000      0xc14 c:/sysgcc/arm-eabi/bin/../lib/gcc/arm-eabi/6.2.0/thumb/cortex_m3\libgcc.a(_udivmoddi4.o)
                                0xc9d (size before relaxing)

.debug_loc      0x00000000      0xdb9
 *(.debug_loc)
 .debug_loc     0x00000000      0xdb9 c:/sysgcc/arm-eabi/bin/../lib/gcc/arm-eabi/6.2.0/thumb/cortex_m3\libgcc.a(_udivmoddi4.o)

.comment        0x00000000       0x11
 .comment       0x00000000       0x11 IRSendTask.o
                                 0x12 (size before relaxing)
 .comment       0x00000011       0x12 IR_LED.o
 .comment       0x00000011       0x12 OLED_Controller.o
 .comment       0x00000011       0x12 KeyPadTask_init.o
 .comment       0x00000011       0x12 Register_entity.o
 .comment       0x00000011       0x12 InitTask.o
 .comment       0x00000011       0x12 Keypad.o
 .comment       0x00000011       0x12 hwlib.o
 .comment       0x00000011       0x12 coroutine.o
 .comment       0x00000011       0x12 rtos.o
 .comment       0x00000011       0x12 main.o
 .comment       0x00000011       0x12 bmptk_cortex.o
 .comment       0x00000011       0x12 bmptk_heap_bmptk.o
 .comment       0x00000011       0x12 bmptk_fixed_size_stack.o
 .comment       0x00000011       0x12 c:/sysgcc/arm-eabi/bin/../lib/gcc/arm-eabi/6.2.0/thumb/cortex_m3\libgcc.a(_udivmoddi4.o)

.debug_macinfo
 *(.debug_macinfo)

.debug_weaknames
 *(.debug_weaknames)

.debug_funcnames
 *(.debug_funcnames)

.debug_typenames
 *(.debug_typenames)

.debug_varnames
 *(.debug_varnames)

.note.gnu.arm.ident
 *(.note.gnu.arm.ident)

.ARM.attributes
                0x00000000       0x31
 *(.ARM.attributes)
 .ARM.attributes
                0x00000000       0x33 IRSendTask.o
 .ARM.attributes
                0x00000033       0x33 IR_LED.o
 .ARM.attributes
                0x00000066       0x33 OLED_Controller.o
 .ARM.attributes
                0x00000099       0x33 KeyPadTask_init.o
 .ARM.attributes
                0x000000cc       0x33 Register_entity.o
 .ARM.attributes
                0x000000ff       0x33 InitTask.o
 .ARM.attributes
                0x00000132       0x33 Keypad.o
 .ARM.attributes
                0x00000165       0x33 hwlib.o
 .ARM.attributes
                0x00000198       0x21 switch_to.o
 .ARM.attributes
                0x000001b9       0x33 coroutine.o
 .ARM.attributes
                0x000001ec       0x33 rtos.o
 .ARM.attributes
                0x0000021f       0x33 main.o
 .ARM.attributes
                0x00000252       0x33 bmptk_cortex.o
 .ARM.attributes
                0x00000285       0x33 bmptk_heap_bmptk.o
 .ARM.attributes
                0x000002b8       0x33 bmptk_fixed_size_stack.o
 .ARM.attributes
                0x000002eb       0x23 c:/sysgcc/arm-eabi/bin/../lib/gcc/arm-eabi/6.2.0/thumb/cortex_m3\libgcc.a(_aeabi_ldivmod.o)
 .ARM.attributes
                0x0000030e       0x23 c:/sysgcc/arm-eabi/bin/../lib/gcc/arm-eabi/6.2.0/thumb/cortex_m3\libgcc.a(_aeabi_uldivmod.o)
 .ARM.attributes
                0x00000331       0x33 c:/sysgcc/arm-eabi/bin/../lib/gcc/arm-eabi/6.2.0/thumb/cortex_m3\libgcc.a(_udivmoddi4.o)
 .ARM.attributes
                0x00000364       0x23 c:/sysgcc/arm-eabi/bin/../lib/gcc/arm-eabi/6.2.0/thumb/cortex_m3\libgcc.a(_dvmd_tls.o)
 .ARM.attributes
                0x00000387       0x21 c:/sysgcc/arm-eabi/bin/../lib/gcc/arm-eabi/6.2.0/../../../../arm-eabi/lib/thumb/cortex_m3\libc.a(lib_a-memcpy.o)

/DISCARD/
 *(.note.GNU-stack)
                [!provide]                PROVIDE (__text_size, (__text_end - __text_start))
                [!provide]                PROVIDE (__exidx_size, (__exidx_end - __exidx_start))
                [!provide]                PROVIDE (__bss_size, (__bss_end - __bss_start))
                [!provide]                PROVIDE (__stack_size, (__stack_end - __stack_start))
                [!provide]                PROVIDE (__heap_size, (__heap_end - __heap_start))
OUTPUT(main.elf elf32-littlearm)

.debug_ranges   0x00000000       0xf0
 .debug_ranges  0x00000000       0xf0 c:/sysgcc/arm-eabi/bin/../lib/gcc/arm-eabi/6.2.0/thumb/cortex_m3\libgcc.a(_udivmoddi4.o)
